Archive member included to satisfy reference by file (symbol)

.\CortexM3\ARM_GCC_541\Debug\DVDAC_Example01.a(LCD.o)
                              .\CortexM3\ARM_GCC_541\Debug\main.o (LCD_WriteControl)
.\CortexM3\ARM_GCC_541\Debug\DVDAC_Example01.a(ADC_DelSig.o)
                              .\CortexM3\ARM_GCC_541\Debug\main.o (ADC_DelSig_Start)
.\CortexM3\ARM_GCC_541\Debug\DVDAC_Example01.a(ADC_DelSig_INT.o)
                              .\CortexM3\ARM_GCC_541\Debug\DVDAC_Example01.a(ADC_DelSig.o) (ADC_DelSig_ISR1)
.\CortexM3\ARM_GCC_541\Debug\DVDAC_Example01.a(VDAC8_1.o)
                              .\CortexM3\ARM_GCC_541\Debug\main.o (VDAC8_1_Start)
.\CortexM3\ARM_GCC_541\Debug\DVDAC_Example01.a(ADC_DelSig_AMux.o)
                              .\CortexM3\ARM_GCC_541\Debug\DVDAC_Example01.a(ADC_DelSig.o) (ADC_DelSig_AMux_Select)
.\CortexM3\ARM_GCC_541\Debug\DVDAC_Example01.a(ADC_DelSig_Ext_CP_Clk.o)
                              .\CortexM3\ARM_GCC_541\Debug\DVDAC_Example01.a(ADC_DelSig.o) (ADC_DelSig_Ext_CP_Clk_SetDividerRegister)
.\CortexM3\ARM_GCC_541\Debug\DVDAC_Example01.a(ADC_DelSig_theACLK.o)
                              .\CortexM3\ARM_GCC_541\Debug\DVDAC_Example01.a(ADC_DelSig.o) (ADC_DelSig_theACLK_SetDividerRegister)
.\CortexM3\ARM_GCC_541\Debug\DVDAC_Example01.a(CyLib.o)
                              .\CortexM3\ARM_GCC_541\Debug\Cm3Start.o (CyResetStatus)
.\CortexM3\ARM_GCC_541\Debug\DVDAC_Example01.a(cyPm.o)
                              .\CortexM3\ARM_GCC_541\Debug\DVDAC_Example01.a(CyLib.o) (CyPmReadStatus)
.\CortexM3\ARM_GCC_541\Debug\DVDAC_Example01.a(Timer_1.o)
                              .\CortexM3\ARM_GCC_541\Debug\main.o (Timer_1_Start)
.\CortexM3\ARM_GCC_541\Debug\DVDAC_Example01.a(audio_isr.o)
                              .\CortexM3\ARM_GCC_541\Debug\main.o (audio_isr_Start)
.\CortexM3\ARM_GCC_541\Debug\DVDAC_Example01.a(MUX_B.o)
                              .\CortexM3\ARM_GCC_541\Debug\photo_mux.o (MUX_B_Write)
.\CortexM3\ARM_GCC_541\Debug\DVDAC_Example01.a(MUX_C.o)
                              .\CortexM3\ARM_GCC_541\Debug\photo_mux.o (MUX_C_Write)
.\CortexM3\ARM_GCC_541\Debug\DVDAC_Example01.a(MUX_A.o)
                              .\CortexM3\ARM_GCC_541\Debug\photo_mux.o (MUX_A_Write)
.\CortexM3\ARM_GCC_541\Debug\DVDAC_Example01.a(MUX_D.o)
                              .\CortexM3\ARM_GCC_541\Debug\photo_mux.o (MUX_D_Write)
.\CortexM3\ARM_GCC_541\Debug\DVDAC_Example01.a(MUX_INHIBIT.o)
                              .\CortexM3\ARM_GCC_541\Debug\photo_mux.o (MUX_INHIBIT_Write)
.\CortexM3\ARM_GCC_541\Debug\DVDAC_Example01.a(Button1.o)
                              .\CortexM3\ARM_GCC_541\Debug\harmonica_control.o (Button1_Read)
.\CortexM3\ARM_GCC_541\Debug\DVDAC_Example01.a(Button2.o)
                              .\CortexM3\ARM_GCC_541\Debug\harmonica_control.o (Button2_Read)
.\CortexM3\ARM_GCC_541\Debug\DVDAC_Example01.a(Clock_1.o)
                              .\CortexM3\ARM_GCC_541\Debug\main.o (Clock_1_Start)
.\CortexM3\ARM_GCC_541\Debug\DVDAC_Example01.a(Timer_2.o)
                              .\CortexM3\ARM_GCC_541\Debug\main.o (Timer_2_Start)
.\CortexM3\ARM_GCC_541\Debug\DVDAC_Example01.a(Button3.o)
                              .\CortexM3\ARM_GCC_541\Debug\harmonica_control.o (Button3_Read)
.\CortexM3\ARM_GCC_541\Debug\DVDAC_Example01.a(Button4.o)
                              .\CortexM3\ARM_GCC_541\Debug\harmonica_control.o (Button4_Read)
.\CortexM3\ARM_GCC_541\Debug\DVDAC_Example01.a(ms_counter.o)
                              .\CortexM3\ARM_GCC_541\Debug\main.o (ms_counter_Start)
.\CortexM3\ARM_GCC_541\Debug\DVDAC_Example01.a(Clock_2.o)
                              .\CortexM3\ARM_GCC_541\Debug\main.o (Clock_2_Start)
.\CortexM3\ARM_GCC_541\Debug\DVDAC_Example01.a(Num_Notes_Selector_ADC.o)
                              .\CortexM3\ARM_GCC_541\Debug\main.o (Num_Notes_Selector_ADC_Start)
.\CortexM3\ARM_GCC_541\Debug\DVDAC_Example01.a(Num_Notes_Selector_ADC_INT.o)
                              .\CortexM3\ARM_GCC_541\Debug\DVDAC_Example01.a(Num_Notes_Selector_ADC.o) (Num_Notes_Selector_ADC_ISR)
.\CortexM3\ARM_GCC_541\Debug\DVDAC_Example01.a(Num_Notes_Selector_ADC_theACLK.o)
                              .\CortexM3\ARM_GCC_541\Debug\DVDAC_Example01.a(Num_Notes_Selector_ADC.o) (Num_Notes_Selector_ADC_theACLK_SetModeRegister)
.\CortexM3\ARM_GCC_541\Debug\DVDAC_Example01.a(Button5.o)
                              .\CortexM3\ARM_GCC_541\Debug\harmonica_control.o (Button5_Read)
.\CortexM3\ARM_GCC_541\Debug\DVDAC_Example01.a(OLED_CS.o)
                              .\CortexM3\ARM_GCC_541\Debug\oled_ssd1331.o (OLED_CS_Write)
.\CortexM3\ARM_GCC_541\Debug\DVDAC_Example01.a(OLED_DC.o)
                              .\CortexM3\ARM_GCC_541\Debug\oled_ssd1331.o (OLED_DC_Write)
.\CortexM3\ARM_GCC_541\Debug\DVDAC_Example01.a(SPI_OLED.o)
                              .\CortexM3\ARM_GCC_541\Debug\main.o (SPI_OLED_Start)
[...]
Memory Configuration

Name             Origin             Length             Attributes
rom              0x00000000         0x00040000         xr
ram              0x1fff8000         0x00010000         xrw
*default*        0x00000000         0xffffffff

Linker script and memory map

LOAD c:/program files (x86)/cypress/psoc creator/4.2/psoc creator/import/gnu/arm/5.4.1/bin/../lib/gcc/arm-none-eabi/5.4.1/armv7-m/crti.o
LOAD c:/program files (x86)/cypress/psoc creator/4.2/psoc creator/import/gnu/arm/5.4.1/bin/../lib/gcc/arm-none-eabi/5.4.1/armv7-m/crtbegin.o
LOAD c:/program files (x86)/cypress/psoc creator/4.2/psoc creator/import/gnu/arm/5.4.1/bin/../lib/gcc/arm-none-eabi/5.4.1/../../../../arm-none-eabi/lib/armv7-m/crt0.o
START GROUP
LOAD .\CortexM3\ARM_GCC_541\Debug\main.o
LOAD .\CortexM3\ARM_GCC_541\Debug\wav_tables.o
LOAD .\CortexM3\ARM_GCC_541\Debug\photo_mux.o
LOAD .\CortexM3\ARM_GCC_541\Debug\button.o
LOAD .\CortexM3\ARM_GCC_541\Debug\harmonica_control.o
LOAD .\CortexM3\ARM_GCC_541\Debug\oled_ssd1331.o
LOAD .\CortexM3\ARM_GCC_541\Debug\game.o
LOAD .\CortexM3\ARM_GCC_541\Debug\rngs.o
LOAD .\CortexM3\ARM_GCC_541\Debug\cyfitter_cfg.o
LOAD .\CortexM3\ARM_GCC_541\Debug\cymetadata.o
LOAD .\CortexM3\ARM_GCC_541\Debug\Cm3Start.o
LOAD .\CortexM3\ARM_GCC_541\Debug\DVDAC_Example01.a
LOAD C:\Program Files (x86)\Cypress\PSoC Creator\4.2\PSoC Creator\psoc\content\cycomponentlibrary\CyComponentLibrary.cylib\CortexM3\ARM_GCC_541\Debug\CyComponentLibrary.a
END GROUP
START GROUP
LOAD c:/program files (x86)/cypress/psoc creator/4.2/psoc creator/import/gnu/arm/5.4.1/bin/../lib/gcc/arm-none-eabi/5.4.1/armv7-m\libgcc.a
LOAD c:/program files (x86)/cypress/psoc creator/4.2/psoc creator/import/gnu/arm/5.4.1/bin/../lib/gcc/arm-none-eabi/5.4.1/../../../../arm-none-eabi/lib/armv7-m\libg_nano.a
LOAD c:/program files (x86)/cypress/psoc creator/4.2/psoc creator/import/gnu/arm/5.4.1/bin/../lib/gcc/arm-none-eabi/5.4.1/../../../../arm-none-eabi/lib/armv7-m\libc_nano.a
END GROUP
START GROUP
LOAD c:/program files (x86)/cypress/psoc creator/4.2/psoc creator/import/gnu/arm/5.4.1/bin/../lib/gcc/arm-none-eabi/5.4.1/armv7-m\libgcc.a
LOAD c:/program files (x86)/cypress/psoc creator/4.2/psoc creator/import/gnu/arm/5.4.1/bin/../lib/gcc/arm-none-eabi/5.4.1/../../../../arm-none-eabi/lib/armv7-m\libc_nano.a
END GROUP
LOAD c:/program files (x86)/cypress/psoc creator/4.2/psoc creator/import/gnu/arm/5.4.1/bin/../lib/gcc/arm-none-eabi/5.4.1/armv7-m/crtend.o
LOAD c:/program files (x86)/cypress/psoc creator/4.2/psoc creator/import/gnu/arm/5.4.1/bin/../lib/gcc/arm-none-eabi/5.4.1/armv7-m/crtn.o
START GROUP
LOAD c:/program files (x86)/cypress/psoc creator/4.2/psoc creator/import/gnu/arm/5.4.1/bin/../lib/gcc/arm-none-eabi/5.4.1/armv7-m\libgcc.a
LOAD c:/program files (x86)/cypress/psoc creator/4.2/psoc creator/import/gnu/arm/5.4.1/bin/../lib/gcc/arm-none-eabi/5.4.1/../../../../arm-none-eabi/lib/armv7-m\libc.a
LOAD c:/program files (x86)/cypress/psoc creator/4.2/psoc creator/import/gnu/arm/5.4.1/bin/../lib/gcc/arm-none-eabi/5.4.1/../../../../arm-none-eabi/lib/armv7-m\libnosys.a
END GROUP
                0x00000000                CY_APPL_ORIGIN = 0x0
                0x00000100                CY_FLASH_ROW_SIZE = 0x100
                0x00000020                CY_ECC_ROW_SIZE = 0x20
                0x00000000                CY_EE_IN_BTLDR = 0x0
                0x00000000                CY_APPL_LOADABLE = 0x0
                0x00000800                CY_EE_SIZE = 0x800
                0x00000001                CY_APPL_NUM = 0x1
                0x00000001                CY_APPL_MAX = 0x1
                0x00000040                CY_METADATA_SIZE = 0x40
                0x00000000                CY_APPL_LOADABLE = 0x0
                0x00000000                CY_CHECKSUM_EXCLUDE_SIZE = ALIGN (0x0, CY_FLASH_ROW_SIZE)
                [!provide]                PROVIDE (__cy_heap_start, _end)
                0x00000001                PROVIDE (__cy_region_num, ((__cy_regions_end - __cy_regions) / 0x10))
                0x20008000                PROVIDE (__cy_stack, (ORIGIN (ram) + LENGTH (ram)))
                [!provide]                PROVIDE (__cy_heap_end, (__cy_stack - 0x800))

.cybootloader   0x00000000        0x0
 *(.cybootloader)
                0x00000000                appl1_start = CY_APPL_ORIGIN?CY_APPL_ORIGIN:ALIGN (CY_FLASH_ROW_SIZE)
                0x0001ff00                appl2_start = (appl1_start + ALIGN ((((LENGTH (rom) - appl1_start) - (0x2 * CY_FLASH_ROW_SIZE)) / 0x2), CY_FLASH_ROW_SIZE))
                0x00000000                appl_start = (CY_APPL_NUM == 0x1)?appl1_start:appl2_start
                0x00000000                ecc_offset = ((appl_start / CY_FLASH_ROW_SIZE) * CY_ECC_ROW_SIZE)
                0x00000000                ee_offset = (CY_APPL_LOADABLE && ! (CY_EE_IN_BTLDR))?((CY_EE_SIZE / CY_APPL_MAX) * (CY_APPL_NUM - 0x1)):0x0
                0x00000800                ee_size = (CY_APPL_LOADABLE && ! (CY_EE_IN_BTLDR))?(CY_EE_SIZE / CY_APPL_MAX):CY_EE_SIZE
                [!provide]                PROVIDE (CY_ECC_OFFSET, ecc_offset)

.text           0x00000000     0x75ac
 CREATE_OBJECT_SYMBOLS
                0x00000000                PROVIDE (__cy_interrupt_vector, RomVectors)
 *(.romvectors)
 .romvectors    0x00000000       0x10 .\CortexM3\ARM_GCC_541\Debug\Cm3Start.o
                0x00000000                RomVectors
                0x00000001                ASSERT ((. != __cy_interrupt_vector), No interrupt vector)
                0x00000001                ASSERT (CY_APPL_ORIGIN?(SIZEOF (.cybootloader) <= CY_APPL_ORIGIN):0x1, Wrong image location)
                0x00000010                PROVIDE (__cy_reset, Reset)
 *(.text.Reset)
 .text.Reset    0x00000010       0x18 .\CortexM3\ARM_GCC_541\Debug\Cm3Start.o
                0x00000010                Reset
                0x00000001                ASSERT ((. != __cy_reset), No reset code)
 *(.dma_init)
                0x00000001                ASSERT ((((appl_start + .) <= 0x10000) || 0x1), DMA Init must be within the first 64k of flash)
 *(.text .text.* .gnu.linkonce.t.*)
 .text          0x00000028       0x5c c:/program files (x86)/cypress/psoc creator/4.2/psoc creator/import/gnu/arm/5.4.1/bin/../lib/gcc/arm-none-eabi/5.4.1/armv7-m/crtbegin.o
 .text.main     0x00000084      0x168 .\CortexM3\ARM_GCC_541\Debug\main.o
                0x00000084                main
 .text.get_wav_val_and_inc
                0x000001ec       0x48 .\CortexM3\ARM_GCC_541\Debug\wav_tables.o
                0x000001ec                get_wav_val_and_inc
 .text.reset_wav_tables_counter
                0x00000234       0x40 .\CortexM3\ARM_GCC_541\Debug\wav_tables.o
                0x00000234                reset_wav_tables_counter
 .text.photo_read_mux
                0x00000274       0x3c .\CortexM3\ARM_GCC_541\Debug\photo_mux.o
                0x00000274                photo_read_mux
 .text.photo_enable_mux
                0x000002b0       0x6c .\CortexM3\ARM_GCC_541\Debug\photo_mux.o
                0x000002b0                photo_enable_mux
 .text.inhibit_output
                0x0000031c       0x28 .\CortexM3\ARM_GCC_541\Debug\photo_mux.o
                0x0000031c                inhibit_output
 .text.read_mux
                0x00000344       0x3c .\CortexM3\ARM_GCC_541\Debug\photo_mux.o
                0x00000344                read_mux
 .text.init_button
                0x00000380       0x30 .\CortexM3\ARM_GCC_541\Debug\button.o
                0x00000380                init_button
 .text.poll_button
                0x000003b0       0x74 .\CortexM3\ARM_GCC_541\Debug\button.o
                0x000003b0                poll_button
 .text.init_harmonica_control
                0x00000424       0x30 .\CortexM3\ARM_GCC_541\Debug\harmonica_control.o
                0x00000424                init_harmonica_control
 .text.init_harmonica
                0x00000454       0x68 .\CortexM3\ARM_GCC_541\Debug\harmonica_control.o
                0x00000454                init_harmonica
 .text.reset_playback_notes
                0x000004bc       0xa0 .\CortexM3\ARM_GCC_541\Debug\harmonica_control.o
                0x000004bc                reset_playback_notes
 .text.reset_echo_data
                0x0000055c       0x84 .\CortexM3\ARM_GCC_541\Debug\harmonica_control.o
                0x0000055c                reset_echo_data
 .text.set_note_mode
                0x000005e0       0x60 .\CortexM3\ARM_GCC_541\Debug\harmonica_control.o
                0x000005e0                set_note_mode
 .text.set_output_mode
                0x00000640       0xb4 .\CortexM3\ARM_GCC_541\Debug\harmonica_control.o
                0x00000640                set_output_mode
 .text.channel_to_hole
                0x000006f4       0x88 .\CortexM3\ARM_GCC_541\Debug\harmonica_control.o
                0x000006f4                channel_to_hole
 .text.set_active_hole
                0x0000077c       0x7c .\CortexM3\ARM_GCC_541\Debug\harmonica_control.o
                0x0000077c                set_active_hole
 .text.make_harmonica_copy
                0x000007f8       0x70 .\CortexM3\ARM_GCC_541\Debug\harmonica_control.o
                0x000007f8                make_harmonica_copy
 .text.check_recent_change
                0x00000868       0xa4 .\CortexM3\ARM_GCC_541\Debug\harmonica_control.o
                0x00000868                check_recent_change
 .text.set_number_of_notes
                0x0000090c       0x50 .\CortexM3\ARM_GCC_541\Debug\harmonica_control.o
                0x0000090c                set_number_of_notes
 .text.set_active_notes
                0x0000095c       0xf0 .\CortexM3\ARM_GCC_541\Debug\harmonica_control.o
                0x0000095c                set_active_notes
 .text.get_note_from_hole
                0x00000a4c       0xe8 .\CortexM3\ARM_GCC_541\Debug\harmonica_control.o
                0x00000a4c                get_note_from_hole
 .text.clear_active_notes
                0x00000b34       0x30 .\CortexM3\ARM_GCC_541\Debug\harmonica_control.o
                0x00000b34                clear_active_notes
 .text.harmonica_tick
                0x00000b64       0x80 .\CortexM3\ARM_GCC_541\Debug\harmonica_control.o
                0x00000b64                harmonica_tick
 .text.process_effects
                0x00000be4      0x1a0 .\CortexM3\ARM_GCC_541\Debug\harmonica_control.o
                0x00000be4                process_effects
 .text.copy_notes
                0x00000d84       0x3c .\CortexM3\ARM_GCC_541\Debug\harmonica_control.o
                0x00000d84                copy_notes
 .text.get_sound_output
                0x00000dc0      0x15c .\CortexM3\ARM_GCC_541\Debug\harmonica_control.o
                0x00000dc0                get_sound_output
 .text.get_recording_output
                0x00000f1c       0xf8 .\CortexM3\ARM_GCC_541\Debug\harmonica_control.o
                0x00000f1c                get_recording_output
 .text.get_notes_val
                0x00001014      0x1dc .\CortexM3\ARM_GCC_541\Debug\harmonica_control.o
                0x00001014                get_notes_val
 .text.is_silent
                0x000011f0       0x38 .\CortexM3\ARM_GCC_541\Debug\harmonica_control.o
                0x000011f0                is_silent
 .text.get_raw_dac_output
                0x00001228       0x38 .\CortexM3\ARM_GCC_541\Debug\harmonica_control.o
                0x00001228                get_raw_dac_output
 .text.send_cmd
                0x00001260       0x3c .\CortexM3\ARM_GCC_541\Debug\oled_ssd1331.o
                0x00001260                send_cmd
 .text.init_oled
                0x0000129c      0x11c .\CortexM3\ARM_GCC_541\Debug\oled_ssd1331.o
                0x0000129c                init_oled
 .text.draw_line
                0x000013b8       0xb0 .\CortexM3\ARM_GCC_541\Debug\oled_ssd1331.o
                0x000013b8                draw_line
 .text.draw_rect
                0x00001468       0xf4 .\CortexM3\ARM_GCC_541\Debug\oled_ssd1331.o
                0x00001468                draw_rect
 .text.clear_whole_display
                0x0000155c       0x28 .\CortexM3\ARM_GCC_541\Debug\oled_ssd1331.o
                0x0000155c                clear_whole_display
 .text.game_init
                0x00001584       0xa0 .\CortexM3\ARM_GCC_541\Debug\game.o
                0x00001584                game_init
 .text.get_x    0x00001624       0x30 .\CortexM3\ARM_GCC_541\Debug\game.o
                0x00001624                get_x
 .text.game_tick
                0x00001654       0x78 .\CortexM3\ARM_GCC_541\Debug\game.o
                0x00001654                game_tick
 .text.draw_note_lines
                0x000016cc       0x44 .\CortexM3\ARM_GCC_541\Debug\game.o
                0x000016cc                draw_note_lines
 .text.draw_play_line
                0x00001710       0x28 .\CortexM3\ARM_GCC_541\Debug\game.o
                0x00001710                draw_play_line
 .text.draw_note_group
                0x00001738       0xf8 .\CortexM3\ARM_GCC_541\Debug\game.o
                0x00001738                draw_note_group
 .text.handle_move_note_groups
                0x00001830       0x70 .\CortexM3\ARM_GCC_541\Debug\game.o
                0x00001830                handle_move_note_groups
 .text.get_body_color
                0x000018a0       0x24 .\CortexM3\ARM_GCC_541\Debug\game.o
                0x000018a0                get_body_color
 .text.is_playing
                0x000018c4       0x54 .\CortexM3\ARM_GCC_541\Debug\game.o
                0x000018c4                is_playing
 .text.generate_random_note_group
                0x00001918       0xe8 .\CortexM3\ARM_GCC_541\Debug\game.o
                0x00001918                generate_random_note_group
 .text.write_note_group_holes
                0x00001a00       0x70 .\CortexM3\ARM_GCC_541\Debug\game.o
                0x00001a00                write_note_group_holes
 .text.handle_note_group_spawn
                0x00001a70       0x94 .\CortexM3\ARM_GCC_541\Debug\game.o
                0x00001a70                handle_note_group_spawn
 .text.draw_all_note_groups
                0x00001b04       0x40 .\CortexM3\ARM_GCC_541\Debug\game.o
                0x00001b04                draw_all_note_groups
 .text.CYMEMZERO
                0x00001b44       0x1c .\CortexM3\ARM_GCC_541\Debug\cyfitter_cfg.o
 .text.CYCONFIGCPY
                0x00001b60       0x20 .\CortexM3\ARM_GCC_541\Debug\cyfitter_cfg.o
 .text.CyClockStartupError
                0x00001b80        0xc .\CortexM3\ARM_GCC_541\Debug\cyfitter_cfg.o
 .text.cfg_write_bytes32
                0x00001b8c       0x74 .\CortexM3\ARM_GCC_541\Debug\cyfitter_cfg.o
 .text.ClockSetup
                0x00001c00      0x19c .\CortexM3\ARM_GCC_541\Debug\cyfitter_cfg.o
 .text.AnalogSetDefault
                0x00001d9c       0xe4 .\CortexM3\ARM_GCC_541\Debug\cyfitter_cfg.o
 .text.ADC_DelSig_AMux_Set
                0x00001e80       0x40 .\CortexM3\ARM_GCC_541\Debug\cyfitter_cfg.o
                0x00001e80                ADC_DelSig_AMux_Set
 .text.ADC_DelSig_AMux_Unset
                0x00001ec0       0x44 .\CortexM3\ARM_GCC_541\Debug\cyfitter_cfg.o
                0x00001ec0                ADC_DelSig_AMux_Unset
 .text.cyfitter_cfg
                0x00001f04      0x1c8 .\CortexM3\ARM_GCC_541\Debug\cyfitter_cfg.o
                0x00001f04                cyfitter_cfg
 .text.IntDefaultHandler
                0x000020cc        0x8 .\CortexM3\ARM_GCC_541\Debug\Cm3Start.o
                0x000020cc                IntDefaultHandler
 .text._sbrk    0x000020d4       0x54 .\CortexM3\ARM_GCC_541\Debug\Cm3Start.o
                0x000020d4                _sbrk
 .text.Start_c  0x00002128       0x98 .\CortexM3\ARM_GCC_541\Debug\Cm3Start.o
                0x00002128                Start_c
 .text.initialize_psoc
                0x000021c0       0x90 .\CortexM3\ARM_GCC_541\Debug\Cm3Start.o
                0x000021c0                initialize_psoc
 .text.LCD_Init
                0x00002250       0x70 .\CortexM3\ARM_GCC_541\Debug\DVDAC_Example01.a(LCD.o)
                0x00002250                LCD_Init
 .text.LCD_Enable
                0x000022c0       0x18 .\CortexM3\ARM_GCC_541\Debug\DVDAC_Example01.a(LCD.o)
                0x000022c0                LCD_Enable
 .text.LCD_Start
                0x000022d8       0x24 .\CortexM3\ARM_GCC_541\Debug\DVDAC_Example01.a(LCD.o)
                0x000022d8                LCD_Start
 .text.LCD_Position
                0x000022fc       0x70 .\CortexM3\ARM_GCC_541\Debug\DVDAC_Example01.a(LCD.o)
                0x000022fc                LCD_Position
 .text.LCD_PrintString
                0x0000236c       0x3c .\CortexM3\ARM_GCC_541\Debug\DVDAC_Example01.a(LCD.o)
                0x0000236c                LCD_PrintString
 .text.LCD_WriteData
                0x000023a8       0x34 .\CortexM3\ARM_GCC_541\Debug\DVDAC_Example01.a(LCD.o)
                0x000023a8                LCD_WriteData
 .text.LCD_WriteControl
                0x000023dc       0x34 .\CortexM3\ARM_GCC_541\Debug\DVDAC_Example01.a(LCD.o)
                0x000023dc                LCD_WriteControl
 .text.LCD_IsReady
                0x00002410      0x178 .\CortexM3\ARM_GCC_541\Debug\DVDAC_Example01.a(LCD.o)
                0x00002410                LCD_IsReady
 .text.LCD_WrDatNib
                0x00002588       0x78 .\CortexM3\ARM_GCC_541\Debug\DVDAC_Example01.a(LCD.o)
 .text.LCD_WrCntrlNib
                0x00002600       0x64 .\CortexM3\ARM_GCC_541\Debug\DVDAC_Example01.a(LCD.o)
 .text.ADC_DelSig_Init
                0x00002664      0x11c .\CortexM3\ARM_GCC_541\Debug\DVDAC_Example01.a(ADC_DelSig.o)
                0x00002664                ADC_DelSig_Init
 .text.ADC_DelSig_Enable
                0x00002780      0x158 .\CortexM3\ARM_GCC_541\Debug\DVDAC_Example01.a(ADC_DelSig.o)
                0x00002780                ADC_DelSig_Enable
 .text.ADC_DelSig_Start
                0x000028d8       0x30 .\CortexM3\ARM_GCC_541\Debug\DVDAC_Example01.a(ADC_DelSig.o)
                0x000028d8                ADC_DelSig_Start
 .text.ADC_DelSig_StartConvert
                0x00002908       0x20 .\CortexM3\ARM_GCC_541\Debug\DVDAC_Example01.a(ADC_DelSig.o)
                0x00002908                ADC_DelSig_StartConvert
 .text.ADC_DelSig_StopConvert
                0x00002928       0x20 .\CortexM3\ARM_GCC_541\Debug\DVDAC_Example01.a(ADC_DelSig.o)
                0x00002928                ADC_DelSig_StopConvert
 .text.ADC_DelSig_IsEndConversion
                0x00002948       0x4c .\CortexM3\ARM_GCC_541\Debug\DVDAC_Example01.a(ADC_DelSig.o)
                0x00002948                ADC_DelSig_IsEndConversion
 .text.ADC_DelSig_GetResult16
                0x00002994       0x7c .\CortexM3\ARM_GCC_541\Debug\DVDAC_Example01.a(ADC_DelSig.o)
                0x00002994                ADC_DelSig_GetResult16
 .text.ADC_DelSig_InitConfig
                0x00002a10      0x164 .\CortexM3\ARM_GCC_541\Debug\DVDAC_Example01.a(ADC_DelSig.o)
 .text.ADC_DelSig_GainCompensation
                0x00002b74      0x170 .\CortexM3\ARM_GCC_541\Debug\DVDAC_Example01.a(ADC_DelSig.o)
 .text.ADC_DelSig_SetDSMRef0Reg
                0x00002ce4       0x7c .\CortexM3\ARM_GCC_541\Debug\DVDAC_Example01.a(ADC_DelSig.o)
 .text.ADC_DelSig_ISR1
                0x00002d60        0xc .\CortexM3\ARM_GCC_541\Debug\DVDAC_Example01.a(ADC_DelSig_INT.o)
                0x00002d60                ADC_DelSig_ISR1
 .text.VDAC8_1_Init
                0x00002d6c       0x28 .\CortexM3\ARM_GCC_541\Debug\DVDAC_Example01.a(VDAC8_1.o)
                0x00002d6c                VDAC8_1_Init
 .text.VDAC8_1_Enable
                0x00002d94       0x34 .\CortexM3\ARM_GCC_541\Debug\DVDAC_Example01.a(VDAC8_1.o)
                0x00002d94                VDAC8_1_Enable
 .text.VDAC8_1_Start
                0x00002dc8       0x28 .\CortexM3\ARM_GCC_541\Debug\DVDAC_Example01.a(VDAC8_1.o)
                0x00002dc8                VDAC8_1_Start
 .text.VDAC8_1_SetSpeed
                0x00002df0       0x40 .\CortexM3\ARM_GCC_541\Debug\DVDAC_Example01.a(VDAC8_1.o)
                0x00002df0                VDAC8_1_SetSpeed
 .text.VDAC8_1_SetRange
                0x00002e30       0x40 .\CortexM3\ARM_GCC_541\Debug\DVDAC_Example01.a(VDAC8_1.o)
                0x00002e30                VDAC8_1_SetRange
 .text.VDAC8_1_SetValue
                0x00002e70       0x20 .\CortexM3\ARM_GCC_541\Debug\DVDAC_Example01.a(VDAC8_1.o)
                0x00002e70                VDAC8_1_SetValue
 .text.VDAC8_1_DacTrim
                0x00002e90       0x3c .\CortexM3\ARM_GCC_541\Debug\DVDAC_Example01.a(VDAC8_1.o)
                0x00002e90                VDAC8_1_DacTrim
 .text.ADC_DelSig_AMux_Start
                0x00002ecc       0x34 .\CortexM3\ARM_GCC_541\Debug\DVDAC_Example01.a(ADC_DelSig_AMux.o)
                0x00002ecc                ADC_DelSig_AMux_Start
 .text.ADC_DelSig_AMux_Select
                0x00002f00       0x28 .\CortexM3\ARM_GCC_541\Debug\DVDAC_Example01.a(ADC_DelSig_AMux.o)
                0x00002f00                ADC_DelSig_AMux_Select
 .text.ADC_DelSig_Ext_CP_Clk_SetDividerRegister
                0x00002f28      0x164 .\CortexM3\ARM_GCC_541\Debug\DVDAC_Example01.a(ADC_DelSig_Ext_CP_Clk.o)
                0x00002f28                ADC_DelSig_Ext_CP_Clk_SetDividerRegister
 .text.ADC_DelSig_Ext_CP_Clk_GetDividerRegister
                0x0000308c       0x18 .\CortexM3\ARM_GCC_541\Debug\DVDAC_Example01.a(ADC_DelSig_Ext_CP_Clk.o)
                0x0000308c                ADC_DelSig_Ext_CP_Clk_GetDividerRegister
 .text.ADC_DelSig_Ext_CP_Clk_SetModeRegister
                0x000030a4       0x34 .\CortexM3\ARM_GCC_541\Debug\DVDAC_Example01.a(ADC_DelSig_Ext_CP_Clk.o)
                0x000030a4                ADC_DelSig_Ext_CP_Clk_SetModeRegister
 .text.ADC_DelSig_Ext_CP_Clk_GetSourceRegister
                0x000030d8       0x1c .\CortexM3\ARM_GCC_541\Debug\DVDAC_Example01.a(ADC_DelSig_Ext_CP_Clk.o)
                0x000030d8                ADC_DelSig_Ext_CP_Clk_GetSourceRegister
 .text.ADC_DelSig_theACLK_SetDividerRegister
                0x000030f4      0x164 .\CortexM3\ARM_GCC_541\Debug\DVDAC_Example01.a(ADC_DelSig_theACLK.o)
                0x000030f4                ADC_DelSig_theACLK_SetDividerRegister
 .text.ADC_DelSig_theACLK_GetDividerRegister
                0x00003258       0x18 .\CortexM3\ARM_GCC_541\Debug\DVDAC_Example01.a(ADC_DelSig_theACLK.o)
                0x00003258                ADC_DelSig_theACLK_GetDividerRegister
 .text.ADC_DelSig_theACLK_SetModeRegister
                0x00003270       0x34 .\CortexM3\ARM_GCC_541\Debug\DVDAC_Example01.a(ADC_DelSig_theACLK.o)
                0x00003270                ADC_DelSig_theACLK_SetModeRegister
 .text.ADC_DelSig_theACLK_GetSourceRegister
                0x000032a4       0x1c .\CortexM3\ARM_GCC_541\Debug\DVDAC_Example01.a(ADC_DelSig_theACLK.o)
                0x000032a4                ADC_DelSig_theACLK_GetSourceRegister
 .text.CyHalt   0x000032c0       0x18 .\CortexM3\ARM_GCC_541\Debug\DVDAC_Example01.a(CyLib.o)
                0x000032c0                CyHalt
 .text.CyDelay  0x000032d8       0x44 .\CortexM3\ARM_GCC_541\Debug\DVDAC_Example01.a(CyLib.o)
                0x000032d8                CyDelay
 .text.CyDelayUs
                0x0000331c       0x28 .\CortexM3\ARM_GCC_541\Debug\DVDAC_Example01.a(CyLib.o)
                0x0000331c                CyDelayUs
 .text.CyIntSetSysVector
                0x00003344       0x4c .\CortexM3\ARM_GCC_541\Debug\DVDAC_Example01.a(CyLib.o)
                0x00003344                CyIntSetSysVector
 .text.CyIntSetVector
                0x00003390       0x50 .\CortexM3\ARM_GCC_541\Debug\DVDAC_Example01.a(CyLib.o)
                0x00003390                CyIntSetVector
 .text.CyIntSetPriority
                0x000033e0       0x48 .\CortexM3\ARM_GCC_541\Debug\DVDAC_Example01.a(CyLib.o)
                0x000033e0                CyIntSetPriority
 .text.CySysTickStart
                0x00003428       0x24 .\CortexM3\ARM_GCC_541\Debug\DVDAC_Example01.a(CyLib.o)
                0x00003428                CySysTickStart
 .text.CySysTickInit
                0x0000344c       0x6c .\CortexM3\ARM_GCC_541\Debug\DVDAC_Example01.a(CyLib.o)
                0x0000344c                CySysTickInit
 .text.CySysTickEnable
                0x000034b8       0x1c .\CortexM3\ARM_GCC_541\Debug\DVDAC_Example01.a(CyLib.o)
                0x000034b8                CySysTickEnable
 .text.CySysTickEnableInterrupt
                0x000034d4       0x1c .\CortexM3\ARM_GCC_541\Debug\DVDAC_Example01.a(CyLib.o)
                0x000034d4                CySysTickEnableInterrupt
 .text.CySysTickSetReload
                0x000034f0       0x20 .\CortexM3\ARM_GCC_541\Debug\DVDAC_Example01.a(CyLib.o)
                0x000034f0                CySysTickSetReload
 .text.CySysTickGetValue
                0x00003510       0x18 .\CortexM3\ARM_GCC_541\Debug\DVDAC_Example01.a(CyLib.o)
                0x00003510                CySysTickGetValue
 .text.CySysTickSetClockSource
                0x00003528       0x38 .\CortexM3\ARM_GCC_541\Debug\DVDAC_Example01.a(CyLib.o)
                0x00003528                CySysTickSetClockSource
 .text.CySysTickGetCountFlag
                0x00003560       0x1c .\CortexM3\ARM_GCC_541\Debug\DVDAC_Example01.a(CyLib.o)
                0x00003560                CySysTickGetCountFlag
 .text.CySysTickClear
                0x0000357c       0x18 .\CortexM3\ARM_GCC_541\Debug\DVDAC_Example01.a(CyLib.o)
                0x0000357c                CySysTickClear
 .text.CySysTickServiceCallbacks
                0x00003594       0x44 .\CortexM3\ARM_GCC_541\Debug\DVDAC_Example01.a(CyLib.o)
 .text.Timer_1_Init
                0x000035d8       0x4c .\CortexM3\ARM_GCC_541\Debug\DVDAC_Example01.a(Timer_1.o)
                0x000035d8                Timer_1_Init
 .text.Timer_1_Enable
                0x00003624       0x20 .\CortexM3\ARM_GCC_541\Debug\DVDAC_Example01.a(Timer_1.o)
                0x00003624                Timer_1_Enable
 .text.Timer_1_Start
                0x00003644       0x24 .\CortexM3\ARM_GCC_541\Debug\DVDAC_Example01.a(Timer_1.o)
                0x00003644                Timer_1_Start
 .text.Timer_1_SetInterruptMode
                0x00003668       0x20 .\CortexM3\ARM_GCC_541\Debug\DVDAC_Example01.a(Timer_1.o)
                0x00003668                Timer_1_SetInterruptMode
 .text.Timer_1_ReadStatusRegister
                0x00003688       0x18 .\CortexM3\ARM_GCC_541\Debug\DVDAC_Example01.a(Timer_1.o)
                0x00003688                Timer_1_ReadStatusRegister
 .text.Timer_1_WritePeriod
                0x000036a0       0x20 .\CortexM3\ARM_GCC_541\Debug\DVDAC_Example01.a(Timer_1.o)
                0x000036a0                Timer_1_WritePeriod
 .text.Timer_1_ReadCapture
                0x000036c0       0x18 .\CortexM3\ARM_GCC_541\Debug\DVDAC_Example01.a(Timer_1.o)
                0x000036c0                Timer_1_ReadCapture
 .text.Timer_1_WriteCounter
                0x000036d8       0x20 .\CortexM3\ARM_GCC_541\Debug\DVDAC_Example01.a(Timer_1.o)
                0x000036d8                Timer_1_WriteCounter
 .text.Timer_1_ClearFIFO
                0x000036f8       0x1c .\CortexM3\ARM_GCC_541\Debug\DVDAC_Example01.a(Timer_1.o)
                0x000036f8                Timer_1_ClearFIFO
 .text.audio_isr_Start
                0x00003714       0x20 .\CortexM3\ARM_GCC_541\Debug\DVDAC_Example01.a(audio_isr.o)
                0x00003714                audio_isr_Start
 .text.audio_isr_Interrupt
                0x00003734       0x48 .\CortexM3\ARM_GCC_541\Debug\DVDAC_Example01.a(audio_isr.o)
                0x00003734                audio_isr_Interrupt
 .text.audio_isr_SetVector
                0x0000377c       0x24 .\CortexM3\ARM_GCC_541\Debug\DVDAC_Example01.a(audio_isr.o)
                0x0000377c                audio_isr_SetVector
 .text.audio_isr_SetPriority
                0x000037a0       0x24 .\CortexM3\ARM_GCC_541\Debug\DVDAC_Example01.a(audio_isr.o)
                0x000037a0                audio_isr_SetPriority
 .text.audio_isr_Enable
                0x000037c4       0x18 .\CortexM3\ARM_GCC_541\Debug\DVDAC_Example01.a(audio_isr.o)
                0x000037c4                audio_isr_Enable
 .text.audio_isr_Disable
                0x000037dc       0x18 .\CortexM3\ARM_GCC_541\Debug\DVDAC_Example01.a(audio_isr.o)
                0x000037dc                audio_isr_Disable
 .text.MUX_B_Write
                0x000037f4       0x3c .\CortexM3\ARM_GCC_541\Debug\DVDAC_Example01.a(MUX_B.o)
                0x000037f4                MUX_B_Write
 .text.MUX_C_Write
                0x00003830       0x3c .\CortexM3\ARM_GCC_541\Debug\DVDAC_Example01.a(MUX_C.o)
                0x00003830                MUX_C_Write
 .text.MUX_A_Write
                0x0000386c       0x38 .\CortexM3\ARM_GCC_541\Debug\DVDAC_Example01.a(MUX_A.o)
                0x0000386c                MUX_A_Write
 .text.MUX_D_Write
                0x000038a4       0x3c .\CortexM3\ARM_GCC_541\Debug\DVDAC_Example01.a(MUX_D.o)
                0x000038a4                MUX_D_Write
 .text.MUX_INHIBIT_Write
                0x000038e0       0x3c .\CortexM3\ARM_GCC_541\Debug\DVDAC_Example01.a(MUX_INHIBIT.o)
                0x000038e0                MUX_INHIBIT_Write
 .text.Button1_Read
                0x0000391c       0x20 .\CortexM3\ARM_GCC_541\Debug\DVDAC_Example01.a(Button1.o)
                0x0000391c                Button1_Read
 .text.Button2_Read
                0x0000393c       0x20 .\CortexM3\ARM_GCC_541\Debug\DVDAC_Example01.a(Button2.o)
                0x0000393c                Button2_Read
 .text.Clock_1_Start
                0x0000395c       0x34 .\CortexM3\ARM_GCC_541\Debug\DVDAC_Example01.a(Clock_1.o)
                0x0000395c                Clock_1_Start
 .text.Timer_2_Init
                0x00003990       0x9c .\CortexM3\ARM_GCC_541\Debug\DVDAC_Example01.a(Timer_2.o)
                0x00003990                Timer_2_Init
 .text.Timer_2_Enable
                0x00003a2c       0x48 .\CortexM3\ARM_GCC_541\Debug\DVDAC_Example01.a(Timer_2.o)
                0x00003a2c                Timer_2_Enable
 .text.Timer_2_Start
                0x00003a74       0x24 .\CortexM3\ARM_GCC_541\Debug\DVDAC_Example01.a(Timer_2.o)
                0x00003a74                Timer_2_Start
 .text.Timer_2_SetInterruptMode
                0x00003a98       0x20 .\CortexM3\ARM_GCC_541\Debug\DVDAC_Example01.a(Timer_2.o)
                0x00003a98                Timer_2_SetInterruptMode
 .text.Timer_2_WritePeriod
                0x00003ab8       0x24 .\CortexM3\ARM_GCC_541\Debug\DVDAC_Example01.a(Timer_2.o)
                0x00003ab8                Timer_2_WritePeriod
 .text.Timer_2_WriteCounter
                0x00003adc       0x20 .\CortexM3\ARM_GCC_541\Debug\DVDAC_Example01.a(Timer_2.o)
                0x00003adc                Timer_2_WriteCounter
 .text.Button3_Read
                0x00003afc       0x20 .\CortexM3\ARM_GCC_541\Debug\DVDAC_Example01.a(Button3.o)
                0x00003afc                Button3_Read
 .text.Button4_Read
                0x00003b1c       0x20 .\CortexM3\ARM_GCC_541\Debug\DVDAC_Example01.a(Button4.o)
                0x00003b1c                Button4_Read
 .text.ms_counter_Init
                0x00003b3c       0x7c .\CortexM3\ARM_GCC_541\Debug\DVDAC_Example01.a(ms_counter.o)
                0x00003b3c                ms_counter_Init
 .text.ms_counter_Enable
                0x00003bb8       0x20 .\CortexM3\ARM_GCC_541\Debug\DVDAC_Example01.a(ms_counter.o)
                0x00003bb8                ms_counter_Enable
 .text.ms_counter_Start
                0x00003bd8       0x24 .\CortexM3\ARM_GCC_541\Debug\DVDAC_Example01.a(ms_counter.o)
                0x00003bd8                ms_counter_Start
 .text.ms_counter_SetInterruptMode
                0x00003bfc       0x20 .\CortexM3\ARM_GCC_541\Debug\DVDAC_Example01.a(ms_counter.o)
                0x00003bfc                ms_counter_SetInterruptMode
 .text.ms_counter_ReadStatusRegister
                0x00003c1c       0x18 .\CortexM3\ARM_GCC_541\Debug\DVDAC_Example01.a(ms_counter.o)
                0x00003c1c                ms_counter_ReadStatusRegister
 .text.ms_counter_WriteCounter
                0x00003c34       0x1c .\CortexM3\ARM_GCC_541\Debug\DVDAC_Example01.a(ms_counter.o)
                0x00003c34                ms_counter_WriteCounter
 .text.ms_counter_ReadCounter
                0x00003c50       0x1c .\CortexM3\ARM_GCC_541\Debug\DVDAC_Example01.a(ms_counter.o)
                0x00003c50                ms_counter_ReadCounter
 .text.ms_counter_ReadCapture
                0x00003c6c       0x14 .\CortexM3\ARM_GCC_541\Debug\DVDAC_Example01.a(ms_counter.o)
                0x00003c6c                ms_counter_ReadCapture
 .text.ms_counter_WritePeriod
                0x00003c80       0x1c .\CortexM3\ARM_GCC_541\Debug\DVDAC_Example01.a(ms_counter.o)
                0x00003c80                ms_counter_WritePeriod
 .text.ms_counter_WriteCompare
                0x00003c9c       0x1c .\CortexM3\ARM_GCC_541\Debug\DVDAC_Example01.a(ms_counter.o)
                0x00003c9c                ms_counter_WriteCompare
 .text.ms_counter_ClearFIFO
                0x00003cb8       0x1c .\CortexM3\ARM_GCC_541\Debug\DVDAC_Example01.a(ms_counter.o)
                0x00003cb8                ms_counter_ClearFIFO
 .text.Clock_2_Start
                0x00003cd4       0x34 .\CortexM3\ARM_GCC_541\Debug\DVDAC_Example01.a(Clock_2.o)
                0x00003cd4                Clock_2_Start
 .text.Num_Notes_Selector_ADC_Start
                0x00003d08       0x24 .\CortexM3\ARM_GCC_541\Debug\DVDAC_Example01.a(Num_Notes_Selector_ADC.o)
                0x00003d08                Num_Notes_Selector_ADC_Start
 .text.Num_Notes_Selector_ADC_Init
                0x00003d2c       0x48 .\CortexM3\ARM_GCC_541\Debug\DVDAC_Example01.a(Num_Notes_Selector_ADC.o)
                0x00003d2c                Num_Notes_Selector_ADC_Init
 .text.Num_Notes_Selector_ADC_Enable
                0x00003d74       0xf4 .\CortexM3\ARM_GCC_541\Debug\DVDAC_Example01.a(Num_Notes_Selector_ADC.o)
                0x00003d74                Num_Notes_Selector_ADC_Enable
 .text.Num_Notes_Selector_ADC_SetResolution
                0x00003e68       0x54 .\CortexM3\ARM_GCC_541\Debug\DVDAC_Example01.a(Num_Notes_Selector_ADC.o)
                0x00003e68                Num_Notes_Selector_ADC_SetResolution
 .text.Num_Notes_Selector_ADC_StartConvert
                0x00003ebc       0x20 .\CortexM3\ARM_GCC_541\Debug\DVDAC_Example01.a(Num_Notes_Selector_ADC.o)
                0x00003ebc                Num_Notes_Selector_ADC_StartConvert
 .text.Num_Notes_Selector_ADC_StopConvert
                0x00003edc       0x20 .\CortexM3\ARM_GCC_541\Debug\DVDAC_Example01.a(Num_Notes_Selector_ADC.o)
                0x00003edc                Num_Notes_Selector_ADC_StopConvert
 .text.Num_Notes_Selector_ADC_IsEndConversion
                0x00003efc       0x40 .\CortexM3\ARM_GCC_541\Debug\DVDAC_Example01.a(Num_Notes_Selector_ADC.o)
                0x00003efc                Num_Notes_Selector_ADC_IsEndConversion
 .text.Num_Notes_Selector_ADC_GetResult8
                0x00003f3c       0x28 .\CortexM3\ARM_GCC_541\Debug\DVDAC_Example01.a(Num_Notes_Selector_ADC.o)
                0x00003f3c                Num_Notes_Selector_ADC_GetResult8
 .text.Num_Notes_Selector_ADC_CalcGain
                0x00003f64       0x80 .\CortexM3\ARM_GCC_541\Debug\DVDAC_Example01.a(Num_Notes_Selector_ADC.o)
 .text.Num_Notes_Selector_ADC_ISR
                0x00003fe4        0xc .\CortexM3\ARM_GCC_541\Debug\DVDAC_Example01.a(Num_Notes_Selector_ADC_INT.o)
                0x00003fe4                Num_Notes_Selector_ADC_ISR
 .text.Num_Notes_Selector_ADC_theACLK_SetModeRegister
                0x00003ff0       0x34 .\CortexM3\ARM_GCC_541\Debug\DVDAC_Example01.a(Num_Notes_Selector_ADC_theACLK.o)
                0x00003ff0                Num_Notes_Selector_ADC_theACLK_SetModeRegister
 .text.Button5_Read
                0x00004024       0x20 .\CortexM3\ARM_GCC_541\Debug\DVDAC_Example01.a(Button5.o)
                0x00004024                Button5_Read
 .text.OLED_CS_Write
                0x00004044       0x3c .\CortexM3\ARM_GCC_541\Debug\DVDAC_Example01.a(OLED_CS.o)
                0x00004044                OLED_CS_Write
 .text.OLED_DC_Write
                0x00004080       0x38 .\CortexM3\ARM_GCC_541\Debug\DVDAC_Example01.a(OLED_DC.o)
                0x00004080                OLED_DC_Write
 .text.SPI_OLED_Init
                0x000040b8       0x34 .\CortexM3\ARM_GCC_541\Debug\DVDAC_Example01.a(SPI_OLED.o)
                0x000040b8                SPI_OLED_Init
 .text.SPI_OLED_Enable
                0x000040ec       0x68 .\CortexM3\ARM_GCC_541\Debug\DVDAC_Example01.a(SPI_OLED.o)
                0x000040ec                SPI_OLED_Enable
 .text.SPI_OLED_Start
                0x00004154       0x24 .\CortexM3\ARM_GCC_541\Debug\DVDAC_Example01.a(SPI_OLED.o)
                0x00004154                SPI_OLED_Start
 .text.SPI_OLED_EnableTxInt
                0x00004178        0xc .\CortexM3\ARM_GCC_541\Debug\DVDAC_Example01.a(SPI_OLED.o)
                0x00004178                SPI_OLED_EnableTxInt
 .text.SPI_OLED_EnableRxInt
                0x00004184        0xc .\CortexM3\ARM_GCC_541\Debug\DVDAC_Example01.a(SPI_OLED.o)
                0x00004184                SPI_OLED_EnableRxInt
 .text.SPI_OLED_ReadTxStatus
                0x00004190       0x1c .\CortexM3\ARM_GCC_541\Debug\DVDAC_Example01.a(SPI_OLED.o)
                0x00004190                SPI_OLED_ReadTxStatus
 .text.SPI_OLED_ReadRxStatus
                0x000041ac       0x1c .\CortexM3\ARM_GCC_541\Debug\DVDAC_Example01.a(SPI_OLED.o)
                0x000041ac                SPI_OLED_ReadRxStatus
 .text.SPI_OLED_WriteTxData
                0x000041c8       0x34 .\CortexM3\ARM_GCC_541\Debug\DVDAC_Example01.a(SPI_OLED.o)
                0x000041c8                SPI_OLED_WriteTxData
 .text.SPI_OLED_TxEnable
                0x000041fc       0x20 .\CortexM3\ARM_GCC_541\Debug\DVDAC_Example01.a(SPI_OLED.o)
                0x000041fc                SPI_OLED_TxEnable
 .text.SPI_OLED_ClearFIFO
                0x0000421c       0x60 .\CortexM3\ARM_GCC_541\Debug\DVDAC_Example01.a(SPI_OLED.o)
                0x0000421c                SPI_OLED_ClearFIFO
 .text.SPI_OLED_IntClock_Start
                0x0000427c       0x34 .\CortexM3\ARM_GCC_541\Debug\DVDAC_Example01.a(SPI_OLED_IntClock.o)
                0x0000427c                SPI_OLED_IntClock_Start
 .text.spi_done_Start
                0x000042b0       0x20 .\CortexM3\ARM_GCC_541\Debug\DVDAC_Example01.a(spi_done.o)
                0x000042b0                spi_done_Start
 .text.spi_done_Interrupt
                0x000042d0       0x18 .\CortexM3\ARM_GCC_541\Debug\DVDAC_Example01.a(spi_done.o)
                0x000042d0                spi_done_Interrupt
 .text.spi_done_SetVector
                0x000042e8       0x24 .\CortexM3\ARM_GCC_541\Debug\DVDAC_Example01.a(spi_done.o)
                0x000042e8                spi_done_SetVector
 .text.spi_done_SetPriority
                0x0000430c       0x24 .\CortexM3\ARM_GCC_541\Debug\DVDAC_Example01.a(spi_done.o)
                0x0000430c                spi_done_SetPriority
 .text.spi_done_Enable
                0x00004330       0x18 .\CortexM3\ARM_GCC_541\Debug\DVDAC_Example01.a(spi_done.o)
                0x00004330                spi_done_Enable
 .text.spi_done_Disable
                0x00004348       0x18 .\CortexM3\ARM_GCC_541\Debug\DVDAC_Example01.a(spi_done.o)
                0x00004348                spi_done_Disable
 .text.game_random_mode_generator_Init
                0x00004360       0x9c .\CortexM3\ARM_GCC_541\Debug\DVDAC_Example01.a(game_random_mode_generator.o)
                0x00004360                game_random_mode_generator_Init
 .text.game_random_mode_generator_Enable
                0x000043fc       0x48 .\CortexM3\ARM_GCC_541\Debug\DVDAC_Example01.a(game_random_mode_generator.o)
                0x000043fc                game_random_mode_generator_Enable
 .text.game_random_mode_generator_Start
                0x00004444       0x24 .\CortexM3\ARM_GCC_541\Debug\DVDAC_Example01.a(game_random_mode_generator.o)
                0x00004444                game_random_mode_generator_Start
 .text.game_random_mode_generator_SetInterruptMode
                0x00004468       0x20 .\CortexM3\ARM_GCC_541\Debug\DVDAC_Example01.a(game_random_mode_generator.o)
                0x00004468                game_random_mode_generator_SetInterruptMode
 .text.game_random_mode_generator_WriteCounter
                0x00004488       0x54 .\CortexM3\ARM_GCC_541\Debug\DVDAC_Example01.a(game_random_mode_generator.o)
                0x00004488                game_random_mode_generator_WriteCounter
 .text.game_random_mode_generator_ReadCounter
                0x000044dc       0x20 .\CortexM3\ARM_GCC_541\Debug\DVDAC_Example01.a(game_random_mode_generator.o)
                0x000044dc                game_random_mode_generator_ReadCounter
 .text.game_random_mode_generator_WritePeriod
                0x000044fc       0x20 .\CortexM3\ARM_GCC_541\Debug\DVDAC_Example01.a(game_random_mode_generator.o)
                0x000044fc                game_random_mode_generator_WritePeriod
 .text.Clock_3_Start
                0x0000451c       0x34 .\CortexM3\ARM_GCC_541\Debug\DVDAC_Example01.a(Clock_3.o)
                0x0000451c                Clock_3_Start
 .text          0x00004550       0x20 .\CortexM3\ARM_GCC_541\Debug\DVDAC_Example01.a(CyBootAsmGnu.o)
                0x00004550                CyDelayCycles
                0x00004560                CyEnterCriticalSection
                0x00004568                CyExitCriticalSection
 .text.RED_LED_Write
                0x00004570       0x3c .\CortexM3\ARM_GCC_541\Debug\DVDAC_Example01.a(RED_LED.o)
                0x00004570                RED_LED_Write
 .text          0x000045ac      0x370 c:/program files (x86)/cypress/psoc creator/4.2/psoc creator/import/gnu/arm/5.4.1/bin/../lib/gcc/arm-none-eabi/5.4.1/armv7-m\libgcc.a(_arm_addsubdf3.o)
                0x000045ac                __aeabi_drsub
                0x000045b4                __aeabi_dsub
                0x000045b4                __subdf3
                0x000045b8                __aeabi_dadd
                0x000045b8                __adddf3
                0x00004830                __floatunsidf
                0x00004830                __aeabi_ui2d
                0x00004850                __floatsidf
                0x00004850                __aeabi_i2d
                0x00004874                __aeabi_f2d
                0x00004874                __extendsfdf2
                0x000048b0                __floatundidf
                0x000048b0                __aeabi_ul2d
                0x000048c0                __floatdidf
                0x000048c0                __aeabi_l2d
 .text          0x0000491c      0x424 c:/program files (x86)/cypress/psoc creator/4.2/psoc creator/import/gnu/arm/5.4.1/bin/../lib/gcc/arm-none-eabi/5.4.1/armv7-m\libgcc.a(_arm_muldivdf3.o)
                0x0000491c                __aeabi_dmul
                0x0000491c                __muldf3
                0x00004b70                __divdf3
                0x00004b70                __aeabi_ddiv
 .text          0x00004d40      0x110 c:/program files (x86)/cypress/psoc creator/4.2/psoc creator/import/gnu/arm/5.4.1/bin/../lib/gcc/arm-none-eabi/5.4.1/armv7-m\libgcc.a(_arm_cmpdf2.o)
                0x00004d40                __gtdf2
                0x00004d40                __gedf2
                0x00004d48                __ltdf2
                0x00004d48                __ledf2
                0x00004d50                __nedf2
                0x00004d50                __eqdf2
                0x00004d50                __cmpdf2
                0x00004dcc                __aeabi_cdrcmple
                0x00004ddc                __aeabi_cdcmpeq
                0x00004ddc                __aeabi_cdcmple
                0x00004dec                __aeabi_dcmpeq
                0x00004e00                __aeabi_dcmplt
                0x00004e14                __aeabi_dcmple
                0x00004e28                __aeabi_dcmpge
                0x00004e3c                __aeabi_dcmpgt
 .text          0x00004e50      0x21c c:/program files (x86)/cypress/psoc creator/4.2/psoc creator/import/gnu/arm/5.4.1/bin/../lib/gcc/arm-none-eabi/5.4.1/armv7-m\libgcc.a(_arm_addsubsf3.o)
                0x00004e50                __aeabi_frsub
                0x00004e58                __subsf3
                0x00004e58                __aeabi_fsub
                0x00004e5c                __aeabi_fadd
                0x00004e5c                __addsf3
                0x00004fbc                __aeabi_ui2f
                0x00004fbc                __floatunsisf
                0x00004fc4                __aeabi_i2f
                0x00004fc4                __floatsisf
                0x00004fe0                __aeabi_ul2f
                0x00004fe0                __floatundisf
                0x00004ff0                __aeabi_l2f
                0x00004ff0                __floatdisf
 .text          0x0000506c      0x2a0 c:/program files (x86)/cypress/psoc creator/4.2/psoc creator/import/gnu/arm/5.4.1/bin/../lib/gcc/arm-none-eabi/5.4.1/armv7-m\libgcc.a(_arm_muldivsf3.o)
                0x0000506c                __mulsf3
                0x0000506c                __aeabi_fmul
                0x000051d4                __aeabi_fdiv
                0x000051d4                __divsf3
 .text          0x0000530c       0xec c:/program files (x86)/cypress/psoc creator/4.2/psoc creator/import/gnu/arm/5.4.1/bin/../lib/gcc/arm-none-eabi/5.4.1/armv7-m\libgcc.a(_arm_cmpsf2.o)
                0x0000530c                __gesf2
                0x0000530c                __gtsf2
                0x00005314                __lesf2
                0x00005314                __ltsf2
                0x0000531c                __nesf2
                0x0000531c                __eqsf2
                0x0000531c                __cmpsf2
                0x0000537c                __aeabi_cfrcmple
                0x00005384                __aeabi_cfcmpeq
                0x00005384                __aeabi_cfcmple
                0x00005394                __aeabi_fcmpeq
                0x000053a8                __aeabi_fcmplt
                0x000053bc                __aeabi_fcmple
                0x000053d0                __aeabi_fcmpge
                0x000053e4                __aeabi_fcmpgt
 .text          0x000053f8       0x4c c:/program files (x86)/cypress/psoc creator/4.2/psoc creator/import/gnu/arm/5.4.1/bin/../lib/gcc/arm-none-eabi/5.4.1/armv7-m\libgcc.a(_arm_fixsfsi.o)
                0x000053f8                __aeabi_f2iz
                0x000053f8                __fixsfsi
 .text          0x00005444       0x40 c:/program files (x86)/cypress/psoc creator/4.2/psoc creator/import/gnu/arm/5.4.1/bin/../lib/gcc/arm-none-eabi/5.4.1/armv7-m\libgcc.a(_arm_fixunssfsi.o)
                0x00005444                __fixunssfsi
                0x00005444                __aeabi_f2uiz
 .text.__errno  0x00005484        0xc c:/program files (x86)/cypress/psoc creator/4.2/psoc creator/import/gnu/arm/5.4.1/bin/../lib/gcc/arm-none-eabi/5.4.1/../../../../arm-none-eabi/lib/armv7-m\libg_nano.a(lib_a-errno.o)
                0x00005484                __errno
 .text.__libc_init_array
                0x00005490       0x4c c:/program files (x86)/cypress/psoc creator/4.2/psoc creator/import/gnu/arm/5.4.1/bin/../lib/gcc/arm-none-eabi/5.4.1/../../../../arm-none-eabi/lib/armv7-m\libg_nano.a(lib_a-init.o)
                0x00005490                __libc_init_array
 .text.memcpy   0x000054dc       0x16 c:/program files (x86)/cypress/psoc creator/4.2/psoc creator/import/gnu/arm/5.4.1/bin/../lib/gcc/arm-none-eabi/5.4.1/../../../../arm-none-eabi/lib/armv7-m\libg_nano.a(lib_a-memcpy-stub.o)
                0x000054dc                memcpy
 .text.memset   0x000054f2       0x10 c:/program files (x86)/cypress/psoc creator/4.2/psoc creator/import/gnu/arm/5.4.1/bin/../lib/gcc/arm-none-eabi/5.4.1/../../../../arm-none-eabi/lib/armv7-m\libg_nano.a(lib_a-memset.o)
                0x000054f2                memset
 .text.__cvt    0x00005502       0xc0 c:/program files (x86)/cypress/psoc creator/4.2/psoc creator/import/gnu/arm/5.4.1/bin/../lib/gcc/arm-none-eabi/5.4.1/../../../../arm-none-eabi/lib/armv7-m\libg_nano.a(lib_a-nano-vfprintf_float.o)
                0x00005502                __cvt
 .text.__exponent
                0x000055c2       0x62 c:/program files (x86)/cypress/psoc creator/4.2/psoc creator/import/gnu/arm/5.4.1/bin/../lib/gcc/arm-none-eabi/5.4.1/../../../../arm-none-eabi/lib/armv7-m\libg_nano.a(lib_a-nano-vfprintf_float.o)
                0x000055c2                __exponent
 .text._printf_float
                0x00005624      0x488 c:/program files (x86)/cypress/psoc creator/4.2/psoc creator/import/gnu/arm/5.4.1/bin/../lib/gcc/arm-none-eabi/5.4.1/../../../../arm-none-eabi/lib/armv7-m\libg_nano.a(lib_a-nano-vfprintf_float.o)
                0x00005624                _printf_float
 .text._printf_common
                0x00005aac       0xec c:/program files (x86)/cypress/psoc creator/4.2/psoc creator/import/gnu/arm/5.4.1/bin/../lib/gcc/arm-none-eabi/5.4.1/../../../../arm-none-eabi/lib/armv7-m\libg_nano.a(lib_a-nano-vfprintf_i.o)
                0x00005aac                _printf_common
 .text._printf_i
                0x00005b98      0x24c c:/program files (x86)/cypress/psoc creator/4.2/psoc creator/import/gnu/arm/5.4.1/bin/../lib/gcc/arm-none-eabi/5.4.1/../../../../arm-none-eabi/lib/armv7-m\libg_nano.a(lib_a-nano-vfprintf_i.o)
                0x00005b98                _printf_i
 .text.sprintf  0x00005de4       0x48 c:/program files (x86)/cypress/psoc creator/4.2/psoc creator/import/gnu/arm/5.4.1/bin/../lib/gcc/arm-none-eabi/5.4.1/../../../../arm-none-eabi/lib/armv7-m\libg_nano.a(lib_a-sprintf.o)
                0x00005de4                siprintf
                0x00005de4                sprintf
 .text          0x00005e2c       0x10 c:/program files (x86)/cypress/psoc creator/4.2/psoc creator/import/gnu/arm/5.4.1/bin/../lib/gcc/arm-none-eabi/5.4.1/../../../../arm-none-eabi/lib/armv7-m\libg_nano.a(lib_a-strlen.o)
                0x00005e2c                strlen
 .text.quorem   0x00005e3c      0x116 c:/program files (x86)/cypress/psoc creator/4.2/psoc creator/import/gnu/arm/5.4.1/bin/../lib/gcc/arm-none-eabi/5.4.1/../../../../arm-none-eabi/lib/armv7-m\libg_nano.a(lib_a-dtoa.o)
 *fill*         0x00005f52        0x6 
 .text._dtoa_r  0x00005f58      0xb30 c:/program files (x86)/cypress/psoc creator/4.2/psoc creator/import/gnu/arm/5.4.1/bin/../lib/gcc/arm-none-eabi/5.4.1/../../../../arm-none-eabi/lib/armv7-m\libg_nano.a(lib_a-dtoa.o)
                0x00005f58                _dtoa_r
 .text._localeconv_r
                0x00006a88        0x8 c:/program files (x86)/cypress/psoc creator/4.2/psoc creator/import/gnu/arm/5.4.1/bin/../lib/gcc/arm-none-eabi/5.4.1/../../../../arm-none-eabi/lib/armv7-m\libg_nano.a(lib_a-locale.o)
                0x00006a88                _localeconv_r
 .text.malloc   0x00006a90       0x10 c:/program files (x86)/cypress/psoc creator/4.2/psoc creator/import/gnu/arm/5.4.1/bin/../lib/gcc/arm-none-eabi/5.4.1/../../../../arm-none-eabi/lib/armv7-m\libg_nano.a(lib_a-malloc.o)
                0x00006a90                malloc
 .text.memchr   0x00006aa0       0x1c c:/program files (x86)/cypress/psoc creator/4.2/psoc creator/import/gnu/arm/5.4.1/bin/../lib/gcc/arm-none-eabi/5.4.1/../../../../arm-none-eabi/lib/armv7-m\libg_nano.a(lib_a-memchr-stub.o)
                0x00006aa0                memchr
 .text._Balloc  0x00006abc       0x6a c:/program files (x86)/cypress/psoc creator/4.2/psoc creator/import/gnu/arm/5.4.1/bin/../lib/gcc/arm-none-eabi/5.4.1/../../../../arm-none-eabi/lib/armv7-m\libg_nano.a(lib_a-mprec.o)
                0x00006abc                _Balloc
 .text._Bfree   0x00006b26       0x2e c:/program files (x86)/cypress/psoc creator/4.2/psoc creator/import/gnu/arm/5.4.1/bin/../lib/gcc/arm-none-eabi/5.4.1/../../../../arm-none-eabi/lib/armv7-m\libg_nano.a(lib_a-mprec.o)
                0x00006b26                _Bfree
 .text.__multadd
                0x00006b54       0x76 c:/program files (x86)/cypress/psoc creator/4.2/psoc creator/import/gnu/arm/5.4.1/bin/../lib/gcc/arm-none-eabi/5.4.1/../../../../arm-none-eabi/lib/armv7-m\libg_nano.a(lib_a-mprec.o)
                0x00006b54                __multadd
 .text.__hi0bits
                0x00006bca       0x40 c:/program files (x86)/cypress/psoc creator/4.2/psoc creator/import/gnu/arm/5.4.1/bin/../lib/gcc/arm-none-eabi/5.4.1/../../../../arm-none-eabi/lib/armv7-m\libg_nano.a(lib_a-mprec.o)
                0x00006bca                __hi0bits
 .text.__lo0bits
                0x00006c0a       0x5a c:/program files (x86)/cypress/psoc creator/4.2/psoc creator/import/gnu/arm/5.4.1/bin/../lib/gcc/arm-none-eabi/5.4.1/../../../../arm-none-eabi/lib/armv7-m\libg_nano.a(lib_a-mprec.o)
                0x00006c0a                __lo0bits
 .text.__i2b    0x00006c64       0x12 c:/program files (x86)/cypress/psoc creator/4.2/psoc creator/import/gnu/arm/5.4.1/bin/../lib/gcc/arm-none-eabi/5.4.1/../../../../arm-none-eabi/lib/armv7-m\libg_nano.a(lib_a-mprec.o)
                0x00006c64                __i2b
 .text.__multiply
                0x00006c76      0x120 c:/program files (x86)/cypress/psoc creator/4.2/psoc creator/import/gnu/arm/5.4.1/bin/../lib/gcc/arm-none-eabi/5.4.1/../../../../arm-none-eabi/lib/armv7-m\libg_nano.a(lib_a-mprec.o)
                0x00006c76                __multiply
 *fill*         0x00006d96        0x2 
 .text.__pow5mult
                0x00006d98       0x9c c:/program files (x86)/cypress/psoc creator/4.2/psoc creator/import/gnu/arm/5.4.1/bin/../lib/gcc/arm-none-eabi/5.4.1/../../../../arm-none-eabi/lib/armv7-m\libg_nano.a(lib_a-mprec.o)
                0x00006d98                __pow5mult
 .text.__lshift
                0x00006e34       0xa2 c:/program files (x86)/cypress/psoc creator/4.2/psoc creator/import/gnu/arm/5.4.1/bin/../lib/gcc/arm-none-eabi/5.4.1/../../../../arm-none-eabi/lib/armv7-m\libg_nano.a(lib_a-mprec.o)
                0x00006e34                __lshift
 .text.__mcmp   0x00006ed6       0x38 c:/program files (x86)/cypress/psoc creator/4.2/psoc creator/import/gnu/arm/5.4.1/bin/../lib/gcc/arm-none-eabi/5.4.1/../../../../arm-none-eabi/lib/armv7-m\libg_nano.a(lib_a-mprec.o)
                0x00006ed6                __mcmp
 .text.__mdiff  0x00006f0e       0xbe c:/program files (x86)/cypress/psoc creator/4.2/psoc creator/import/gnu/arm/5.4.1/bin/../lib/gcc/arm-none-eabi/5.4.1/../../../../arm-none-eabi/lib/armv7-m\libg_nano.a(lib_a-mprec.o)
                0x00006f0e                __mdiff
 .text.__d2b    0x00006fcc       0x9c c:/program files (x86)/cypress/psoc creator/4.2/psoc creator/import/gnu/arm/5.4.1/bin/../lib/gcc/arm-none-eabi/5.4.1/../../../../arm-none-eabi/lib/armv7-m\libg_nano.a(lib_a-mprec.o)
                0x00006fcc                __d2b
 .text._calloc_r
                0x00007068       0x1c c:/program files (x86)/cypress/psoc creator/4.2/psoc creator/import/gnu/arm/5.4.1/bin/../lib/gcc/arm-none-eabi/5.4.1/../../../../arm-none-eabi/lib/armv7-m\libg_nano.a(lib_a-nano-callocr.o)
                0x00007068                _calloc_r
 .text._free_r  0x00007084       0x98 c:/program files (x86)/cypress/psoc creator/4.2/psoc creator/import/gnu/arm/5.4.1/bin/../lib/gcc/arm-none-eabi/5.4.1/../../../../arm-none-eabi/lib/armv7-m\libg_nano.a(lib_a-nano-freer.o)
                0x00007084                _free_r
 .text._malloc_r
                0x0000711c       0xbc c:/program files (x86)/cypress/psoc creator/4.2/psoc creator/import/gnu/arm/5.4.1/bin/../lib/gcc/arm-none-eabi/5.4.1/../../../../arm-none-eabi/lib/armv7-m\libg_nano.a(lib_a-nano-mallocr.o)
                0x0000711c                _malloc_r
 .text.__ssputs_r
                0x000071d8       0xb2 c:/program files (x86)/cypress/psoc creator/4.2/psoc creator/import/gnu/arm/5.4.1/bin/../lib/gcc/arm-none-eabi/5.4.1/../../../../arm-none-eabi/lib/armv7-m\libg_nano.a(lib_a-nano-svfprintf.o)
                0x000071d8                __ssputs_r
 *fill*         0x0000728a        0x2 
 .text._svfprintf_r
                0x0000728c      0x1e8 c:/program files (x86)/cypress/psoc creator/4.2/psoc creator/import/gnu/arm/5.4.1/bin/../lib/gcc/arm-none-eabi/5.4.1/../../../../arm-none-eabi/lib/armv7-m\libg_nano.a(lib_a-nano-svfprintf.o)
                0x0000728c                _svfiprintf_r
                0x0000728c                _svfprintf_r
 .text._sbrk_r  0x00007474       0x20 c:/program files (x86)/cypress/psoc creator/4.2/psoc creator/import/gnu/arm/5.4.1/bin/../lib/gcc/arm-none-eabi/5.4.1/../../../../arm-none-eabi/lib/armv7-m\libg_nano.a(lib_a-sbrkr.o)
                0x00007474                _sbrk_r
 .text.memmove  0x00007494       0x36 c:/program files (x86)/cypress/psoc creator/4.2/psoc creator/import/gnu/arm/5.4.1/bin/../lib/gcc/arm-none-eabi/5.4.1/../../../../arm-none-eabi/lib/armv7-m\libg_nano.a(lib_a-memmove.o)
                0x00007494                memmove
 .text.__malloc_lock
                0x000074ca        0x2 c:/program files (x86)/cypress/psoc creator/4.2/psoc creator/import/gnu/arm/5.4.1/bin/../lib/gcc/arm-none-eabi/5.4.1/../../../../arm-none-eabi/lib/armv7-m\libg_nano.a(lib_a-mlock.o)
                0x000074ca                __malloc_lock
 .text.__malloc_unlock
                0x000074cc        0x2 c:/program files (x86)/cypress/psoc creator/4.2/psoc creator/import/gnu/arm/5.4.1/bin/../lib/gcc/arm-none-eabi/5.4.1/../../../../arm-none-eabi/lib/armv7-m\libg_nano.a(lib_a-mlock.o)
                0x000074cc                __malloc_unlock
 .text._realloc_r
                0x000074ce       0x4c c:/program files (x86)/cypress/psoc creator/4.2/psoc creator/import/gnu/arm/5.4.1/bin/../lib/gcc/arm-none-eabi/5.4.1/../../../../arm-none-eabi/lib/armv7-m\libg_nano.a(lib_a-nano-reallocr.o)
                0x000074ce                _realloc_r
 .text._malloc_usable_size_r
                0x0000751a       0x14 c:/program files (x86)/cypress/psoc creator/4.2/psoc creator/import/gnu/arm/5.4.1/bin/../lib/gcc/arm-none-eabi/5.4.1/../../../../arm-none-eabi/lib/armv7-m\libg_nano.a(lib_a-nano-msizer.o)
                0x0000751a                _malloc_usable_size_r
 *fill*         0x0000752e        0x2 
 .text          0x00007530       0x2c c:/program files (x86)/cypress/psoc creator/4.2/psoc creator/import/gnu/arm/5.4.1/bin/../lib/gcc/arm-none-eabi/5.4.1/armv7-m\libgcc.a(_arm_unorddf2.o)
                0x00007530                __unorddf2
                0x00007530                __aeabi_dcmpun
 .text          0x0000755c       0x50 c:/program files (x86)/cypress/psoc creator/4.2/psoc creator/import/gnu/arm/5.4.1/bin/../lib/gcc/arm-none-eabi/5.4.1/armv7-m\libgcc.a(_arm_fixdfsi.o)
                0x0000755c                __aeabi_d2iz
                0x0000755c                __fixdfsi
 *(.plt)
 *(.gnu.warning)
 *(.glue_7t)
 .glue_7t       0x000075ac        0x0 linker stubs
 *(.glue_7)
 .glue_7        0x000075ac        0x0 linker stubs
 *(.vfp11_veneer)
 .vfp11_veneer  0x000075ac        0x0 linker stubs
 *(.bootloader)
 *(.ARM.extab* .gnu.linkonce.armextab.*)
 *(.gcc_except_table)

.v4_bx          0x000075ac        0x0
 .v4_bx         0x000075ac        0x0 linker stubs

.iplt           0x000075ac        0x0
 .iplt          0x000075ac        0x0 c:/program files (x86)/cypress/psoc creator/4.2/psoc creator/import/gnu/arm/5.4.1/bin/../lib/gcc/arm-none-eabi/5.4.1/armv7-m/crtbegin.o

.eh_frame_hdr
 *(.eh_frame_hdr)

.eh_frame       0x000075ac        0x4
 *(.eh_frame)
 .eh_frame      0x000075ac        0x0 c:/program files (x86)/cypress/psoc creator/4.2/psoc creator/import/gnu/arm/5.4.1/bin/../lib/gcc/arm-none-eabi/5.4.1/armv7-m/crtbegin.o
 .eh_frame      0x000075ac        0x4 c:/program files (x86)/cypress/psoc creator/4.2/psoc creator/import/gnu/arm/5.4.1/bin/../lib/gcc/arm-none-eabi/5.4.1/armv7-m/crtend.o
                [!provide]                PROVIDE (__exidx_start, .)

.ARM.exidx
 *(.ARM.exidx* .gnu.linkonce.armexidx.*)
                0x000075b0                __exidx_end = .

.rodata         0x000075b0      0x280
 *(.rodata .rodata.* .gnu.linkonce.r.*)
 .rodata        0x000075b0       0x2d .\CortexM3\ARM_GCC_541\Debug\main.o
 *fill*         0x000075dd        0x3 
 .rodata        0x000075e0        0x3 .\CortexM3\ARM_GCC_541\Debug\harmonica_control.o
 *fill*         0x000075e3        0x1 
 .rodata        0x000075e4       0x52 .\CortexM3\ARM_GCC_541\Debug\cyfitter_cfg.o
                0x000075e4                ADC_DelSig_AMux__addrTable
                0x000075ec                ADC_DelSig_AMux__maskTable
 .rodata.str1.1
                0x00007636        0x2 c:/program files (x86)/cypress/psoc creator/4.2/psoc creator/import/gnu/arm/5.4.1/bin/../lib/gcc/arm-none-eabi/5.4.1/../../../../arm-none-eabi/lib/armv7-m\libg_nano.a(lib_a-impure.o)
 .rodata.str1.1
                0x00007638       0x12 c:/program files (x86)/cypress/psoc creator/4.2/psoc creator/import/gnu/arm/5.4.1/bin/../lib/gcc/arm-none-eabi/5.4.1/../../../../arm-none-eabi/lib/armv7-m\libg_nano.a(lib_a-nano-vfprintf_float.o)
 .rodata.str1.1
                0x0000764a       0x22 c:/program files (x86)/cypress/psoc creator/4.2/psoc creator/import/gnu/arm/5.4.1/bin/../lib/gcc/arm-none-eabi/5.4.1/../../../../arm-none-eabi/lib/armv7-m\libg_nano.a(lib_a-nano-vfprintf_i.o)
 .rodata.str1.1
                0x0000766c        0xd c:/program files (x86)/cypress/psoc creator/4.2/psoc creator/import/gnu/arm/5.4.1/bin/../lib/gcc/arm-none-eabi/5.4.1/../../../../arm-none-eabi/lib/armv7-m\libg_nano.a(lib_a-dtoa.o)
                                  0xf (size before relaxing)
 *fill*         0x00007679        0x3 
 .rodata.__sf_fake_stdin
                0x0000767c       0x20 c:/program files (x86)/cypress/psoc creator/4.2/psoc creator/import/gnu/arm/5.4.1/bin/../lib/gcc/arm-none-eabi/5.4.1/../../../../arm-none-eabi/lib/armv7-m\libg_nano.a(lib_a-findfp.o)
                0x0000767c                __sf_fake_stdin
 .rodata.__sf_fake_stdout
                0x0000769c       0x20 c:/program files (x86)/cypress/psoc creator/4.2/psoc creator/import/gnu/arm/5.4.1/bin/../lib/gcc/arm-none-eabi/5.4.1/../../../../arm-none-eabi/lib/armv7-m\libg_nano.a(lib_a-findfp.o)
                0x0000769c                __sf_fake_stdout
 .rodata.__sf_fake_stderr
                0x000076bc       0x20 c:/program files (x86)/cypress/psoc creator/4.2/psoc creator/import/gnu/arm/5.4.1/bin/../lib/gcc/arm-none-eabi/5.4.1/../../../../arm-none-eabi/lib/armv7-m\libg_nano.a(lib_a-findfp.o)
                0x000076bc                __sf_fake_stderr
 .rodata.str1.1
                0x000076dc        0x8 c:/program files (x86)/cypress/psoc creator/4.2/psoc creator/import/gnu/arm/5.4.1/bin/../lib/gcc/arm-none-eabi/5.4.1/../../../../arm-none-eabi/lib/armv7-m\libg_nano.a(lib_a-locale.o)
                                  0xb (size before relaxing)
 *fill*         0x000076e4        0x4 
 .rodata.__mprec_tens
                0x000076e8       0xc8 c:/program files (x86)/cypress/psoc creator/4.2/psoc creator/import/gnu/arm/5.4.1/bin/../lib/gcc/arm-none-eabi/5.4.1/../../../../arm-none-eabi/lib/armv7-m\libg_nano.a(lib_a-mprec.o)
                0x000076e8                __mprec_tens
 .rodata.p05.5408
                0x000077b0        0xc c:/program files (x86)/cypress/psoc creator/4.2/psoc creator/import/gnu/arm/5.4.1/bin/../lib/gcc/arm-none-eabi/5.4.1/../../../../arm-none-eabi/lib/armv7-m\libg_nano.a(lib_a-mprec.o)
 *fill*         0x000077bc        0x4 
 .rodata.__mprec_bigtens
                0x000077c0       0x28 c:/program files (x86)/cypress/psoc creator/4.2/psoc creator/import/gnu/arm/5.4.1/bin/../lib/gcc/arm-none-eabi/5.4.1/../../../../arm-none-eabi/lib/armv7-m\libg_nano.a(lib_a-mprec.o)
                0x000077c0                __mprec_bigtens
 .rodata.str1.1
                0x000077e8       0x11 c:/program files (x86)/cypress/psoc creator/4.2/psoc creator/import/gnu/arm/5.4.1/bin/../lib/gcc/arm-none-eabi/5.4.1/../../../../arm-none-eabi/lib/armv7-m\libg_nano.a(lib_a-nano-svfprintf.o)
                0x000077fc                . = ALIGN (0x4)
 *fill*         0x000077f9        0x3 
 *(.init)
 .init          0x000077fc        0x4 c:/program files (x86)/cypress/psoc creator/4.2/psoc creator/import/gnu/arm/5.4.1/bin/../lib/gcc/arm-none-eabi/5.4.1/armv7-m/crti.o
                0x000077fc                _init
 .init          0x00007800        0x8 c:/program files (x86)/cypress/psoc creator/4.2/psoc creator/import/gnu/arm/5.4.1/bin/../lib/gcc/arm-none-eabi/5.4.1/armv7-m/crtn.o
                0x00007808                . = ALIGN (0x4)
                0x00007808                __preinit_array_start = .
 *(.preinit_array)
                0x00007808                __preinit_array_end = .
                0x00007808                . = ALIGN (0x4)
                0x00007808                __init_array_start = .
 *(SORT(.init_array.*))
 *(.init_array)
 .init_array    0x00007808        0x4 c:/program files (x86)/cypress/psoc creator/4.2/psoc creator/import/gnu/arm/5.4.1/bin/../lib/gcc/arm-none-eabi/5.4.1/armv7-m/crtbegin.o
 .init_array    0x0000780c        0x4 .\CortexM3\ARM_GCC_541\Debug\Cm3Start.o
                0x00007810                __init_array_end = .
                0x00007810                . = ALIGN (0x4)
 *(.fini)
 .fini          0x00007810        0x4 c:/program files (x86)/cypress/psoc creator/4.2/psoc creator/import/gnu/arm/5.4.1/bin/../lib/gcc/arm-none-eabi/5.4.1/armv7-m/crti.o
                0x00007810                _fini
 .fini          0x00007814        0x8 c:/program files (x86)/cypress/psoc creator/4.2/psoc creator/import/gnu/arm/5.4.1/bin/../lib/gcc/arm-none-eabi/5.4.1/armv7-m/crtn.o
                0x0000781c                . = ALIGN (0x4)
                0x0000781c                __fini_array_start = .
 *(.fini_array)
 .fini_array    0x0000781c        0x4 c:/program files (x86)/cypress/psoc creator/4.2/psoc creator/import/gnu/arm/5.4.1/bin/../lib/gcc/arm-none-eabi/5.4.1/armv7-m/crtbegin.o
 *(SORT(.fini_array.*))
                0x00007820                __fini_array_end = .
                0x00007820                . = ALIGN (0x4)
 *crtbegin.o(.ctors)
 *(EXCLUDE_FILE(*crtend.o) .ctors)
 *(SORT(.ctors.*))
 *crtend.o(.ctors)
                0x00007820                . = ALIGN (0x4)
 *crtbegin.o(.dtors)
 *(EXCLUDE_FILE(*crtend.o) .dtors)
 *(SORT(.dtors.*))
 *crtend.o(.dtors)
                0x00007820                . = ALIGN (0x4)
                0x00007820                __cy_regions = .
                0x00007820        0x4 LONG 0x7830 __cy_region_init_ram
                0x00007824        0x4 LONG 0x1fff80c8 __cy_region_start_data
                0x00007828        0x4 LONG 0x690 __cy_region_init_size_ram
                0x0000782c        0x4 LONG 0x400 __cy_region_zero_size_ram
                0x00007830                __cy_regions_end = .
                0x00007830                . = ALIGN (0x8)
                0x00007830                _etext = .

.cy_checksum_exclude
                0x00007830        0x0
 *(.cy_checksum_exclude)

.ramvectors     0x1fff8000       0xc0
                0x1fff8000                __cy_region_start_ram = .
 *(.ramvectors)
 .ramvectors    0x1fff8000       0xc0 .\CortexM3\ARM_GCC_541\Debug\Cm3Start.o
                0x1fff8000                CyRamVectors

.noinit         0x1fff80c0        0x5
 *(.noinit)
 .noinit        0x1fff80c0        0x4 .\CortexM3\ARM_GCC_541\Debug\Cm3Start.o
 .noinit        0x1fff80c4        0x1 .\CortexM3\ARM_GCC_541\Debug\DVDAC_Example01.a(CyLib.o)
                0x1fff80c4                CyResetStatus

.data           0x1fff80c8      0x690 load address 0x00007830
                0x1fff80c8                __cy_region_start_data = .
 *(.jcr)
 .jcr           0x1fff80c8        0x0 c:/program files (x86)/cypress/psoc creator/4.2/psoc creator/import/gnu/arm/5.4.1/bin/../lib/gcc/arm-none-eabi/5.4.1/armv7-m/crtbegin.o
 .jcr           0x1fff80c8        0x4 c:/program files (x86)/cypress/psoc creator/4.2/psoc creator/import/gnu/arm/5.4.1/bin/../lib/gcc/arm-none-eabi/5.4.1/armv7-m/crtend.o
 *(.got.plt)
 *(.got)
 *(.shdata)
 *(.data .data.* .gnu.linkonce.d.*)
 .data          0x1fff80cc      0x5d8 .\CortexM3\ARM_GCC_541\Debug\wav_tables.o
                0x1fff80cc                c4_sustain_vals
                0x1fff8178                c4_sus
                0x1fff8180                d4_sustain_vals
                0x1fff8218                d4_sus
                0x1fff8220                e4_sustain_vals
                0x1fff82a8                e4_sus
                0x1fff82b0                g4_sustain_vals
                0x1fff8320                g4_sus
                0x1fff8328                b4_sustain_vals
                0x1fff8384                b4_sus
                0x1fff838c                c5_sustain_vals
                0x1fff83e0                c5_sus
                0x1fff83e8                d5_sustain_vals
                0x1fff8434                d5_sus
                0x1fff843c                e5_sustain_vals
                0x1fff8480                e5_sus
                0x1fff8488                f5_sustain_vals
                0x1fff84c8                f5_sus
                0x1fff84d0                g5_sustain_vals
                0x1fff8508                g5_sus
                0x1fff8510                a5_sustain_vals
                0x1fff8544                a5_sus
                0x1fff854c                c6_sustain_vals
                0x1fff8578                c6_sus
                0x1fff8580                b5_sustain_vals
                0x1fff85b0                b5_sus
                0x1fff85b8                e6_sustain_vals
                0x1fff85dc                e6_sus
                0x1fff85e4                d6_sustain_vals
                0x1fff860c                d6_sus
                0x1fff8614                g6_sustain_vals
                0x1fff8630                g6_sus
                0x1fff8638                f6_sustain_vals
                0x1fff8658                f6_sus
                0x1fff8660                c7_sustain_vals
                0x1fff8678                c7_sus
                0x1fff8680                a6_sustain_vals
                0x1fff869c                a6_sus
 .data          0x1fff86a4        0x4 .\CortexM3\ARM_GCC_541\Debug\Cm3Start.o
 .data          0x1fff86a8        0x1 .\CortexM3\ARM_GCC_541\Debug\DVDAC_Example01.a(ADC_DelSig.o)
                0x1fff86a8                ADC_DelSig_Config
 .data          0x1fff86a9        0x1 .\CortexM3\ARM_GCC_541\Debug\DVDAC_Example01.a(ADC_DelSig_AMux.o)
 *fill*         0x1fff86aa        0x2 
 .data          0x1fff86ac       0x10 .\CortexM3\ARM_GCC_541\Debug\DVDAC_Example01.a(CyLib.o)
                0x1fff86ac                cydelay_freq_hz
                0x1fff86b0                cydelay_freq_khz
                0x1fff86b4                cydelay_freq_mhz
                0x1fff86b8                cydelay_32k_ms
 .data.impure_data
                0x1fff86bc       0x60 c:/program files (x86)/cypress/psoc creator/4.2/psoc creator/import/gnu/arm/5.4.1/bin/../lib/gcc/arm-none-eabi/5.4.1/../../../../arm-none-eabi/lib/armv7-m\libg_nano.a(lib_a-impure.o)
 .data._impure_ptr
                0x1fff871c        0x4 c:/program files (x86)/cypress/psoc creator/4.2/psoc creator/import/gnu/arm/5.4.1/bin/../lib/gcc/arm-none-eabi/5.4.1/../../../../arm-none-eabi/lib/armv7-m\libg_nano.a(lib_a-impure.o)
                0x1fff871c                _impure_ptr
 .data.lconv    0x1fff8720       0x38 c:/program files (x86)/cypress/psoc creator/4.2/psoc creator/import/gnu/arm/5.4.1/bin/../lib/gcc/arm-none-eabi/5.4.1/../../../../arm-none-eabi/lib/armv7-m\libg_nano.a(lib_a-locale.o)
                0x1fff8758                . = ALIGN (0x8)
 *(.ram)
                0x1fff8758                _edata = .

.igot.plt       0x1fff8758        0x0 load address 0x00007ec0
 .igot.plt      0x1fff8758        0x0 c:/program files (x86)/cypress/psoc creator/4.2/psoc creator/import/gnu/arm/5.4.1/bin/../lib/gcc/arm-none-eabi/5.4.1/armv7-m/crtbegin.o

.bss            0x1fff8758      0x400 load address 0x00007ec0
                0x1fff8758                PROVIDE (__bss_start__, .)
 *(.shbss)
 *(.bss .bss.* .gnu.linkonce.b.*)
 .bss           0x1fff8758       0x1c c:/program files (x86)/cypress/psoc creator/4.2/psoc creator/import/gnu/arm/5.4.1/bin/../lib/gcc/arm-none-eabi/5.4.1/armv7-m/crtbegin.o
 .bss           0x1fff8774        0x8 .\CortexM3\ARM_GCC_541\Debug\game.o
                0x1fff8774                last_game_update
                0x1fff8778                num_ticks
 .bss           0x1fff877c        0x2 .\CortexM3\ARM_GCC_541\Debug\DVDAC_Example01.a(LCD.o)
                0x1fff877c                LCD_enableState
                0x1fff877d                LCD_initVar
 *fill*         0x1fff877e        0x2 
 .bss           0x1fff8780        0x8 .\CortexM3\ARM_GCC_541\Debug\DVDAC_Example01.a(ADC_DelSig.o)
                0x1fff8780                ADC_DelSig_convDone
                0x1fff8781                ADC_DelSig_stopConversion
                0x1fff8782                ADC_DelSig_initVar
                0x1fff8783                ADC_DelSig_started
 .bss           0x1fff8788        0x1 .\CortexM3\ARM_GCC_541\Debug\DVDAC_Example01.a(VDAC8_1.o)
                0x1fff8788                VDAC8_1_initVar
 *fill*         0x1fff8789        0x3 
 .bss           0x1fff878c       0x19 .\CortexM3\ARM_GCC_541\Debug\DVDAC_Example01.a(CyLib.o)
                0x1fff87a0                CySysTickInitVar
 .bss           0x1fff87a5        0x1 .\CortexM3\ARM_GCC_541\Debug\DVDAC_Example01.a(Timer_1.o)
                0x1fff87a5                Timer_1_initVar
 .bss           0x1fff87a6        0x1 .\CortexM3\ARM_GCC_541\Debug\DVDAC_Example01.a(Timer_2.o)
                0x1fff87a6                Timer_2_initVar
 .bss           0x1fff87a7        0x1 .\CortexM3\ARM_GCC_541\Debug\DVDAC_Example01.a(ms_counter.o)
                0x1fff87a7                ms_counter_initVar
 .bss           0x1fff87a8        0x1 .\CortexM3\ARM_GCC_541\Debug\DVDAC_Example01.a(Num_Notes_Selector_ADC.o)
                0x1fff87a8                Num_Notes_Selector_ADC_initVar
 .bss           0x1fff87a9        0x1 .\CortexM3\ARM_GCC_541\Debug\DVDAC_Example01.a(SPI_OLED.o)
                0x1fff87a9                SPI_OLED_initVar
 *fill*         0x1fff87aa        0x2 
 .bss           0x1fff87ac        0x4 .\CortexM3\ARM_GCC_541\Debug\DVDAC_Example01.a(spi_done.o)
                0x1fff87ac                spi_done
 .bss           0x1fff87b0        0x1 .\CortexM3\ARM_GCC_541\Debug\DVDAC_Example01.a(game_random_mode_generator.o)
                0x1fff87b0                game_random_mode_generator_initVar
 *fill*         0x1fff87b1        0x3 
 .bss.__malloc_sbrk_start
                0x1fff87b4        0x4 c:/program files (x86)/cypress/psoc creator/4.2/psoc creator/import/gnu/arm/5.4.1/bin/../lib/gcc/arm-none-eabi/5.4.1/../../../../arm-none-eabi/lib/armv7-m\libg_nano.a(lib_a-nano-mallocr.o)
                0x1fff87b4                __malloc_sbrk_start
 .bss.__malloc_free_list
                0x1fff87b8        0x4 c:/program files (x86)/cypress/psoc creator/4.2/psoc creator/import/gnu/arm/5.4.1/bin/../lib/gcc/arm-none-eabi/5.4.1/../../../../arm-none-eabi/lib/armv7-m\libg_nano.a(lib_a-nano-mallocr.o)
                0x1fff87b8                __malloc_free_list
 *(COMMON)
 COMMON         0x1fff87bc      0x230 .\CortexM3\ARM_GCC_541\Debug\harmonica_control.o
                0x1fff87bc                button5
                0x1fff87cc                button4
                0x1fff87dc                harmonica
                0x1fff89bc                button2
                0x1fff89cc                button3
                0x1fff89dc                button1
 COMMON         0x1fff89ec       0xff .\CortexM3\ARM_GCC_541\Debug\oled_ssd1331.o
                0x1fff89ec                screen_buffer
 *fill*         0x1fff8aeb        0x1 
 COMMON         0x1fff8aec       0x50 .\CortexM3\ARM_GCC_541\Debug\game.o
                0x1fff8aec                note_groups
                0x1fff8b28                test_group
 COMMON         0x1fff8b3c        0x8 .\CortexM3\ARM_GCC_541\Debug\DVDAC_Example01.a(ADC_DelSig.o)
                0x1fff8b3c                ADC_DelSig_CountsPerVolt
                0x1fff8b40                ADC_DelSig_Offset
 COMMON         0x1fff8b44        0xa .\CortexM3\ARM_GCC_541\Debug\DVDAC_Example01.a(Num_Notes_Selector_ADC.o)
                0x1fff8b44                Num_Notes_Selector_ADC_countsPer10Volt
                0x1fff8b48                Num_Notes_Selector_ADC_countsPerVolt
                0x1fff8b4a                Num_Notes_Selector_ADC_shift
                0x1fff8b4c                Num_Notes_Selector_ADC_offset
 *fill*         0x1fff8b4e        0x2 
 COMMON         0x1fff8b50        0x4 c:/program files (x86)/cypress/psoc creator/4.2/psoc creator/import/gnu/arm/5.4.1/bin/../lib/gcc/arm-none-eabi/5.4.1/../../../../arm-none-eabi/lib/armv7-m\libg_nano.a(lib_a-reent.o)
                0x1fff8b50                errno
                0x1fff8b58                . = ALIGN (0x8)
 *fill*         0x1fff8b54        0x4 
 *(.ram.b)
                0x1fff8b58                _end = .
                0x1fff8b58                __end = .
                0x1fff8b58                PROVIDE (end, .)
                0x1fff8b58                PROVIDE (__bss_end__, .)
                0x00007830                __cy_region_init_ram = LOADADDR (.data)
                0x00000690                __cy_region_init_size_ram = (_edata - ADDR (.data))
                0x00000400                __cy_region_zero_size_ram = (_end - _edata)

.heap           0x1fff8b58      0x160 load address 0x00007ec0
                0x1fff8b58                . = _end
                0x1fff8cb8                . = (. + 0x160)
 *fill*         0x1fff8b58      0x160 
                0x1fff8cb8                __cy_heap_limit = .

.stack          0x20007800      0x800
                0x20007800                __cy_stack_limit = .
                0x20008000                . = (. + 0x800)
 *fill*         0x20007800      0x800 
                0x00000001                ASSERT ((__cy_stack_limit >= __cy_heap_limit), region RAM overflowed with stack)
                0x00000000                cy_checksum_exclude_size = (CY_APPL_LOADABLE == 0x1)?SIZEOF (.cy_checksum_exclude):0x0
                0x00000001                ASSERT ((cy_checksum_exclude_size <= CY_CHECKSUM_EXCLUDE_SIZE), CY_BOOT: Section .cy_checksum_exclude size exceedes specified limit.)

.cyloadermeta
 *(.cyloadermeta)

.cyloadablemeta
 *(.cyloadablemeta)

.cyconfigecc    0x80000000      0x600
 *(.cyconfigecc)
 .cyconfigecc   0x80000000      0x600 .\CortexM3\ARM_GCC_541\Debug\cymetadata.o
                0x80000000                cy_meta_configecc

.cycustnvl      0x90000000        0x4
 *(.cycustnvl)
 .cycustnvl     0x90000000        0x4 .\CortexM3\ARM_GCC_541\Debug\cymetadata.o
                0x90000000                cy_meta_custnvl

.cywolatch      0x90100000        0x4
 *(.cywolatch)
 .cywolatch     0x90100000        0x4 .\CortexM3\ARM_GCC_541\Debug\cymetadata.o
                0x90100000                cy_meta_wonvl

.cyeeprom       0x90200000        0x0
 *(.cyeeprom)
                0x00000001                ASSERT ((. <= ((0x90200000 + ee_offset) + ee_size)), .cyeeprom data will not fit in EEPROM)

.cyflashprotect
                0x90400000      0x100
 *(.cyflashprotect)
 .cyflashprotect
                0x90400000      0x100 .\CortexM3\ARM_GCC_541\Debug\cymetadata.o
                0x90400000                cy_meta_flashprotect

.cymeta         0x90500000        0xc
 *(.cymeta)
 .cymeta        0x90500000        0xc .\CortexM3\ARM_GCC_541\Debug\cymetadata.o
                0x90500000                cy_metadata

.rel.dyn        0x00007ec0        0x0 load address 0x9050000c
 .rel.iplt      0x00007ec0        0x0 c:/program files (x86)/cypress/psoc creator/4.2/psoc creator/import/gnu/arm/5.4.1/bin/../lib/gcc/arm-none-eabi/5.4.1/armv7-m/crtbegin.o

.stab           0x00000000       0xb4
 *(.stab)
 .stab          0x00000000       0x24 c:/program files (x86)/cypress/psoc creator/4.2/psoc creator/import/gnu/arm/5.4.1/bin/../lib/gcc/arm-none-eabi/5.4.1/../../../../arm-none-eabi/lib/armv7-m\libnosys.a(close.o)
 .stab          0x00000024       0x18 c:/program files (x86)/cypress/psoc creator/4.2/psoc creator/import/gnu/arm/5.4.1/bin/../lib/gcc/arm-none-eabi/5.4.1/../../../../arm-none-eabi/lib/armv7-m\libnosys.a(fstat.o)
                                 0x24 (size before relaxing)
 .stab          0x0000003c       0x18 c:/program files (x86)/cypress/psoc creator/4.2/psoc creator/import/gnu/arm/5.4.1/bin/../lib/gcc/arm-none-eabi/5.4.1/../../../../arm-none-eabi/lib/armv7-m\libnosys.a(gettod.o)
                                 0x24 (size before relaxing)
 .stab          0x00000054       0x18 c:/program files (x86)/cypress/psoc creator/4.2/psoc creator/import/gnu/arm/5.4.1/bin/../lib/gcc/arm-none-eabi/5.4.1/../../../../arm-none-eabi/lib/armv7-m\libnosys.a(isatty.o)
                                 0x24 (size before relaxing)
 .stab          0x0000006c       0x18 c:/program files (x86)/cypress/psoc creator/4.2/psoc creator/import/gnu/arm/5.4.1/bin/../lib/gcc/arm-none-eabi/5.4.1/../../../../arm-none-eabi/lib/armv7-m\libnosys.a(lseek.o)
                                 0x24 (size before relaxing)
 .stab          0x00000084       0x18 c:/program files (x86)/cypress/psoc creator/4.2/psoc creator/import/gnu/arm/5.4.1/bin/../lib/gcc/arm-none-eabi/5.4.1/../../../../arm-none-eabi/lib/armv7-m\libnosys.a(read.o)
                                 0x24 (size before relaxing)
 .stab          0x0000009c       0x18 c:/program files (x86)/cypress/psoc creator/4.2/psoc creator/import/gnu/arm/5.4.1/bin/../lib/gcc/arm-none-eabi/5.4.1/../../../../arm-none-eabi/lib/armv7-m\libnosys.a(write.o)
                                 0x24 (size before relaxing)

.stabstr        0x00000000      0x191
 *(.stabstr)
 .stabstr       0x00000000      0x191 c:/program files (x86)/cypress/psoc creator/4.2/psoc creator/import/gnu/arm/5.4.1/bin/../lib/gcc/arm-none-eabi/5.4.1/../../../../arm-none-eabi/lib/armv7-m\libnosys.a(close.o)

.debug
 *(.debug)

.line
 *(.line)

.debug_srcinfo
 *(.debug_srcinfo)

.debug_sfnames
 *(.debug_sfnames)

.debug_aranges  0x00000000     0x14e8
 *(.debug_aranges)
 .debug_aranges
                0x00000000       0x20 .\CortexM3\ARM_GCC_541\Debug\main.o
 .debug_aranges
                0x00000020       0x28 .\CortexM3\ARM_GCC_541\Debug\wav_tables.o
 .debug_aranges
                0x00000048       0x38 .\CortexM3\ARM_GCC_541\Debug\photo_mux.o
 .debug_aranges
                0x00000080       0x28 .\CortexM3\ARM_GCC_541\Debug\button.o
 .debug_aranges
                0x000000a8       0xe0 .\CortexM3\ARM_GCC_541\Debug\harmonica_control.o
 .debug_aranges
                0x00000188       0x58 .\CortexM3\ARM_GCC_541\Debug\oled_ssd1331.o
 .debug_aranges
                0x000001e0       0x80 .\CortexM3\ARM_GCC_541\Debug\game.o
 .debug_aranges
                0x00000260       0x48 .\CortexM3\ARM_GCC_541\Debug\rngs.o
 .debug_aranges
                0x000002a8       0x70 .\CortexM3\ARM_GCC_541\Debug\cyfitter_cfg.o
 .debug_aranges
                0x00000318       0x18 .\CortexM3\ARM_GCC_541\Debug\cymetadata.o
 .debug_aranges
                0x00000330       0x48 .\CortexM3\ARM_GCC_541\Debug\Cm3Start.o
 .debug_aranges
                0x00000378       0x98 .\CortexM3\ARM_GCC_541\Debug\DVDAC_Example01.a(LCD.o)
 .debug_aranges
                0x00000410       0xe8 .\CortexM3\ARM_GCC_541\Debug\DVDAC_Example01.a(ADC_DelSig.o)
 .debug_aranges
                0x000004f8       0x38 .\CortexM3\ARM_GCC_541\Debug\DVDAC_Example01.a(ADC_DelSig_INT.o)
 .debug_aranges
                0x00000530       0x58 .\CortexM3\ARM_GCC_541\Debug\DVDAC_Example01.a(VDAC8_1.o)
 .debug_aranges
                0x00000588       0x30 .\CortexM3\ARM_GCC_541\Debug\DVDAC_Example01.a(ADC_DelSig_AMux.o)
 .debug_aranges
                0x000005b8       0x70 .\CortexM3\ARM_GCC_541\Debug\DVDAC_Example01.a(ADC_DelSig_Ext_CP_Clk.o)
 .debug_aranges
                0x00000628       0x80 .\CortexM3\ARM_GCC_541\Debug\DVDAC_Example01.a(ADC_DelSig_theACLK.o)
 .debug_aranges
                0x000006a8      0x298 .\CortexM3\ARM_GCC_541\Debug\DVDAC_Example01.a(CyLib.o)
 .debug_aranges
                0x00000940       0x98 .\CortexM3\ARM_GCC_541\Debug\DVDAC_Example01.a(cyPm.o)
 .debug_aranges
                0x000009d8       0x90 .\CortexM3\ARM_GCC_541\Debug\DVDAC_Example01.a(Timer_1.o)
 .debug_aranges
                0x00000a68       0x80 .\CortexM3\ARM_GCC_541\Debug\DVDAC_Example01.a(audio_isr.o)
 .debug_aranges
                0x00000ae8       0x38 .\CortexM3\ARM_GCC_541\Debug\DVDAC_Example01.a(MUX_B.o)
 .debug_aranges
                0x00000b20       0x38 .\CortexM3\ARM_GCC_541\Debug\DVDAC_Example01.a(MUX_C.o)
 .debug_aranges
                0x00000b58       0x38 .\CortexM3\ARM_GCC_541\Debug\DVDAC_Example01.a(MUX_A.o)
 .debug_aranges
                0x00000b90       0x38 .\CortexM3\ARM_GCC_541\Debug\DVDAC_Example01.a(MUX_D.o)
 .debug_aranges
                0x00000bc8       0x38 .\CortexM3\ARM_GCC_541\Debug\DVDAC_Example01.a(MUX_INHIBIT.o)
 .debug_aranges
                0x00000c00       0x38 .\CortexM3\ARM_GCC_541\Debug\DVDAC_Example01.a(Button1.o)
 .debug_aranges
                0x00000c38       0x38 .\CortexM3\ARM_GCC_541\Debug\DVDAC_Example01.a(Button2.o)
 .debug_aranges
                0x00000c70       0x70 .\CortexM3\ARM_GCC_541\Debug\DVDAC_Example01.a(Clock_1.o)
 .debug_aranges
                0x00000ce0       0x88 .\CortexM3\ARM_GCC_541\Debug\DVDAC_Example01.a(Timer_2.o)
 .debug_aranges
                0x00000d68       0x38 .\CortexM3\ARM_GCC_541\Debug\DVDAC_Example01.a(Button3.o)
 .debug_aranges
                0x00000da0       0x38 .\CortexM3\ARM_GCC_541\Debug\DVDAC_Example01.a(Button4.o)
 .debug_aranges
                0x00000dd8       0x98 .\CortexM3\ARM_GCC_541\Debug\DVDAC_Example01.a(ms_counter.o)
 .debug_aranges
                0x00000e70       0x70 .\CortexM3\ARM_GCC_541\Debug\DVDAC_Example01.a(Clock_2.o)
 .debug_aranges
                0x00000ee0       0xa8 .\CortexM3\ARM_GCC_541\Debug\DVDAC_Example01.a(Num_Notes_Selector_ADC.o)
 .debug_aranges
                0x00000f88       0x20 .\CortexM3\ARM_GCC_541\Debug\DVDAC_Example01.a(Num_Notes_Selector_ADC_INT.o)
 .debug_aranges
                0x00000fa8       0x80 .\CortexM3\ARM_GCC_541\Debug\DVDAC_Example01.a(Num_Notes_Selector_ADC_theACLK.o)
 .debug_aranges
                0x00001028       0x38 .\CortexM3\ARM_GCC_541\Debug\DVDAC_Example01.a(Button5.o)
 .debug_aranges
                0x00001060       0x38 .\CortexM3\ARM_GCC_541\Debug\DVDAC_Example01.a(OLED_CS.o)
 .debug_aranges
                0x00001098       0x38 .\CortexM3\ARM_GCC_541\Debug\DVDAC_Example01.a(OLED_DC.o)
 .debug_aranges
                0x000010d0       0xe8 .\CortexM3\ARM_GCC_541\Debug\DVDAC_Example01.a(SPI_OLED.o)
 .debug_aranges
                0x000011b8       0x70 .\CortexM3\ARM_GCC_541\Debug\DVDAC_Example01.a(SPI_OLED_IntClock.o)
 .debug_aranges
                0x00001228       0x80 .\CortexM3\ARM_GCC_541\Debug\DVDAC_Example01.a(spi_done.o)
 .debug_aranges
                0x000012a8       0x80 .\CortexM3\ARM_GCC_541\Debug\DVDAC_Example01.a(game_random_mode_generator.o)
 .debug_aranges
                0x00001328       0x70 .\CortexM3\ARM_GCC_541\Debug\DVDAC_Example01.a(Clock_3.o)
 .debug_aranges
                0x00001398       0x20 .\CortexM3\ARM_GCC_541\Debug\DVDAC_Example01.a(CyBootAsmGnu.o)
 .debug_aranges
                0x000013b8       0x80 .\CortexM3\ARM_GCC_541\Debug\DVDAC_Example01.a(CyFlash.o)
 .debug_aranges
                0x00001438       0x78 .\CortexM3\ARM_GCC_541\Debug\DVDAC_Example01.a(CySpc.o)
 .debug_aranges
                0x000014b0       0x38 .\CortexM3\ARM_GCC_541\Debug\DVDAC_Example01.a(RED_LED.o)

.debug_pubnames
 *(.debug_pubnames)

.debug_info     0x00000000     0x9700
 *(.debug_info .gnu.linkonce.wi.*)
 .debug_info    0x00000000      0x4aa .\CortexM3\ARM_GCC_541\Debug\main.o
 .debug_info    0x000004aa      0x4e1 .\CortexM3\ARM_GCC_541\Debug\wav_tables.o
 .debug_info    0x0000098b      0x174 .\CortexM3\ARM_GCC_541\Debug\photo_mux.o
 .debug_info    0x00000aff      0x1b1 .\CortexM3\ARM_GCC_541\Debug\button.o
 .debug_info    0x00000cb0      0xdda .\CortexM3\ARM_GCC_541\Debug\harmonica_control.o
 .debug_info    0x00001a8a      0x294 .\CortexM3\ARM_GCC_541\Debug\oled_ssd1331.o
 .debug_info    0x00001d1e      0x97a .\CortexM3\ARM_GCC_541\Debug\game.o
 .debug_info    0x00002698      0x22d .\CortexM3\ARM_GCC_541\Debug\rngs.o
 .debug_info    0x000028c5      0x51e .\CortexM3\ARM_GCC_541\Debug\cyfitter_cfg.o
 .debug_info    0x00002de3      0x137 .\CortexM3\ARM_GCC_541\Debug\cymetadata.o
 .debug_info    0x00002f1a      0x31f .\CortexM3\ARM_GCC_541\Debug\Cm3Start.o
 .debug_info    0x00003239      0x3cf .\CortexM3\ARM_GCC_541\Debug\DVDAC_Example01.a(LCD.o)
 .debug_info    0x00003608      0x72c .\CortexM3\ARM_GCC_541\Debug\DVDAC_Example01.a(ADC_DelSig.o)
 .debug_info    0x00003d34       0xd3 .\CortexM3\ARM_GCC_541\Debug\DVDAC_Example01.a(ADC_DelSig_INT.o)
 .debug_info    0x00003e07      0x185 .\CortexM3\ARM_GCC_541\Debug\DVDAC_Example01.a(VDAC8_1.o)
 .debug_info    0x00003f8c      0x10a .\CortexM3\ARM_GCC_541\Debug\DVDAC_Example01.a(ADC_DelSig_AMux.o)
 .debug_info    0x00004096      0x25d .\CortexM3\ARM_GCC_541\Debug\DVDAC_Example01.a(ADC_DelSig_Ext_CP_Clk.o)
 .debug_info    0x000042f3      0x299 .\CortexM3\ARM_GCC_541\Debug\DVDAC_Example01.a(ADC_DelSig_theACLK.o)
 .debug_info    0x0000458c      0xe3b .\CortexM3\ARM_GCC_541\Debug\DVDAC_Example01.a(CyLib.o)
 .debug_info    0x000053c7      0x56d .\CortexM3\ARM_GCC_541\Debug\DVDAC_Example01.a(cyPm.o)
 .debug_info    0x00005934      0x25b .\CortexM3\ARM_GCC_541\Debug\DVDAC_Example01.a(Timer_1.o)
 .debug_info    0x00005b8f      0x5e3 .\CortexM3\ARM_GCC_541\Debug\DVDAC_Example01.a(audio_isr.o)
 .debug_info    0x00006172      0x11e .\CortexM3\ARM_GCC_541\Debug\DVDAC_Example01.a(MUX_B.o)
 .debug_info    0x00006290      0x11e .\CortexM3\ARM_GCC_541\Debug\DVDAC_Example01.a(MUX_C.o)
 .debug_info    0x000063ae      0x11e .\CortexM3\ARM_GCC_541\Debug\DVDAC_Example01.a(MUX_A.o)
 .debug_info    0x000064cc      0x11e .\CortexM3\ARM_GCC_541\Debug\DVDAC_Example01.a(MUX_D.o)
 .debug_info    0x000065ea      0x11e .\CortexM3\ARM_GCC_541\Debug\DVDAC_Example01.a(MUX_INHIBIT.o)
 .debug_info    0x00006708      0x11e .\CortexM3\ARM_GCC_541\Debug\DVDAC_Example01.a(Button1.o)
 .debug_info    0x00006826      0x11e .\CortexM3\ARM_GCC_541\Debug\DVDAC_Example01.a(Button2.o)
 .debug_info    0x00006944      0x25d .\CortexM3\ARM_GCC_541\Debug\DVDAC_Example01.a(Clock_1.o)
 .debug_info    0x00006ba1      0x245 .\CortexM3\ARM_GCC_541\Debug\DVDAC_Example01.a(Timer_2.o)
 .debug_info    0x00006de6      0x11e .\CortexM3\ARM_GCC_541\Debug\DVDAC_Example01.a(Button3.o)
 .debug_info    0x00006f04      0x11e .\CortexM3\ARM_GCC_541\Debug\DVDAC_Example01.a(Button4.o)
 .debug_info    0x00007022      0x291 .\CortexM3\ARM_GCC_541\Debug\DVDAC_Example01.a(ms_counter.o)
 .debug_info    0x000072b3      0x25d .\CortexM3\ARM_GCC_541\Debug\DVDAC_Example01.a(Clock_2.o)
 .debug_info    0x00007510      0x47f .\CortexM3\ARM_GCC_541\Debug\DVDAC_Example01.a(Num_Notes_Selector_ADC.o)
 .debug_info    0x0000798f       0x92 .\CortexM3\ARM_GCC_541\Debug\DVDAC_Example01.a(Num_Notes_Selector_ADC_INT.o)
 .debug_info    0x00007a21      0x299 .\CortexM3\ARM_GCC_541\Debug\DVDAC_Example01.a(Num_Notes_Selector_ADC_theACLK.o)
 .debug_info    0x00007cba      0x11e .\CortexM3\ARM_GCC_541\Debug\DVDAC_Example01.a(Button5.o)
 .debug_info    0x00007dd8      0x11e .\CortexM3\ARM_GCC_541\Debug\DVDAC_Example01.a(OLED_CS.o)
 .debug_info    0x00007ef6      0x11e .\CortexM3\ARM_GCC_541\Debug\DVDAC_Example01.a(OLED_DC.o)
 .debug_info    0x00008014      0x418 .\CortexM3\ARM_GCC_541\Debug\DVDAC_Example01.a(SPI_OLED.o)
 .debug_info    0x0000842c      0x25d .\CortexM3\ARM_GCC_541\Debug\DVDAC_Example01.a(SPI_OLED_IntClock.o)
 .debug_info    0x00008689      0x252 .\CortexM3\ARM_GCC_541\Debug\DVDAC_Example01.a(spi_done.o)
 .debug_info    0x000088db      0x222 .\CortexM3\ARM_GCC_541\Debug\DVDAC_Example01.a(game_random_mode_generator.o)
 .debug_info    0x00008afd      0x25d .\CortexM3\ARM_GCC_541\Debug\DVDAC_Example01.a(Clock_3.o)
 .debug_info    0x00008d5a       0xbd .\CortexM3\ARM_GCC_541\Debug\DVDAC_Example01.a(CyBootAsmGnu.o)
 .debug_info    0x00008e17      0x371 .\CortexM3\ARM_GCC_541\Debug\DVDAC_Example01.a(CyFlash.o)
 .debug_info    0x00009188      0x45a .\CortexM3\ARM_GCC_541\Debug\DVDAC_Example01.a(CySpc.o)
 .debug_info    0x000095e2      0x11e .\CortexM3\ARM_GCC_541\Debug\DVDAC_Example01.a(RED_LED.o)

.debug_abbrev   0x00000000     0x3243
 *(.debug_abbrev)
 .debug_abbrev  0x00000000      0x10a .\CortexM3\ARM_GCC_541\Debug\main.o
 .debug_abbrev  0x0000010a       0xde .\CortexM3\ARM_GCC_541\Debug\wav_tables.o
 .debug_abbrev  0x000001e8       0xac .\CortexM3\ARM_GCC_541\Debug\photo_mux.o
 .debug_abbrev  0x00000294      0x11b .\CortexM3\ARM_GCC_541\Debug\button.o
 .debug_abbrev  0x000003af      0x2ac .\CortexM3\ARM_GCC_541\Debug\harmonica_control.o