Archive member included because of file (symbol)

.\CortexM3\ARM_GCC_493\Debug\DVDAC_Example01.a(cyfitter_cfg.o)
                              .\CortexM3\ARM_GCC_493\Debug\Cm3Start.o (cyfitter_cfg)
.\CortexM3\ARM_GCC_493\Debug\DVDAC_Example01.a(LCD.o)
                              .\CortexM3\ARM_GCC_493\Debug\main.o (LCD_Start)
.\CortexM3\ARM_GCC_493\Debug\DVDAC_Example01.a(ADC_DelSig.o)
                              .\CortexM3\ARM_GCC_493\Debug\main.o (ADC_DelSig_Start)
.\CortexM3\ARM_GCC_493\Debug\DVDAC_Example01.a(ADC_DelSig_INT.o)
                              .\CortexM3\ARM_GCC_493\Debug\DVDAC_Example01.a(ADC_DelSig.o) (ADC_DelSig_ISR1)
.\CortexM3\ARM_GCC_493\Debug\DVDAC_Example01.a(VDAC8_1.o)
                              .\CortexM3\ARM_GCC_493\Debug\main.o (VDAC8_1_Start)
.\CortexM3\ARM_GCC_493\Debug\DVDAC_Example01.a(ADC_DelSig_AMux.o)
                              .\CortexM3\ARM_GCC_493\Debug\DVDAC_Example01.a(ADC_DelSig.o) (ADC_DelSig_AMux_Select)
.\CortexM3\ARM_GCC_493\Debug\DVDAC_Example01.a(ADC_DelSig_Ext_CP_Clk.o)
                              .\CortexM3\ARM_GCC_493\Debug\DVDAC_Example01.a(ADC_DelSig.o) (ADC_DelSig_Ext_CP_Clk_SetDividerRegister)
.\CortexM3\ARM_GCC_493\Debug\DVDAC_Example01.a(ADC_DelSig_theACLK.o)
                              .\CortexM3\ARM_GCC_493\Debug\DVDAC_Example01.a(ADC_DelSig.o) (ADC_DelSig_theACLK_SetDividerRegister)
.\CortexM3\ARM_GCC_493\Debug\DVDAC_Example01.a(CyBootAsmGnu.o)
                              .\CortexM3\ARM_GCC_493\Debug\DVDAC_Example01.a(cyfitter_cfg.o) (CyDelayCycles)
.\CortexM3\ARM_GCC_493\Debug\DVDAC_Example01.a(CyLib.o)
                              .\CortexM3\ARM_GCC_493\Debug\Cm3Start.o (CyResetStatus)
.\CortexM3\ARM_GCC_493\Debug\DVDAC_Example01.a(cyPm.o)
                              .\CortexM3\ARM_GCC_493\Debug\DVDAC_Example01.a(CyLib.o) (CyPmReadStatus)
.\CortexM3\ARM_GCC_493\Debug\DVDAC_Example01.a(Timer_1.o)
                              .\CortexM3\ARM_GCC_493\Debug\main.o (Timer_1_Start)
.\CortexM3\ARM_GCC_493\Debug\DVDAC_Example01.a(audio_isr.o)
                              .\CortexM3\ARM_GCC_493\Debug\main.o (audio_isr_Start)
.\CortexM3\ARM_GCC_493\Debug\DVDAC_Example01.a(TIMER_1_ISR_PIN.o)
                              .\CortexM3\ARM_GCC_493\Debug\DVDAC_Example01.a(audio_isr.o) (TIMER_1_ISR_PIN_Write)
.\CortexM3\ARM_GCC_493\Debug\DVDAC_Example01.a(CyFlash.o)
                              .\CortexM3\ARM_GCC_493\Debug\DVDAC_Example01.a(cyPm.o) (CyFlash_SetWaitCycles)
.\CortexM3\ARM_GCC_493\Debug\DVDAC_Example01.a(CySpc.o)
                              .\CortexM3\ARM_GCC_493\Debug\DVDAC_Example01.a(CyFlash.o) (CySpcStart)
c:/program files (x86)/cypress/psoc creator/3.3/psoc creator/import/gnu/arm/4.9.3/bin/../lib/gcc/arm-none-eabi/4.9.3/armv7-m\libgcc.a(_arm_addsubdf3.o)
                              .\CortexM3\ARM_GCC_493\Debug\DVDAC_Example01.a(ADC_DelSig.o) (__aeabi_f2d)
c:/program files (x86)/cypress/psoc creator/3.3/psoc creator/import/gnu/arm/4.9.3/bin/../lib/gcc/arm-none-eabi/4.9.3/armv7-m\libgcc.a(_arm_cmpdf2.o)
                              .\CortexM3\ARM_GCC_493\Debug\DVDAC_Example01.a(ADC_DelSig.o) (__aeabi_dcmpgt)
c:/program files (x86)/cypress/psoc creator/3.3/psoc creator/import/gnu/arm/4.9.3/bin/../lib/gcc/arm-none-eabi/4.9.3/armv7-m\libgcc.a(_arm_addsubsf3.o)
                              .\CortexM3\ARM_GCC_493\Debug\DVDAC_Example01.a(ADC_DelSig.o) (__aeabi_ui2f)
c:/program files (x86)/cypress/psoc creator/3.3/psoc creator/import/gnu/arm/4.9.3/bin/../lib/gcc/arm-none-eabi/4.9.3/armv7-m\libgcc.a(_arm_muldivsf3.o)
                              .\CortexM3\ARM_GCC_493\Debug\main.o (__aeabi_fmul)
c:/program files (x86)/cypress/psoc creator/3.3/psoc creator/import/gnu/arm/4.9.3/bin/../lib/gcc/arm-none-eabi/4.9.3/armv7-m\libgcc.a(_arm_fixunssfsi.o)
                              .\CortexM3\ARM_GCC_493\Debug\DVDAC_Example01.a(ADC_DelSig.o) (__aeabi_f2uiz)
c:/program files (x86)/cypress/psoc creator/3.3/psoc creator/import/gnu/arm/4.9.3/bin/../lib/gcc/arm-none-eabi/4.9.3/../../../../arm-none-eabi/lib/armv7-m\libg_nano.a(lib_a-errno.o)
                              .\CortexM3\ARM_GCC_493\Debug\Cm3Start.o (__errno)
c:/program files (x86)/cypress/psoc creator/3.3/psoc creator/import/gnu/arm/4.9.3/bin/../lib/gcc/arm-none-eabi/4.9.3/../../../../arm-none-eabi/lib/armv7-m\libg_nano.a(lib_a-exit.o)
                              c:/program files (x86)/cypress/psoc creator/3.3/psoc creator/import/gnu/arm/4.9.3/bin/../lib/gcc/arm-none-eabi/4.9.3/../../../../arm-none-eabi/lib/armv7-m/crt0.o (exit)
c:/program files (x86)/cypress/psoc creator/3.3/psoc creator/import/gnu/arm/4.9.3/bin/../lib/gcc/arm-none-eabi/4.9.3/../../../../arm-none-eabi/lib/armv7-m\libg_nano.a(lib_a-impure.o)
                              c:/program files (x86)/cypress/psoc creator/3.3/psoc creator/import/gnu/arm/4.9.3/bin/../lib/gcc/arm-none-eabi/4.9.3/../../../../arm-none-eabi/lib/armv7-m\libg_nano.a(lib_a-exit.o) (_global_impure_ptr)
[...]
Memory Configuration

Name             Origin             Length             Attributes
rom              0x00000000         0x00040000         xr
ram              0x1fff8000         0x00010000         xrw
*default*        0x00000000         0xffffffff

Linker script and memory map

LOAD c:/program files (x86)/cypress/psoc creator/3.3/psoc creator/import/gnu/arm/4.9.3/bin/../lib/gcc/arm-none-eabi/4.9.3/armv7-m/crti.o
LOAD c:/program files (x86)/cypress/psoc creator/3.3/psoc creator/import/gnu/arm/4.9.3/bin/../lib/gcc/arm-none-eabi/4.9.3/armv7-m/crtbegin.o
LOAD c:/program files (x86)/cypress/psoc creator/3.3/psoc creator/import/gnu/arm/4.9.3/bin/../lib/gcc/arm-none-eabi/4.9.3/../../../../arm-none-eabi/lib/armv7-m/crt0.o
START GROUP
LOAD .\CortexM3\ARM_GCC_493\Debug\main.o
LOAD .\CortexM3\ARM_GCC_493\Debug\wav_tables.o
LOAD .\CortexM3\ARM_GCC_493\Debug\cymetadata.o
LOAD .\CortexM3\ARM_GCC_493\Debug\Cm3Start.o
LOAD .\CortexM3\ARM_GCC_493\Debug\DVDAC_Example01.a
LOAD C:\Program Files (x86)\Cypress\PSoC Creator\3.3\PSoC Creator\psoc\content\cycomponentlibrary\CyComponentLibrary.cylib\CortexM3\ARM_GCC_493\Debug\CyComponentLibrary.a
END GROUP
START GROUP
LOAD c:/program files (x86)/cypress/psoc creator/3.3/psoc creator/import/gnu/arm/4.9.3/bin/../lib/gcc/arm-none-eabi/4.9.3/armv7-m\libgcc.a
LOAD c:/program files (x86)/cypress/psoc creator/3.3/psoc creator/import/gnu/arm/4.9.3/bin/../lib/gcc/arm-none-eabi/4.9.3/../../../../arm-none-eabi/lib/armv7-m\libg_nano.a
LOAD c:/program files (x86)/cypress/psoc creator/3.3/psoc creator/import/gnu/arm/4.9.3/bin/../lib/gcc/arm-none-eabi/4.9.3/../../../../arm-none-eabi/lib/armv7-m\libc_nano.a
END GROUP
START GROUP
LOAD c:/program files (x86)/cypress/psoc creator/3.3/psoc creator/import/gnu/arm/4.9.3/bin/../lib/gcc/arm-none-eabi/4.9.3/armv7-m\libgcc.a
LOAD c:/program files (x86)/cypress/psoc creator/3.3/psoc creator/import/gnu/arm/4.9.3/bin/../lib/gcc/arm-none-eabi/4.9.3/../../../../arm-none-eabi/lib/armv7-m\libc_nano.a
END GROUP
LOAD c:/program files (x86)/cypress/psoc creator/3.3/psoc creator/import/gnu/arm/4.9.3/bin/../lib/gcc/arm-none-eabi/4.9.3/armv7-m/crtend.o
LOAD c:/program files (x86)/cypress/psoc creator/3.3/psoc creator/import/gnu/arm/4.9.3/bin/../lib/gcc/arm-none-eabi/4.9.3/armv7-m/crtn.o
START GROUP
LOAD c:/program files (x86)/cypress/psoc creator/3.3/psoc creator/import/gnu/arm/4.9.3/bin/../lib/gcc/arm-none-eabi/4.9.3/armv7-m\libgcc.a
LOAD c:/program files (x86)/cypress/psoc creator/3.3/psoc creator/import/gnu/arm/4.9.3/bin/../lib/gcc/arm-none-eabi/4.9.3/../../../../arm-none-eabi/lib/armv7-m\libc.a
LOAD c:/program files (x86)/cypress/psoc creator/3.3/psoc creator/import/gnu/arm/4.9.3/bin/../lib/gcc/arm-none-eabi/4.9.3/../../../../arm-none-eabi/lib/armv7-m\libnosys.a
END GROUP
                0x00000000                CY_APPL_ORIGIN = 0x0
                0x00000100                CY_FLASH_ROW_SIZE = 0x100
                0x00000020                CY_ECC_ROW_SIZE = 0x20
                0x00000000                CY_EE_IN_BTLDR = 0x0
                0x00000000                CY_APPL_LOADABLE = 0x0
                0x00000800                CY_EE_SIZE = 0x800
                0x00000001                CY_APPL_NUM = 0x1
                0x00000001                CY_APPL_MAX = 0x1
                0x00000040                CY_METADATA_SIZE = 0x40
                0x00000000                CY_APPL_LOADABLE = 0x0
                0x00000000                CY_CHECKSUM_EXCLUDE_SIZE = ALIGN (0x0, CY_FLASH_ROW_SIZE)
                0x1fff84b0                PROVIDE (__cy_heap_start, _end)
                0x00000001                PROVIDE (__cy_region_num, ((__cy_regions_end - __cy_regions) / 0x10))
                0x20008000                PROVIDE (__cy_stack, (ORIGIN (ram) + 0x10000))
                0x20007800                PROVIDE (__cy_heap_end, (__cy_stack - 0x800))

.cybootloader   0x00000000        0x0
 *(.cybootloader)
                0x00000000                appl1_start = CY_APPL_ORIGIN?CY_APPL_ORIGIN:ALIGN (CY_FLASH_ROW_SIZE)
                0x0001ff00                appl2_start = (appl1_start + ALIGN ((((0x40000 - appl1_start) - (0x2 * CY_FLASH_ROW_SIZE)) / 0x2), CY_FLASH_ROW_SIZE))
                0x00000000                appl_start = (CY_APPL_NUM == 0x1)?appl1_start:appl2_start
                0x00000000                ecc_offset = ((appl_start / CY_FLASH_ROW_SIZE) * CY_ECC_ROW_SIZE)
                0x00000000                ee_offset = (CY_APPL_LOADABLE && ! (CY_EE_IN_BTLDR))?((CY_EE_SIZE / CY_APPL_MAX) * (CY_APPL_NUM - 0x1)):0x0
                0x00000800                ee_size = (CY_APPL_LOADABLE && ! (CY_EE_IN_BTLDR))?(CY_EE_SIZE / CY_APPL_MAX):CY_EE_SIZE
                0x00000000                PROVIDE (CY_ECC_OFFSET, ecc_offset)

.text           0x00000000     0x3bd0
 CREATE_OBJECT_SYMBOLS
                0x00000000                PROVIDE (__cy_interrupt_vector, RomVectors)
 *(.romvectors)
 .romvectors    0x00000000       0x10 .\CortexM3\ARM_GCC_493\Debug\Cm3Start.o
                0x00000000                RomVectors
                0x00000001                ASSERT ((. != __cy_interrupt_vector), No interrupt vector)
                0x00000001                ASSERT (CY_APPL_ORIGIN?(SIZEOF (.cybootloader) <= CY_APPL_ORIGIN):0x1, Wrong image location)
                0x00000010                PROVIDE (__cy_reset, Reset)
 *(.text.Reset)
 .text.Reset    0x00000010       0x18 .\CortexM3\ARM_GCC_493\Debug\Cm3Start.o
                0x00000010                Reset
                0x00000001                ASSERT ((. != __cy_reset), No reset code)
 *(.dma_init)
                0x00000001                ASSERT ((((appl_start + .) <= 0x10000) || 0x1), DMA Init must be within the first 64k of flash)
 *(.text .text.* .gnu.linkonce.t.*)
 .text          0x00000028       0x5c c:/program files (x86)/cypress/psoc creator/3.3/psoc creator/import/gnu/arm/4.9.3/bin/../lib/gcc/arm-none-eabi/4.9.3/armv7-m/crtbegin.o
 .text.main     0x00000084       0x20 .\CortexM3\ARM_GCC_493\Debug\main.o
                0x00000084                main
 .text.IntDefaultHandler
                0x000000a4        0x8 .\CortexM3\ARM_GCC_493\Debug\Cm3Start.o
                0x000000a4                IntDefaultHandler
 .text._sbrk    0x000000ac       0x54 .\CortexM3\ARM_GCC_493\Debug\Cm3Start.o
                0x000000ac                _sbrk
 .text.Start_c  0x00000100       0x98 .\CortexM3\ARM_GCC_493\Debug\Cm3Start.o
                0x00000100                Start_c
 .text.initialize_psoc
                0x00000198       0x8c .\CortexM3\ARM_GCC_493\Debug\Cm3Start.o
                0x00000198                initialize_psoc
 .text.CYMEMZERO
                0x00000224       0x1c .\CortexM3\ARM_GCC_493\Debug\DVDAC_Example01.a(cyfitter_cfg.o)
 .text.CYCONFIGCPY
                0x00000240       0x1c .\CortexM3\ARM_GCC_493\Debug\DVDAC_Example01.a(cyfitter_cfg.o)
 .text.CyClockStartupError
                0x0000025c        0xc .\CortexM3\ARM_GCC_493\Debug\DVDAC_Example01.a(cyfitter_cfg.o)
 .text.cfg_write_bytes32
                0x00000268       0x74 .\CortexM3\ARM_GCC_493\Debug\DVDAC_Example01.a(cyfitter_cfg.o)
 .text.ClockSetup
                0x000002dc      0x144 .\CortexM3\ARM_GCC_493\Debug\DVDAC_Example01.a(cyfitter_cfg.o)
 .text.AnalogSetDefault
                0x00000420       0x6c .\CortexM3\ARM_GCC_493\Debug\DVDAC_Example01.a(cyfitter_cfg.o)
 .text.ADC_DelSig_AMux_Set
                0x0000048c       0x40 .\CortexM3\ARM_GCC_493\Debug\DVDAC_Example01.a(cyfitter_cfg.o)
                0x0000048c                ADC_DelSig_AMux_Set
 .text.ADC_DelSig_AMux_Unset
                0x000004cc       0x44 .\CortexM3\ARM_GCC_493\Debug\DVDAC_Example01.a(cyfitter_cfg.o)
                0x000004cc                ADC_DelSig_AMux_Unset
 .text.cyfitter_cfg
                0x00000510      0x150 .\CortexM3\ARM_GCC_493\Debug\DVDAC_Example01.a(cyfitter_cfg.o)
                0x00000510                cyfitter_cfg
 .text.LCD_Init
                0x00000660       0x6c .\CortexM3\ARM_GCC_493\Debug\DVDAC_Example01.a(LCD.o)
                0x00000660                LCD_Init
 .text.LCD_Enable
                0x000006cc       0x18 .\CortexM3\ARM_GCC_493\Debug\DVDAC_Example01.a(LCD.o)
                0x000006cc                LCD_Enable
 .text.LCD_Start
                0x000006e4       0x20 .\CortexM3\ARM_GCC_493\Debug\DVDAC_Example01.a(LCD.o)
                0x000006e4                LCD_Start
 .text.LCD_WriteControl
                0x00000704       0x34 .\CortexM3\ARM_GCC_493\Debug\DVDAC_Example01.a(LCD.o)
                0x00000704                LCD_WriteControl
 .text.LCD_IsReady
                0x00000738      0x178 .\CortexM3\ARM_GCC_493\Debug\DVDAC_Example01.a(LCD.o)
                0x00000738                LCD_IsReady
 .text.LCD_WrCntrlNib
                0x000008b0       0x60 .\CortexM3\ARM_GCC_493\Debug\DVDAC_Example01.a(LCD.o)
 .text.ADC_DelSig_Init
                0x00000910      0x11c .\CortexM3\ARM_GCC_493\Debug\DVDAC_Example01.a(ADC_DelSig.o)
                0x00000910                ADC_DelSig_Init
 .text.ADC_DelSig_Enable
                0x00000a2c      0x158 .\CortexM3\ARM_GCC_493\Debug\DVDAC_Example01.a(ADC_DelSig.o)
                0x00000a2c                ADC_DelSig_Enable
 .text.ADC_DelSig_Start
                0x00000b84       0x30 .\CortexM3\ARM_GCC_493\Debug\DVDAC_Example01.a(ADC_DelSig.o)
                0x00000b84                ADC_DelSig_Start
 .text.ADC_DelSig_InitConfig
                0x00000bb4      0x164 .\CortexM3\ARM_GCC_493\Debug\DVDAC_Example01.a(ADC_DelSig.o)
 .text.ADC_DelSig_GainCompensation
                0x00000d18      0x16c .\CortexM3\ARM_GCC_493\Debug\DVDAC_Example01.a(ADC_DelSig.o)
 .text.ADC_DelSig_SetDSMRef0Reg
                0x00000e84       0x78 .\CortexM3\ARM_GCC_493\Debug\DVDAC_Example01.a(ADC_DelSig.o)
 .text.ADC_DelSig_ISR1
                0x00000efc        0xc .\CortexM3\ARM_GCC_493\Debug\DVDAC_Example01.a(ADC_DelSig_INT.o)
                0x00000efc                ADC_DelSig_ISR1
 .text.VDAC8_1_Init
                0x00000f08       0x28 .\CortexM3\ARM_GCC_493\Debug\DVDAC_Example01.a(VDAC8_1.o)
                0x00000f08                VDAC8_1_Init
 .text.VDAC8_1_Enable
                0x00000f30       0x34 .\CortexM3\ARM_GCC_493\Debug\DVDAC_Example01.a(VDAC8_1.o)
                0x00000f30                VDAC8_1_Enable
 .text.VDAC8_1_Start
                0x00000f64       0x28 .\CortexM3\ARM_GCC_493\Debug\DVDAC_Example01.a(VDAC8_1.o)
                0x00000f64                VDAC8_1_Start
 .text.VDAC8_1_SetSpeed
                0x00000f8c       0x40 .\CortexM3\ARM_GCC_493\Debug\DVDAC_Example01.a(VDAC8_1.o)
                0x00000f8c                VDAC8_1_SetSpeed
 .text.VDAC8_1_SetRange
                0x00000fcc       0x40 .\CortexM3\ARM_GCC_493\Debug\DVDAC_Example01.a(VDAC8_1.o)
                0x00000fcc                VDAC8_1_SetRange
 .text.VDAC8_1_SetValue
                0x0000100c       0x20 .\CortexM3\ARM_GCC_493\Debug\DVDAC_Example01.a(VDAC8_1.o)
                0x0000100c                VDAC8_1_SetValue
 .text.VDAC8_1_DacTrim
                0x0000102c       0x3c .\CortexM3\ARM_GCC_493\Debug\DVDAC_Example01.a(VDAC8_1.o)
                0x0000102c                VDAC8_1_DacTrim
 .text.ADC_DelSig_AMux_Start
                0x00001068       0x30 .\CortexM3\ARM_GCC_493\Debug\DVDAC_Example01.a(ADC_DelSig_AMux.o)
                0x00001068                ADC_DelSig_AMux_Start
 .text.ADC_DelSig_AMux_Select
                0x00001098       0x28 .\CortexM3\ARM_GCC_493\Debug\DVDAC_Example01.a(ADC_DelSig_AMux.o)
                0x00001098                ADC_DelSig_AMux_Select
 .text.ADC_DelSig_Ext_CP_Clk_SetDividerRegister
                0x000010c0      0x160 .\CortexM3\ARM_GCC_493\Debug\DVDAC_Example01.a(ADC_DelSig_Ext_CP_Clk.o)
                0x000010c0                ADC_DelSig_Ext_CP_Clk_SetDividerRegister
 .text.ADC_DelSig_Ext_CP_Clk_GetDividerRegister
                0x00001220       0x18 .\CortexM3\ARM_GCC_493\Debug\DVDAC_Example01.a(ADC_DelSig_Ext_CP_Clk.o)
                0x00001220                ADC_DelSig_Ext_CP_Clk_GetDividerRegister
 .text.ADC_DelSig_Ext_CP_Clk_SetModeRegister
                0x00001238       0x34 .\CortexM3\ARM_GCC_493\Debug\DVDAC_Example01.a(ADC_DelSig_Ext_CP_Clk.o)
                0x00001238                ADC_DelSig_Ext_CP_Clk_SetModeRegister
 .text.ADC_DelSig_Ext_CP_Clk_GetSourceRegister
                0x0000126c       0x20 .\CortexM3\ARM_GCC_493\Debug\DVDAC_Example01.a(ADC_DelSig_Ext_CP_Clk.o)
                0x0000126c                ADC_DelSig_Ext_CP_Clk_GetSourceRegister
 .text.ADC_DelSig_theACLK_SetDividerRegister
                0x0000128c      0x160 .\CortexM3\ARM_GCC_493\Debug\DVDAC_Example01.a(ADC_DelSig_theACLK.o)
                0x0000128c                ADC_DelSig_theACLK_SetDividerRegister
 .text.ADC_DelSig_theACLK_GetDividerRegister
                0x000013ec       0x18 .\CortexM3\ARM_GCC_493\Debug\DVDAC_Example01.a(ADC_DelSig_theACLK.o)
                0x000013ec                ADC_DelSig_theACLK_GetDividerRegister
 .text.ADC_DelSig_theACLK_SetModeRegister
                0x00001404       0x34 .\CortexM3\ARM_GCC_493\Debug\DVDAC_Example01.a(ADC_DelSig_theACLK.o)
                0x00001404                ADC_DelSig_theACLK_SetModeRegister
 .text.ADC_DelSig_theACLK_GetSourceRegister
                0x00001438       0x20 .\CortexM3\ARM_GCC_493\Debug\DVDAC_Example01.a(ADC_DelSig_theACLK.o)
                0x00001438                ADC_DelSig_theACLK_GetSourceRegister
 .text          0x00001458       0x20 .\CortexM3\ARM_GCC_493\Debug\DVDAC_Example01.a(CyBootAsmGnu.o)
                0x00001458                CyDelayCycles
                0x00001468                CyEnterCriticalSection
                0x00001470                CyExitCriticalSection
 .text.CyHalt   0x00001478       0x18 .\CortexM3\ARM_GCC_493\Debug\DVDAC_Example01.a(CyLib.o)
                0x00001478                CyHalt
 .text.CyDelay  0x00001490       0x44 .\CortexM3\ARM_GCC_493\Debug\DVDAC_Example01.a(CyLib.o)
                0x00001490                CyDelay
 .text.CyDelayUs
                0x000014d4       0x24 .\CortexM3\ARM_GCC_493\Debug\DVDAC_Example01.a(CyLib.o)
                0x000014d4                CyDelayUs
 .text.CyIntSetVector
                0x000014f8       0x50 .\CortexM3\ARM_GCC_493\Debug\DVDAC_Example01.a(CyLib.o)
                0x000014f8                CyIntSetVector
 .text.CyIntSetPriority
                0x00001548       0x44 .\CortexM3\ARM_GCC_493\Debug\DVDAC_Example01.a(CyLib.o)
                0x00001548                CyIntSetPriority
 .text.Timer_1_Init
                0x0000158c       0x4c .\CortexM3\ARM_GCC_493\Debug\DVDAC_Example01.a(Timer_1.o)
                0x0000158c                Timer_1_Init
 .text.Timer_1_Enable
                0x000015d8       0x20 .\CortexM3\ARM_GCC_493\Debug\DVDAC_Example01.a(Timer_1.o)
                0x000015d8                Timer_1_Enable
 .text.Timer_1_Start
                0x000015f8       0x20 .\CortexM3\ARM_GCC_493\Debug\DVDAC_Example01.a(Timer_1.o)
                0x000015f8                Timer_1_Start
 .text.Timer_1_SetInterruptMode
                0x00001618       0x20 .\CortexM3\ARM_GCC_493\Debug\DVDAC_Example01.a(Timer_1.o)
                0x00001618                Timer_1_SetInterruptMode
 .text.Timer_1_ReadStatusRegister
                0x00001638       0x18 .\CortexM3\ARM_GCC_493\Debug\DVDAC_Example01.a(Timer_1.o)
                0x00001638                Timer_1_ReadStatusRegister
 .text.Timer_1_WritePeriod
                0x00001650       0x20 .\CortexM3\ARM_GCC_493\Debug\DVDAC_Example01.a(Timer_1.o)
                0x00001650                Timer_1_WritePeriod
 .text.Timer_1_ReadCapture
                0x00001670       0x18 .\CortexM3\ARM_GCC_493\Debug\DVDAC_Example01.a(Timer_1.o)
                0x00001670                Timer_1_ReadCapture
 .text.Timer_1_WriteCounter
                0x00001688       0x20 .\CortexM3\ARM_GCC_493\Debug\DVDAC_Example01.a(Timer_1.o)
                0x00001688                Timer_1_WriteCounter
 .text.Timer_1_ClearFIFO
                0x000016a8       0x1c .\CortexM3\ARM_GCC_493\Debug\DVDAC_Example01.a(Timer_1.o)
                0x000016a8                Timer_1_ClearFIFO
 .text.audio_isr_Start
                0x000016c4       0x20 .\CortexM3\ARM_GCC_493\Debug\DVDAC_Example01.a(audio_isr.o)
                0x000016c4                audio_isr_Start
 .text.audio_isr_Interrupt
                0x000016e4       0x64 .\CortexM3\ARM_GCC_493\Debug\DVDAC_Example01.a(audio_isr.o)
                0x000016e4                audio_isr_Interrupt
 .text.audio_isr_SetVector
                0x00001748       0x24 .\CortexM3\ARM_GCC_493\Debug\DVDAC_Example01.a(audio_isr.o)
                0x00001748                audio_isr_SetVector
 .text.audio_isr_SetPriority
                0x0000176c       0x24 .\CortexM3\ARM_GCC_493\Debug\DVDAC_Example01.a(audio_isr.o)
                0x0000176c                audio_isr_SetPriority
 .text.audio_isr_Enable
                0x00001790       0x18 .\CortexM3\ARM_GCC_493\Debug\DVDAC_Example01.a(audio_isr.o)
                0x00001790                audio_isr_Enable
 .text.audio_isr_Disable
                0x000017a8       0x18 .\CortexM3\ARM_GCC_493\Debug\DVDAC_Example01.a(audio_isr.o)
                0x000017a8                audio_isr_Disable
 .text.TIMER_1_ISR_PIN_Write
                0x000017c0       0x3c .\CortexM3\ARM_GCC_493\Debug\DVDAC_Example01.a(TIMER_1_ISR_PIN.o)
                0x000017c0                TIMER_1_ISR_PIN_Write
 .text.TIMER_1_ISR_PIN_Read
                0x000017fc       0x20 .\CortexM3\ARM_GCC_493\Debug\DVDAC_Example01.a(TIMER_1_ISR_PIN.o)
                0x000017fc                TIMER_1_ISR_PIN_Read
 .text          0x0000181c      0x370 c:/program files (x86)/cypress/psoc creator/3.3/psoc creator/import/gnu/arm/4.9.3/bin/../lib/gcc/arm-none-eabi/4.9.3/armv7-m\libgcc.a(_arm_addsubdf3.o)
                0x0000181c                __aeabi_drsub
                0x00001824                __aeabi_dsub
                0x00001824                __subdf3
                0x00001828                __aeabi_dadd
                0x00001828                __adddf3
                0x00001aa0                __floatunsidf
                0x00001aa0                __aeabi_ui2d
                0x00001ac0                __floatsidf
                0x00001ac0                __aeabi_i2d
                0x00001ae4                __aeabi_f2d
                0x00001ae4                __extendsfdf2
                0x00001b20                __floatundidf
                0x00001b20                __aeabi_ul2d
                0x00001b30                __floatdidf
                0x00001b30                __aeabi_l2d
 .text          0x00001b8c      0x110 c:/program files (x86)/cypress/psoc creator/3.3/psoc creator/import/gnu/arm/4.9.3/bin/../lib/gcc/arm-none-eabi/4.9.3/armv7-m\libgcc.a(_arm_cmpdf2.o)
                0x00001b8c                __gtdf2
                0x00001b8c                __gedf2
                0x00001b94                __ltdf2
                0x00001b94                __ledf2
                0x00001b9c                __nedf2
                0x00001b9c                __eqdf2
                0x00001b9c                __cmpdf2
                0x00001c18                __aeabi_cdrcmple
                0x00001c28                __aeabi_cdcmpeq
                0x00001c28                __aeabi_cdcmple
                0x00001c38                __aeabi_dcmpeq
                0x00001c4c                __aeabi_dcmplt
                0x00001c60                __aeabi_dcmple
                0x00001c74                __aeabi_dcmpge
                0x00001c88                __aeabi_dcmpgt
 .text.__errno  0x00001c9c        0xc c:/program files (x86)/cypress/psoc creator/3.3/psoc creator/import/gnu/arm/4.9.3/bin/../lib/gcc/arm-none-eabi/4.9.3/../../../../arm-none-eabi/lib/armv7-m\libg_nano.a(lib_a-errno.o)
                0x00001c9c                __errno
 .text.__libc_init_array
                0x00001ca8       0x4c c:/program files (x86)/cypress/psoc creator/3.3/psoc creator/import/gnu/arm/4.9.3/bin/../lib/gcc/arm-none-eabi/4.9.3/../../../../arm-none-eabi/lib/armv7-m\libg_nano.a(lib_a-init.o)
                0x00001ca8                __libc_init_array
 .text.memcpy   0x00001cf4       0x16 c:/program files (x86)/cypress/psoc creator/3.3/psoc creator/import/gnu/arm/4.9.3/bin/../lib/gcc/arm-none-eabi/4.9.3/../../../../arm-none-eabi/lib/armv7-m\libg_nano.a(lib_a-memcpy.o)
                0x00001cf4                memcpy
 .text.memset   0x00001d0a       0x10 c:/program files (x86)/cypress/psoc creator/3.3/psoc creator/import/gnu/arm/4.9.3/bin/../lib/gcc/arm-none-eabi/4.9.3/../../../../arm-none-eabi/lib/armv7-m\libg_nano.a(lib_a-memset.o)
                0x00001d0a                memset
 .text.__cvt    0x00001d1a       0xbc c:/program files (x86)/cypress/psoc creator/3.3/psoc creator/import/gnu/arm/4.9.3/bin/../lib/gcc/arm-none-eabi/4.9.3/../../../../arm-none-eabi/lib/armv7-m\libg_nano.a(lib_a-nano-vfprintf_float.o)
                0x00001d1a                __cvt
 .text.__exponent
                0x00001dd6       0x62 c:/program files (x86)/cypress/psoc creator/3.3/psoc creator/import/gnu/arm/4.9.3/bin/../lib/gcc/arm-none-eabi/4.9.3/../../../../arm-none-eabi/lib/armv7-m\libg_nano.a(lib_a-nano-vfprintf_float.o)
                0x00001dd6                __exponent
 .text._printf_float
                0x00001e38      0x48c c:/program files (x86)/cypress/psoc creator/3.3/psoc creator/import/gnu/arm/4.9.3/bin/../lib/gcc/arm-none-eabi/4.9.3/../../../../arm-none-eabi/lib/armv7-m\libg_nano.a(lib_a-nano-vfprintf_float.o)
                0x00001e38                _printf_float
 .text._printf_common
                0x000022c4       0xea c:/program files (x86)/cypress/psoc creator/3.3/psoc creator/import/gnu/arm/4.9.3/bin/../lib/gcc/arm-none-eabi/4.9.3/../../../../arm-none-eabi/lib/armv7-m\libg_nano.a(lib_a-nano-vfprintf_i.o)
                0x000022c4                _printf_common
 *fill*         0x000023ae        0x2 
 .text.__fpclassifyd
                0x000023b0       0x50 c:/program files (x86)/cypress/psoc creator/3.3/psoc creator/import/gnu/arm/4.9.3/bin/../lib/gcc/arm-none-eabi/4.9.3/../../../../arm-none-eabi/lib/armv7-m\libg_nano.a(lib_a-s_fpclassify.o)
                0x000023b0                __fpclassifyd
 .text.strlen   0x00002400       0x10 c:/program files (x86)/cypress/psoc creator/3.3/psoc creator/import/gnu/arm/4.9.3/bin/../lib/gcc/arm-none-eabi/4.9.3/../../../../arm-none-eabi/lib/armv7-m\libg_nano.a(lib_a-strlen.o)
                0x00002400                strlen
 .text.quorem   0x00002410      0x114 c:/program files (x86)/cypress/psoc creator/3.3/psoc creator/import/gnu/arm/4.9.3/bin/../lib/gcc/arm-none-eabi/4.9.3/../../../../arm-none-eabi/lib/armv7-m\libg_nano.a(lib_a-dtoa.o)
 *fill*         0x00002524        0x4 
 .text._dtoa_r  0x00002528      0xb78 c:/program files (x86)/cypress/psoc creator/3.3/psoc creator/import/gnu/arm/4.9.3/bin/../lib/gcc/arm-none-eabi/4.9.3/../../../../arm-none-eabi/lib/armv7-m\libg_nano.a(lib_a-dtoa.o)
                0x00002528                _dtoa_r
 .text._localeconv_r
                0x000030a0        0x8 c:/program files (x86)/cypress/psoc creator/3.3/psoc creator/import/gnu/arm/4.9.3/bin/../lib/gcc/arm-none-eabi/4.9.3/../../../../arm-none-eabi/lib/armv7-m\libg_nano.a(lib_a-locale.o)
                0x000030a0                _localeconv_r
 .text.malloc   0x000030a8       0x10 c:/program files (x86)/cypress/psoc creator/3.3/psoc creator/import/gnu/arm/4.9.3/bin/../lib/gcc/arm-none-eabi/4.9.3/../../../../arm-none-eabi/lib/armv7-m\libg_nano.a(lib_a-malloc.o)
                0x000030a8                malloc
 .text._Balloc  0x000030b8       0x6a c:/program files (x86)/cypress/psoc creator/3.3/psoc creator/import/gnu/arm/4.9.3/bin/../lib/gcc/arm-none-eabi/4.9.3/../../../../arm-none-eabi/lib/armv7-m\libg_nano.a(lib_a-mprec.o)
                0x000030b8                _Balloc
 .text._Bfree   0x00003122       0x2e c:/program files (x86)/cypress/psoc creator/3.3/psoc creator/import/gnu/arm/4.9.3/bin/../lib/gcc/arm-none-eabi/4.9.3/../../../../arm-none-eabi/lib/armv7-m\libg_nano.a(lib_a-mprec.o)
                0x00003122                _Bfree
 .text.__multadd
                0x00003150       0x7c c:/program files (x86)/cypress/psoc creator/3.3/psoc creator/import/gnu/arm/4.9.3/bin/../lib/gcc/arm-none-eabi/4.9.3/../../../../arm-none-eabi/lib/armv7-m\libg_nano.a(lib_a-mprec.o)
                0x00003150                __multadd
 .text.__hi0bits
                0x000031cc       0x40 c:/program files (x86)/cypress/psoc creator/3.3/psoc creator/import/gnu/arm/4.9.3/bin/../lib/gcc/arm-none-eabi/4.9.3/../../../../arm-none-eabi/lib/armv7-m\libg_nano.a(lib_a-mprec.o)
                0x000031cc                __hi0bits
 .text.__lo0bits
                0x0000320c       0x5a c:/program files (x86)/cypress/psoc creator/3.3/psoc creator/import/gnu/arm/4.9.3/bin/../lib/gcc/arm-none-eabi/4.9.3/../../../../arm-none-eabi/lib/armv7-m\libg_nano.a(lib_a-mprec.o)
                0x0000320c                __lo0bits
 .text.__i2b    0x00003266       0x12 c:/program files (x86)/cypress/psoc creator/3.3/psoc creator/import/gnu/arm/4.9.3/bin/../lib/gcc/arm-none-eabi/4.9.3/../../../../arm-none-eabi/lib/armv7-m\libg_nano.a(lib_a-mprec.o)
                0x00003266                __i2b
 .text.__multiply
                0x00003278      0x120 c:/program files (x86)/cypress/psoc creator/3.3/psoc creator/import/gnu/arm/4.9.3/bin/../lib/gcc/arm-none-eabi/4.9.3/../../../../arm-none-eabi/lib/armv7-m\libg_nano.a(lib_a-mprec.o)
                0x00003278                __multiply
 .text.__pow5mult
                0x00003398       0x9c c:/program files (x86)/cypress/psoc creator/3.3/psoc creator/import/gnu/arm/4.9.3/bin/../lib/gcc/arm-none-eabi/4.9.3/../../../../arm-none-eabi/lib/armv7-m\libg_nano.a(lib_a-mprec.o)
                0x00003398                __pow5mult
 .text.__lshift
                0x00003434       0xa6 c:/program files (x86)/cypress/psoc creator/3.3/psoc creator/import/gnu/arm/4.9.3/bin/../lib/gcc/arm-none-eabi/4.9.3/../../../../arm-none-eabi/lib/armv7-m\libg_nano.a(lib_a-mprec.o)
                0x00003434                __lshift
 .text.__mcmp   0x000034da       0x38 c:/program files (x86)/cypress/psoc creator/3.3/psoc creator/import/gnu/arm/4.9.3/bin/../lib/gcc/arm-none-eabi/4.9.3/../../../../arm-none-eabi/lib/armv7-m\libg_nano.a(lib_a-mprec.o)
                0x000034da                __mcmp
 .text.__mdiff  0x00003512       0xbe c:/program files (x86)/cypress/psoc creator/3.3/psoc creator/import/gnu/arm/4.9.3/bin/../lib/gcc/arm-none-eabi/4.9.3/../../../../arm-none-eabi/lib/armv7-m\libg_nano.a(lib_a-mprec.o)
                0x00003512                __mdiff
 .text.__d2b    0x000035d0       0xa4 c:/program files (x86)/cypress/psoc creator/3.3/psoc creator/import/gnu/arm/4.9.3/bin/../lib/gcc/arm-none-eabi/4.9.3/../../../../arm-none-eabi/lib/armv7-m\libg_nano.a(lib_a-mprec.o)
                0x000035d0                __d2b
 .text._calloc_r
                0x00003674       0x1c c:/program files (x86)/cypress/psoc creator/3.3/psoc creator/import/gnu/arm/4.9.3/bin/../lib/gcc/arm-none-eabi/4.9.3/../../../../arm-none-eabi/lib/armv7-m\libg_nano.a(lib_a-nano-callocr.o)
                0x00003674                _calloc_r
 .text._malloc_r
                0x00003690       0xac c:/program files (x86)/cypress/psoc creator/3.3/psoc creator/import/gnu/arm/4.9.3/bin/../lib/gcc/arm-none-eabi/4.9.3/../../../../arm-none-eabi/lib/armv7-m\libg_nano.a(lib_a-nano-mallocr.o)
                0x00003690                _malloc_r
 .text._sbrk_r  0x0000373c       0x20 c:/program files (x86)/cypress/psoc creator/3.3/psoc creator/import/gnu/arm/4.9.3/bin/../lib/gcc/arm-none-eabi/4.9.3/../../../../arm-none-eabi/lib/armv7-m\libg_nano.a(lib_a-sbrkr.o)
                0x0000373c                _sbrk_r
 .text          0x0000375c      0x424 c:/program files (x86)/cypress/psoc creator/3.3/psoc creator/import/gnu/arm/4.9.3/bin/../lib/gcc/arm-none-eabi/4.9.3/armv7-m\libgcc.a(_arm_muldivdf3.o)
                0x0000375c                __aeabi_dmul
                0x0000375c                __muldf3
                0x000039b0                __divdf3
                0x000039b0                __aeabi_ddiv
 .text          0x00003b80       0x50 c:/program files (x86)/cypress/psoc creator/3.3/psoc creator/import/gnu/arm/4.9.3/bin/../lib/gcc/arm-none-eabi/4.9.3/armv7-m\libgcc.a(_arm_fixdfsi.o)
                0x00003b80                __aeabi_d2iz
                0x00003b80                __fixdfsi
 *(.plt)
 *(.gnu.warning)
 *(.glue_7t)
 .glue_7t       0x00000000        0x0 linker stubs
 *(.glue_7)
 .glue_7        0x00000000        0x0 linker stubs
 *(.vfp11_veneer)
 .vfp11_veneer  0x00000000        0x0 linker stubs
 *(.bootloader)
 *(.ARM.extab* .gnu.linkonce.armextab.*)
 *(.gcc_except_table)

.v4_bx          0x00003bd0        0x0
 .v4_bx         0x00000000        0x0 linker stubs

.iplt           0x00003bd0        0x0
 .iplt          0x00000000        0x0 c:/program files (x86)/cypress/psoc creator/3.3/psoc creator/import/gnu/arm/4.9.3/bin/../lib/gcc/arm-none-eabi/4.9.3/armv7-m/crtbegin.o

.eh_frame_hdr
 *(.eh_frame_hdr)

.eh_frame       0x00003bd0        0x4
 *(.eh_frame)
 .eh_frame      0x00003bd0        0x0 c:/program files (x86)/cypress/psoc creator/3.3/psoc creator/import/gnu/arm/4.9.3/bin/../lib/gcc/arm-none-eabi/4.9.3/armv7-m/crtbegin.o
 .eh_frame      0x00003bd0        0x0 c:/program files (x86)/cypress/psoc creator/3.3/psoc creator/import/gnu/arm/4.9.3/bin/../lib/gcc/arm-none-eabi/4.9.3/../../../../arm-none-eabi/lib/armv7-m\libg_nano.a(lib_a-strcmp.o)
                                 0x28 (size before relaxing)
 .eh_frame      0x00003bd0        0x4 c:/program files (x86)/cypress/psoc creator/3.3/psoc creator/import/gnu/arm/4.9.3/bin/../lib/gcc/arm-none-eabi/4.9.3/armv7-m/crtend.o
                0x00003bd4                PROVIDE (__exidx_start, .)

.ARM.exidx
 *(.ARM.exidx* .gnu.linkonce.armexidx.*)
                0x00003bd4                __exidx_end = .

.rodata         0x00003bd8      0x198
 *(.rodata .rodata.* .gnu.linkonce.r.*)
 .rodata        0x00003bd8       0x3c .\CortexM3\ARM_GCC_493\Debug\DVDAC_Example01.a(cyfitter_cfg.o)
                0x00003bd8                ADC_DelSig_AMux__addrTable
                0x00003be0                ADC_DelSig_AMux__maskTable
 .rodata.str1.1
                0x00003c14        0x2 c:/program files (x86)/cypress/psoc creator/3.3/psoc creator/import/gnu/arm/4.9.3/bin/../lib/gcc/arm-none-eabi/4.9.3/../../../../arm-none-eabi/lib/armv7-m\libg_nano.a(lib_a-impure.o)
 .rodata.str1.1
                0x00003c16       0x12 c:/program files (x86)/cypress/psoc creator/3.3/psoc creator/import/gnu/arm/4.9.3/bin/../lib/gcc/arm-none-eabi/4.9.3/../../../../arm-none-eabi/lib/armv7-m\libg_nano.a(lib_a-nano-vfprintf_float.o)
 .rodata.str1.1
                0x00003c28        0xd c:/program files (x86)/cypress/psoc creator/3.3/psoc creator/import/gnu/arm/4.9.3/bin/../lib/gcc/arm-none-eabi/4.9.3/../../../../arm-none-eabi/lib/armv7-m\libg_nano.a(lib_a-dtoa.o)
                                  0xf (size before relaxing)
 .rodata.str1.1
                0x00003c35        0x8 c:/program files (x86)/cypress/psoc creator/3.3/psoc creator/import/gnu/arm/4.9.3/bin/../lib/gcc/arm-none-eabi/4.9.3/../../../../arm-none-eabi/lib/armv7-m\libg_nano.a(lib_a-locale.o)
                                  0xb (size before relaxing)
 *fill*         0x00003c3d        0x3 
 .rodata.__mprec_tens
                0x00003c40       0xc8 c:/program files (x86)/cypress/psoc creator/3.3/psoc creator/import/gnu/arm/4.9.3/bin/../lib/gcc/arm-none-eabi/4.9.3/../../../../arm-none-eabi/lib/armv7-m\libg_nano.a(lib_a-mprec.o)
                0x00003c40                __mprec_tens
 .rodata.__mprec_bigtens
                0x00003d08       0x28 c:/program files (x86)/cypress/psoc creator/3.3/psoc creator/import/gnu/arm/4.9.3/bin/../lib/gcc/arm-none-eabi/4.9.3/../../../../arm-none-eabi/lib/armv7-m\libg_nano.a(lib_a-mprec.o)
                0x00003d08                __mprec_bigtens
 .rodata.p05.5308
                0x00003d30        0xc c:/program files (x86)/cypress/psoc creator/3.3/psoc creator/import/gnu/arm/4.9.3/bin/../lib/gcc/arm-none-eabi/4.9.3/../../../../arm-none-eabi/lib/armv7-m\libg_nano.a(lib_a-mprec.o)
                0x00003d3c                . = ALIGN (0x4)
 *(.init)
 .init          0x00003d3c        0x4 c:/program files (x86)/cypress/psoc creator/3.3/psoc creator/import/gnu/arm/4.9.3/bin/../lib/gcc/arm-none-eabi/4.9.3/armv7-m/crti.o
                0x00003d3c                _init
 .init          0x00003d40        0x8 c:/program files (x86)/cypress/psoc creator/3.3/psoc creator/import/gnu/arm/4.9.3/bin/../lib/gcc/arm-none-eabi/4.9.3/armv7-m/crtn.o
                0x00003d48                . = ALIGN (0x4)
                0x00003d48                __preinit_array_start = .
 *(.preinit_array)
                0x00003d48                __preinit_array_end = .
                0x00003d48                . = ALIGN (0x4)
                0x00003d48                __init_array_start = .
 *(SORT(.init_array.*))
 *(.init_array)
 .init_array    0x00003d48        0x4 c:/program files (x86)/cypress/psoc creator/3.3/psoc creator/import/gnu/arm/4.9.3/bin/../lib/gcc/arm-none-eabi/4.9.3/armv7-m/crtbegin.o
 .init_array    0x00003d4c        0x4 .\CortexM3\ARM_GCC_493\Debug\Cm3Start.o
                0x00003d50                __init_array_end = .
                0x00003d50                . = ALIGN (0x4)
 *(.fini)
 .fini          0x00003d50        0x4 c:/program files (x86)/cypress/psoc creator/3.3/psoc creator/import/gnu/arm/4.9.3/bin/../lib/gcc/arm-none-eabi/4.9.3/armv7-m/crti.o
                0x00003d50                _fini
 .fini          0x00003d54        0x8 c:/program files (x86)/cypress/psoc creator/3.3/psoc creator/import/gnu/arm/4.9.3/bin/../lib/gcc/arm-none-eabi/4.9.3/armv7-m/crtn.o
                0x00003d5c                . = ALIGN (0x4)
                0x00003d5c                __fini_array_start = .
 *(.fini_array)
 .fini_array    0x00003d5c        0x4 c:/program files (x86)/cypress/psoc creator/3.3/psoc creator/import/gnu/arm/4.9.3/bin/../lib/gcc/arm-none-eabi/4.9.3/armv7-m/crtbegin.o
 *(SORT(.fini_array.*))
                0x00003d60                __fini_array_end = .
                0x00003d60                . = ALIGN (0x4)
 *crtbegin.o(.ctors)
 *(EXCLUDE_FILE(*crtend.o) .ctors)
 *(SORT(.ctors.*))
 *crtend.o(.ctors)
                0x00003d60                . = ALIGN (0x4)
 *crtbegin.o(.dtors)
 *(EXCLUDE_FILE(*crtend.o) .dtors)
 *(SORT(.dtors.*))
 *crtend.o(.dtors)
                0x00003d60                . = ALIGN (0x4)
                0x00003d60                __cy_regions = .
                0x00003d60        0x4 LONG 0x3d70 __cy_region_init_ram
                0x00003d64        0x4 LONG 0x1fff8108 __cy_region_start_data
                0x00003d68        0x4 LONG 0x360 __cy_region_init_size_ram
                0x00003d6c        0x4 LONG 0x48 __cy_region_zero_size_ram
                0x00003d70                __cy_regions_end = .
                0x00003d70                . = ALIGN (0x8)
                0x00003d70                _etext = .

.cy_checksum_exclude
                0x00003d70        0x0
 *(.cy_checksum_exclude)

.ramvectors     0x1fff8000      0x100
                0x1fff8000                __cy_region_start_ram = .
 *(.ramvectors)
 .ramvectors    0x1fff8000      0x100 .\CortexM3\ARM_GCC_493\Debug\Cm3Start.o
                0x1fff8000                CyRamVectors

.noinit         0x1fff8100        0x5
 *(.noinit)
 .noinit        0x1fff8100        0x4 .\CortexM3\ARM_GCC_493\Debug\Cm3Start.o
 .noinit        0x1fff8104        0x1 .\CortexM3\ARM_GCC_493\Debug\DVDAC_Example01.a(CyLib.o)
                0x1fff8104                CyResetStatus

.data           0x1fff8108      0x360 load address 0x00003d70
                0x1fff8108                __cy_region_start_data = .
 *(.jcr)
 .jcr           0x1fff8108        0x0 c:/program files (x86)/cypress/psoc creator/3.3/psoc creator/import/gnu/arm/4.9.3/bin/../lib/gcc/arm-none-eabi/4.9.3/armv7-m/crtbegin.o
 .jcr           0x1fff8108        0x4 c:/program files (x86)/cypress/psoc creator/3.3/psoc creator/import/gnu/arm/4.9.3/bin/../lib/gcc/arm-none-eabi/4.9.3/armv7-m/crtend.o
 *(.got.plt)
 *(.got)
 *(.shdata)
 *(.data .data.* .gnu.linkonce.d.*)
 .data          0x1fff810c      0x2a4 .\CortexM3\ARM_GCC_493\Debug\wav_tables.o
                0x1fff810c                c4_sustain
                0x1fff83ac                c4_num_vals
 .data          0x1fff83b0        0x4 .\CortexM3\ARM_GCC_493\Debug\Cm3Start.o
 .data          0x1fff83b4        0x1 .\CortexM3\ARM_GCC_493\Debug\DVDAC_Example01.a(ADC_DelSig.o)
                0x1fff83b4                ADC_DelSig_Config
 .data          0x1fff83b5        0x1 .\CortexM3\ARM_GCC_493\Debug\DVDAC_Example01.a(ADC_DelSig_AMux.o)
 *fill*         0x1fff83b6        0x2 
 .data          0x1fff83b8       0x10 .\CortexM3\ARM_GCC_493\Debug\DVDAC_Example01.a(CyLib.o)
                0x1fff83b8                cydelay_freq_hz
                0x1fff83bc                cydelay_freq_khz
                0x1fff83c0                cydelay_freq_mhz
                0x1fff83c4                cydelay_32k_ms
 .data.impure_data
                0x1fff83c8       0x60 c:/program files (x86)/cypress/psoc creator/3.3/psoc creator/import/gnu/arm/4.9.3/bin/../lib/gcc/arm-none-eabi/4.9.3/../../../../arm-none-eabi/lib/armv7-m\libg_nano.a(lib_a-impure.o)
 .data._impure_ptr
                0x1fff8428        0x4 c:/program files (x86)/cypress/psoc creator/3.3/psoc creator/import/gnu/arm/4.9.3/bin/../lib/gcc/arm-none-eabi/4.9.3/../../../../arm-none-eabi/lib/armv7-m\libg_nano.a(lib_a-impure.o)
                0x1fff8428                _impure_ptr
 .data.lconv    0x1fff842c       0x38 c:/program files (x86)/cypress/psoc creator/3.3/psoc creator/import/gnu/arm/4.9.3/bin/../lib/gcc/arm-none-eabi/4.9.3/../../../../arm-none-eabi/lib/armv7-m\libg_nano.a(lib_a-locale.o)
                0x1fff8468                . = ALIGN (0x8)
 *fill*         0x1fff8464        0x4 
 *(.ram)
                0x1fff8468                _edata = .

.igot.plt       0x1fff8468        0x0 load address 0x000040d0
 .igot.plt      0x00000000        0x0 c:/program files (x86)/cypress/psoc creator/3.3/psoc creator/import/gnu/arm/4.9.3/bin/../lib/gcc/arm-none-eabi/4.9.3/armv7-m/crtbegin.o

.bss            0x1fff8468       0x48 load address 0x000040d0
                0x1fff8468                PROVIDE (__bss_start__, .)
 *(.shbss)
 *(.bss .bss.* .gnu.linkonce.b.*)
 .bss           0x1fff8468       0x1c c:/program files (x86)/cypress/psoc creator/3.3/psoc creator/import/gnu/arm/4.9.3/bin/../lib/gcc/arm-none-eabi/4.9.3/armv7-m/crtbegin.o
 .bss           0x1fff8484        0x2 .\CortexM3\ARM_GCC_493\Debug\DVDAC_Example01.a(LCD.o)
                0x1fff8484                LCD_enableState
                0x1fff8485                LCD_initVar
 *fill*         0x1fff8486        0x2 
 .bss           0x1fff8488        0x8 .\CortexM3\ARM_GCC_493\Debug\DVDAC_Example01.a(ADC_DelSig.o)
                0x1fff8488                ADC_DelSig_convDone
                0x1fff8489                ADC_DelSig_stopConversion
                0x1fff848a                ADC_DelSig_initVar
                0x1fff848b                ADC_DelSig_started
 .bss           0x1fff8490        0x1 .\CortexM3\ARM_GCC_493\Debug\DVDAC_Example01.a(VDAC8_1.o)
                0x1fff8490                VDAC8_1_initVar
 .bss           0x1fff8491        0x1 .\CortexM3\ARM_GCC_493\Debug\DVDAC_Example01.a(Timer_1.o)
                0x1fff8491                Timer_1_initVar
 *fill*         0x1fff8492        0x2 
 .bss           0x1fff8494        0x8 .\CortexM3\ARM_GCC_493\Debug\DVDAC_Example01.a(audio_isr.o)
                0x1fff8494                high
                0x1fff8498                c4_table_idx
 .bss.__malloc_sbrk_start
                0x1fff849c        0x4 c:/program files (x86)/cypress/psoc creator/3.3/psoc creator/import/gnu/arm/4.9.3/bin/../lib/gcc/arm-none-eabi/4.9.3/../../../../arm-none-eabi/lib/armv7-m\libg_nano.a(lib_a-nano-mallocr.o)
                0x1fff849c                __malloc_sbrk_start
 .bss.__malloc_free_list
                0x1fff84a0        0x4 c:/program files (x86)/cypress/psoc creator/3.3/psoc creator/import/gnu/arm/4.9.3/bin/../lib/gcc/arm-none-eabi/4.9.3/../../../../arm-none-eabi/lib/armv7-m\libg_nano.a(lib_a-nano-mallocr.o)
                0x1fff84a0                __malloc_free_list
 *(COMMON)
 COMMON         0x1fff84a4        0x8 .\CortexM3\ARM_GCC_493\Debug\DVDAC_Example01.a(ADC_DelSig.o)
                0x1fff84a4                ADC_DelSig_CountsPerVolt
                0x1fff84a8                ADC_DelSig_Offset
 COMMON         0x1fff84ac        0x4 c:/program files (x86)/cypress/psoc creator/3.3/psoc creator/import/gnu/arm/4.9.3/bin/../lib/gcc/arm-none-eabi/4.9.3/../../../../arm-none-eabi/lib/armv7-m\libg_nano.a(lib_a-reent.o)
                0x1fff84ac                errno
                0x1fff84b0                . = ALIGN (0x8)
 *(.ram.b)
                0x1fff84b0                _end = .
                0x1fff84b0                __end = .
                0x1fff84b0                PROVIDE (end, .)
                0x1fff84b0                PROVIDE (__bss_end__, .)
                0x00003d70                __cy_region_init_ram = LOADADDR (.data)
                0x00000360                __cy_region_init_size_ram = (_edata - ADDR (.data))
                0x00000048                __cy_region_zero_size_ram = (_end - _edata)

.heap           0x1fff84b0      0x160 load address 0x000040d0
                0x1fff84b0                . = _end
                0x1fff8610                . = (. + 0x160)
 *fill*         0x1fff84b0      0x160 
                0x1fff8610                __cy_heap_limit = .

.stack          0x20007800      0x800
                0x20007800                __cy_stack_limit = .
                0x20008000                . = (. + 0x800)
 *fill*         0x20007800      0x800 
                0x00000001                ASSERT ((__cy_stack_limit >= __cy_heap_limit), region RAM overflowed with stack)
                0x00000000                cy_checksum_exclude_size = (CY_APPL_LOADABLE == 0x1)?SIZEOF (.cy_checksum_exclude):0x0
                0x00000001                ASSERT ((cy_checksum_exclude_size <= CY_CHECKSUM_EXCLUDE_SIZE), CY_BOOT: Section .cy_checksum_exclude size exceedes specified limit.)

.cyloadermeta
 *(.cyloadermeta)

.cyloadablemeta
 *(.cyloadablemeta)

.cyconfigecc    0x80000000      0x158
 *(.cyconfigecc)
 .cyconfigecc   0x80000000      0x158 .\CortexM3\ARM_GCC_493\Debug\cymetadata.o
                0x80000000                cy_meta_configecc

.cycustnvl      0x90000000        0x4
 *(.cycustnvl)
 .cycustnvl     0x90000000        0x4 .\CortexM3\ARM_GCC_493\Debug\cymetadata.o
                0x90000000                cy_meta_custnvl

.cywolatch      0x90100000        0x4
 *(.cywolatch)
 .cywolatch     0x90100000        0x4 .\CortexM3\ARM_GCC_493\Debug\cymetadata.o
                0x90100000                cy_meta_wonvl

.cyeeprom       0x90200000        0x0
 *(.cyeeprom)
                0x00000001                ASSERT ((. <= ((0x90200000 + ee_offset) + ee_size)), .cyeeprom data will not fit in EEPROM)

.cyflashprotect
                0x90400000      0x100
 *(.cyflashprotect)
 .cyflashprotect
                0x90400000      0x100 .\CortexM3\ARM_GCC_493\Debug\cymetadata.o
                0x90400000                cy_meta_flashprotect

.cymeta         0x90500000        0xc
 *(.cymeta)
 .cymeta        0x90500000        0xc .\CortexM3\ARM_GCC_493\Debug\cymetadata.o
                0x90500000                cy_metadata

.rel.dyn        0x000040d0        0x0 load address 0x9050000c
 .rel.iplt      0x00000000        0x0 c:/program files (x86)/cypress/psoc creator/3.3/psoc creator/import/gnu/arm/4.9.3/bin/../lib/gcc/arm-none-eabi/4.9.3/armv7-m/crtbegin.o

.stab
 *(.stab)

.stabstr
 *(.stabstr)

.debug
 *(.debug)

.line
 *(.line)

.debug_srcinfo
 *(.debug_srcinfo)

.debug_sfnames
 *(.debug_sfnames)

.debug_aranges  0x00000000      0x9d0
 *(.debug_aranges)
 .debug_aranges
                0x00000000       0x28 .\CortexM3\ARM_GCC_493\Debug\main.o
 .debug_aranges
                0x00000028       0x18 .\CortexM3\ARM_GCC_493\Debug\wav_tables.o
 .debug_aranges
                0x00000040       0x18 .\CortexM3\ARM_GCC_493\Debug\cymetadata.o
 .debug_aranges
                0x00000058       0x48 .\CortexM3\ARM_GCC_493\Debug\Cm3Start.o
 .debug_aranges
                0x000000a0       0x70 .\CortexM3\ARM_GCC_493\Debug\DVDAC_Example01.a(cyfitter_cfg.o)
 .debug_aranges
                0x00000110       0x98 .\CortexM3\ARM_GCC_493\Debug\DVDAC_Example01.a(LCD.o)
 .debug_aranges
                0x000001a8       0xe8 .\CortexM3\ARM_GCC_493\Debug\DVDAC_Example01.a(ADC_DelSig.o)
 .debug_aranges
                0x00000290       0x38 .\CortexM3\ARM_GCC_493\Debug\DVDAC_Example01.a(ADC_DelSig_INT.o)
 .debug_aranges
                0x000002c8       0x58 .\CortexM3\ARM_GCC_493\Debug\DVDAC_Example01.a(VDAC8_1.o)
 .debug_aranges
                0x00000320       0x30 .\CortexM3\ARM_GCC_493\Debug\DVDAC_Example01.a(ADC_DelSig_AMux.o)
 .debug_aranges
                0x00000350       0x70 .\CortexM3\ARM_GCC_493\Debug\DVDAC_Example01.a(ADC_DelSig_Ext_CP_Clk.o)
 .debug_aranges
                0x000003c0       0x80 .\CortexM3\ARM_GCC_493\Debug\DVDAC_Example01.a(ADC_DelSig_theACLK.o)
 .debug_aranges
                0x00000440       0x20 .\CortexM3\ARM_GCC_493\Debug\DVDAC_Example01.a(CyBootAsmGnu.o)
 .debug_aranges
                0x00000460      0x298 .\CortexM3\ARM_GCC_493\Debug\DVDAC_Example01.a(CyLib.o)
 .debug_aranges
                0x000006f8       0x98 .\CortexM3\ARM_GCC_493\Debug\DVDAC_Example01.a(cyPm.o)
 .debug_aranges
                0x00000790       0x90 .\CortexM3\ARM_GCC_493\Debug\DVDAC_Example01.a(Timer_1.o)
 .debug_aranges
                0x00000820       0x80 .\CortexM3\ARM_GCC_493\Debug\DVDAC_Example01.a(audio_isr.o)
 .debug_aranges
                0x000008a0       0x38 .\CortexM3\ARM_GCC_493\Debug\DVDAC_Example01.a(TIMER_1_ISR_PIN.o)
 .debug_aranges
                0x000008d8       0x80 .\CortexM3\ARM_GCC_493\Debug\DVDAC_Example01.a(CyFlash.o)
 .debug_aranges
                0x00000958       0x78 .\CortexM3\ARM_GCC_493\Debug\DVDAC_Example01.a(CySpc.o)

.debug_pubnames
 *(.debug_pubnames)

.debug_info     0x00000000     0x3f58
 *(.debug_info .gnu.linkonce.wi.*)
 .debug_info    0x00000000      0x141 .\CortexM3\ARM_GCC_493\Debug\main.o
 .debug_info    0x00000141       0x5e .\CortexM3\ARM_GCC_493\Debug\wav_tables.o
 .debug_info    0x0000019f      0x13b .\CortexM3\ARM_GCC_493\Debug\cymetadata.o
 .debug_info    0x000002da      0x313 .\CortexM3\ARM_GCC_493\Debug\Cm3Start.o
 .debug_info    0x000005ed      0x437 .\CortexM3\ARM_GCC_493\Debug\DVDAC_Example01.a(cyfitter_cfg.o)
 .debug_info    0x00000a24      0x3c8 .\CortexM3\ARM_GCC_493\Debug\DVDAC_Example01.a(LCD.o)
 .debug_info    0x00000dec      0x725 .\CortexM3\ARM_GCC_493\Debug\DVDAC_Example01.a(ADC_DelSig.o)
 .debug_info    0x00001511       0xcc .\CortexM3\ARM_GCC_493\Debug\DVDAC_Example01.a(ADC_DelSig_INT.o)
 .debug_info    0x000015dd      0x185 .\CortexM3\ARM_GCC_493\Debug\DVDAC_Example01.a(VDAC8_1.o)
 .debug_info    0x00001762      0x10a .\CortexM3\ARM_GCC_493\Debug\DVDAC_Example01.a(ADC_DelSig_AMux.o)
 .debug_info    0x0000186c      0x25d .\CortexM3\ARM_GCC_493\Debug\DVDAC_Example01.a(ADC_DelSig_Ext_CP_Clk.o)
 .debug_info    0x00001ac9      0x299 .\CortexM3\ARM_GCC_493\Debug\DVDAC_Example01.a(ADC_DelSig_theACLK.o)
 .debug_info    0x00001d62       0x9d .\CortexM3\ARM_GCC_493\Debug\DVDAC_Example01.a(CyBootAsmGnu.o)
 .debug_info    0x00001dff      0xe34 .\CortexM3\ARM_GCC_493\Debug\DVDAC_Example01.a(CyLib.o)
 .debug_info    0x00002c33      0x561 .\CortexM3\ARM_GCC_493\Debug\DVDAC_Example01.a(cyPm.o)
 .debug_info    0x00003194      0x254 .\CortexM3\ARM_GCC_493\Debug\DVDAC_Example01.a(Timer_1.o)
 .debug_info    0x000033e8      0x295 .\CortexM3\ARM_GCC_493\Debug\DVDAC_Example01.a(audio_isr.o)
 .debug_info    0x0000367d      0x11e .\CortexM3\ARM_GCC_493\Debug\DVDAC_Example01.a(TIMER_1_ISR_PIN.o)
 .debug_info    0x0000379b      0x36a .\CortexM3\ARM_GCC_493\Debug\DVDAC_Example01.a(CyFlash.o)
 .debug_info    0x00003b05      0x453 .\CortexM3\ARM_GCC_493\Debug\DVDAC_Example01.a(CySpc.o)

.debug_abbrev   0x00000000     0x14d5
 *(.debug_abbrev)
 .debug_abbrev  0x00000000       0xc0 .\CortexM3\ARM_GCC_493\Debug\main.o
 .debug_abbrev  0x000000c0       0x49 .\CortexM3\ARM_GCC_493\Debug\wav_tables.o
 .debug_abbrev  0x00000109       0x66 .\CortexM3\ARM_GCC_493\Debug\cymetadata.o
 .debug_abbrev  0x0000016f      0x1a7 .\CortexM3\ARM_GCC_493\Debug\Cm3Start.o
 .debug_abbrev  0x00000316      0x1b0 .\CortexM3\ARM_GCC_493\Debug\DVDAC_Example01.a(cyfitter_cfg.o)
 .debug_abbrev  0x000004c6      0x120 .\CortexM3\ARM_GCC_493\Debug\DVDAC_Example01.a(LCD.o)
 .debug_abbrev  0x000005e6      0x19d .\CortexM3\ARM_GCC_493\Debug\DVDAC_Example01.a(ADC_DelSig.o)
 .debug_abbrev  0x00000783       0x42 .\CortexM3\ARM_GCC_493\Debug\DVDAC_Example01.a(ADC_DelSig_INT.o)
 .debug_abbrev  0x000007c5       0xeb .\CortexM3\ARM_GCC_493\Debug\DVDAC_Example01.a(VDAC8_1.o)
 .debug_abbrev  0x000008b0       0x6f .\CortexM3\ARM_GCC_493\Debug\DVDAC_Example01.a(ADC_DelSig_AMux.o)
 .debug_abbrev  0x0000091f      0x11d .\CortexM3\ARM_GCC_493\Debug\DVDAC_Example01.a(ADC_DelSig_Ext_CP_Clk.o)
 .debug_abbrev  0x00000a3c      0x11d .\CortexM3\ARM_GCC_493\Debug\DVDAC_Example01.a(ADC_DelSig_theACLK.o)
 .debug_abbrev  0x00000b59       0x14 .\CortexM3\ARM_GCC_493\Debug\DVDAC_Example01.a(CyBootAsmGnu.o)
 .debug_abbrev  0x00000b6d      0x217 .\CortexM3\ARM_GCC_493\Debug\DVDAC_Example01.a(CyLib.o)
 .debug_abbrev  0x00000d84      0x161 .\CortexM3\ARM_GCC_493\Debug\DVDAC_Example01.a(cyPm.o)
 .debug_abbrev  0x00000ee5      0x11b .\CortexM3\ARM_GCC_493\Debug\DVDAC_Example01.a(Timer_1.o)
 .debug_abbrev  0x00001000      0x19d .\CortexM3\ARM_GCC_493\Debug\DVDAC_Example01.a(audio_isr.o)
 .debug_abbrev  0x0000119d       0x90 .\CortexM3\ARM_GCC_493\Debug\DVDAC_Example01.a(TIMER_1_ISR_PIN.o)
 .debug_abbrev  0x0000122d      0x13c .\CortexM3\ARM_GCC_493\Debug\DVDAC_Example01.a(CyFlash.o)
 .debug_abbrev  0x00001369      0x16c .\CortexM3\ARM_GCC_493\Debug\DVDAC_Example01.a(CySpc.o)

.debug_line     0x00000000     0x2543
 *(.debug_line)
 .debug_line    0x00000000      0x183 .\CortexM3\ARM_GCC_493\Debug\main.o
 .debug_line    0x00000183       0x2f .\CortexM3\ARM_GCC_493\Debug\wav_tables.o
 .debug_line    0x000001b2       0x53 .\CortexM3\ARM_GCC_493\Debug\cymetadata.o
 .debug_line    0x00000205      0x1d6 .\CortexM3\ARM_GCC_493\Debug\Cm3Start.o
 .debug_line    0x000003db      0x222 .\CortexM3\ARM_GCC_493\Debug\DVDAC_Example01.a(cyfitter_cfg.o)
 .debug_line    0x000005fd      0x1e3 .\CortexM3\ARM_GCC_493\Debug\DVDAC_Example01.a(LCD.o)
 .debug_line    0x000007e0      0x363 .\CortexM3\ARM_GCC_493\Debug\DVDAC_Example01.a(ADC_DelSig.o)
 .debug_line    0x00000b43       0x95 .\CortexM3\ARM_GCC_493\Debug\DVDAC_Example01.a(ADC_DelSig_INT.o)
 .debug_line    0x00000bd8       0xf2 .\CortexM3\ARM_GCC_493\Debug\DVDAC_Example01.a(VDAC8_1.o)
 .debug_line    0x00000cca       0xa6 .\CortexM3\ARM_GCC_493\Debug\DVDAC_Example01.a(ADC_DelSig_AMux.o)
 .debug_line    0x00000d70      0x1c9 .\CortexM3\ARM_GCC_493\Debug\DVDAC_Example01.a(ADC_DelSig_Ext_CP_Clk.o)
 .debug_line    0x00000f39      0x1ea .\CortexM3\ARM_GCC_493\Debug\DVDAC_Example01.a(ADC_DelSig_theACLK.o)
 .debug_line    0x00001123       0x68 .\CortexM3\ARM_GCC_493\Debug\DVDAC_Example01.a(CyBootAsmGnu.o)
 .debug_line    0x0000118b      0x872 .\CortexM3\ARM_GCC_493\Debug\DVDAC_Example01.a(CyLib.o)
 .debug_line    0x000019fd      0x381 .\CortexM3\ARM_GCC_493\Debug\DVDAC_Example01.a(cyPm.o)
 .debug_line    0x00001d7e      0x172 .\CortexM3\ARM_GCC_493\Debug\DVDAC_Example01.a(Timer_1.o)
 .debug_line    0x00001ef0      0x195 .\CortexM3\ARM_GCC_493\Debug\DVDAC_Example01.a(audio_isr.o)
 .debug_line    0x00002085       0xa0 .\CortexM3\ARM_GCC_493\Debug\DVDAC_Example01.a(TIMER_1_ISR_PIN.o)
 .debug_line    0x00002125      0x207 .\CortexM3\ARM_GCC_493\Debug\DVDAC_Example01.a(CyFlash.o)
 .debug_line    0x0000232c      0x217 .\CortexM3\ARM_GCC_493\Debug\DVDAC_Example01.a(CySpc.o)

.debug_frame    0x00000000     0x2ccc
 *(.debug_frame)
 .debug_frame   0x00000000       0x58 .\CortexM3\ARM_GCC_493\Debug\main.o
 .debug_frame   0x00000058       0xd8 .\CortexM3\ARM_GCC_493\Debug\Cm3Start.o
 .debug_frame   0x00000130      0x1bc .\CortexM3\ARM_GCC_493\Debug\DVDAC_Example01.a(cyfitter_cfg.o)
 .debug_frame   0x000002ec      0x260 .\CortexM3\ARM_GCC_493\Debug\DVDAC_Example01.a(LCD.o)
 .debug_frame   0x0000054c      0x40c .\CortexM3\ARM_GCC_493\Debug\DVDAC_Example01.a(ADC_DelSig.o)
 .debug_frame   0x00000958       0xa0 .\CortexM3\ARM_GCC_493\Debug\DVDAC_Example01.a(ADC_DelSig_INT.o)
 .debug_frame   0x000009f8      0x130 .\CortexM3\ARM_GCC_493\Debug\DVDAC_Example01.a(VDAC8_1.o)
 .debug_frame   0x00000b28       0x88 .\CortexM3\ARM_GCC_493\Debug\DVDAC_Example01.a(ADC_DelSig_AMux.o)
 .debug_frame   0x00000bb0      0x1b4 .\CortexM3\ARM_GCC_493\Debug\DVDAC_Example01.a(ADC_DelSig_Ext_CP_Clk.o)
 .debug_frame   0x00000d64      0x200 .\CortexM3\ARM_GCC_493\Debug\DVDAC_Example01.a(ADC_DelSig_theACLK.o)
 .debug_frame   0x00000f64      0xbe8 .\CortexM3\ARM_GCC_493\Debug\DVDAC_Example01.a(CyLib.o)
 .debug_frame   0x00001b4c      0x234 .\CortexM3\ARM_GCC_493\Debug\DVDAC_Example01.a(cyPm.o)
 .debug_frame   0x00001d80      0x230 .\CortexM3\ARM_GCC_493\Debug\DVDAC_Example01.a(Timer_1.o)
 .debug_frame   0x00001fb0      0x1ec .\CortexM3\ARM_GCC_493\Debug\DVDAC_Example01.a(audio_isr.o)
 .debug_frame   0x0000219c       0xa8 .\CortexM3\ARM_GCC_493\Debug\DVDAC_Example01.a(TIMER_1_ISR_PIN.o)
 .debug_frame   0x00002244      0x210 .\CortexM3\ARM_GCC_493\Debug\DVDAC_Example01.a(CyFlash.o)
 .debug_frame   0x00002454      0x1f8 .\CortexM3\ARM_GCC_493\Debug\DVDAC_Example01.a(CySpc.o)
 .debug_frame   0x0000264c       0x20 c:/program files (x86)/cypress/psoc creator/3.3/psoc creator/import/gnu/arm/4.9.3/bin/../lib/gcc/arm-none-eabi/4.9.3/../../../../arm-none-eabi/lib/armv7-m\libg_nano.a(lib_a-errno.o)
 .debug_frame   0x0000266c       0x28 c:/program files (x86)/cypress/psoc creator/3.3/psoc creator/import/gnu/arm/4.9.3/bin/../lib/gcc/arm-none-eabi/4.9.3/../../../../arm-none-eabi/lib/armv7-m\libg_nano.a(lib_a-exit.o)
 .debug_frame   0x00002694       0x2c c:/program files (x86)/cypress/psoc creator/3.3/psoc creator/import/gnu/arm/4.9.3/bin/../lib/gcc/arm-none-eabi/4.9.3/../../../../arm-none-eabi/lib/armv7-m\libg_nano.a(lib_a-init.o)
 .debug_frame   0x000026c0       0x28 c:/program files (x86)/cypress/psoc creator/3.3/psoc creator/import/gnu/arm/4.9.3/bin/../lib/gcc/arm-none-eabi/4.9.3/../../../../arm-none-eabi/lib/armv7-m\libg_nano.a(lib_a-memcpy.o)
 .debug_frame   0x000026e8       0x20 c:/program files (x86)/cypress/psoc creator/3.3/psoc creator/import/gnu/arm/4.9.3/bin/../lib/gcc/arm-none-eabi/4.9.3/../../../../arm-none-eabi/lib/armv7-m\libg_nano.a(lib_a-memset.o)
 .debug_frame   0x00002708       0x8c c:/program files (x86)/cypress/psoc creator/3.3/psoc creator/import/gnu/arm/4.9.3/bin/../lib/gcc/arm-none-eabi/4.9.3/../../../../arm-none-eabi/lib/armv7-m\libg_nano.a(lib_a-nano-vfprintf_float.o)
 .debug_frame   0x00002794       0x58 c:/program files (x86)/cypress/psoc creator/3.3/psoc creator/import/gnu/arm/4.9.3/bin/../lib/gcc/arm-none-eabi/4.9.3/../../../../arm-none-eabi/lib/armv7-m\libg_nano.a(lib_a-nano-vfprintf_i.o)
 .debug_frame   0x000027ec       0x28 c:/program files (x86)/cypress/psoc creator/3.3/psoc creator/import/gnu/arm/4.9.3/bin/../lib/gcc/arm-none-eabi/4.9.3/../../../../arm-none-eabi/lib/armv7-m\libg_nano.a(lib_a-s_fpclassify.o)
 .debug_frame   0x00002814       0x20 c:/program files (x86)/cypress/psoc creator/3.3/psoc creator/import/gnu/arm/4.9.3/bin/../lib/gcc/arm-none-eabi/4.9.3/../../../../arm-none-eabi/lib/armv7-m\libg_nano.a(lib_a-strlen.o)
 .debug_frame   0x00002834       0x6c c:/program files (x86)/cypress/psoc creator/3.3/psoc creator/import/gnu/arm/4.9.3/bin/../lib/gcc/arm-none-eabi/4.9.3/../../../../arm-none-eabi/lib/armv7-m\libg_nano.a(lib_a-dtoa.o)
 .debug_frame   0x000028a0       0x98 c:/program files (x86)/cypress/psoc creator/3.3/psoc creator/import/gnu/arm/4.9.3/bin/../lib/gcc/arm-none-eabi/4.9.3/../../../../arm-none-eabi/lib/armv7-m\libg_nano.a(lib_a-locale.o)
 .debug_frame   0x00002938       0x30 c:/program files (x86)/cypress/psoc creator/3.3/psoc creator/import/gnu/arm/4.9.3/bin/../lib/gcc/arm-none-eabi/4.9.3/../../../../arm-none-eabi/lib/armv7-m\libg_nano.a(lib_a-malloc.o)
 .debug_frame   0x00002968       0x28 c:/program files (x86)/cypress/psoc creator/3.3/psoc creator/import/gnu/arm/4.9.3/bin/../lib/gcc/arm-none-eabi/4.9.3/../../../../arm-none-eabi/lib/armv7-m\libg_nano.a(lib_a-memchr.o)
 .debug_frame   0x00002990      0x230 c:/program files (x86)/cypress/psoc creator/3.3/psoc creator/import/gnu/arm/4.9.3/bin/../lib/gcc/arm-none-eabi/4.9.3/../../../../arm-none-eabi/lib/armv7-m\libg_nano.a(lib_a-mprec.o)
 .debug_frame   0x00002bc0       0x2c c:/program files (x86)/cypress/psoc creator/3.3/psoc creator/import/gnu/arm/4.9.3/bin/../lib/gcc/arm-none-eabi/4.9.3/../../../../arm-none-eabi/lib/armv7-m\libg_nano.a(lib_a-nano-callocr.o)
 .debug_frame   0x00002bec       0x2c c:/program files (x86)/cypress/psoc creator/3.3/psoc creator/import/gnu/arm/4.9.3/bin/../lib/gcc/arm-none-eabi/4.9.3/../../../../arm-none-eabi/lib/armv7-m\libg_nano.a(lib_a-nano-freer.o)
 .debug_frame   0x00002c18       0x2c c:/program files (x86)/cypress/psoc creator/3.3/psoc creator/import/gnu/arm/4.9.3/bin/../lib/gcc/arm-none-eabi/4.9.3/../../../../arm-none-eabi/lib/armv7-m\libg_nano.a(lib_a-nano-mallocr.o)
 .debug_frame   0x00002c44       0x2c c:/program files (x86)/cypress/psoc creator/3.3/psoc creator/import/gnu/arm/4.9.3/bin/../lib/gcc/arm-none-eabi/4.9.3/../../../../arm-none-eabi/lib/armv7-m\libg_nano.a(lib_a-sbrkr.o)
 .debug_frame   0x00002c70       0x5c c:/program files (x86)/cypress/psoc creator/3.3/psoc creator/import/gnu/arm/4.9.3/bin/../lib/gcc/arm-none-eabi/4.9.3/../../../../arm-none-eabi/lib/armv7-m\libg_nano.a(lib_a-reent.o)

.debug_str      0x00000000     0x2155
 *(.debug_str)
 .debug_str     0x00000000      0x199 .\CortexM3\ARM_GCC_493\Debug\main.o
                                0x1da (size before relaxing)
 .debug_str     0x00000199       0x26 .\CortexM3\ARM_GCC_493\Debug\wav_tables.o
                                0x10a (size before relaxing)
 .debug_str     0x000001bf       0x77 .\CortexM3\ARM_GCC_493\Debug\cymetadata.o
                                0x1f7 (size before relaxing)
 .debug_str     0x00000236      0x139 .\CortexM3\ARM_GCC_493\Debug\Cm3Start.o
                                0x2d8 (size before relaxing)
 .debug_str     0x0000036f      0x1bf .\CortexM3\ARM_GCC_493\Debug\DVDAC_Example01.a(cyfitter_cfg.o)
                                0x36c (size before relaxing)
 .debug_str     0x0000052e      0x179 .\CortexM3\ARM_GCC_493\Debug\DVDAC_Example01.a(LCD.o)
                                0x31a (size before relaxing)
 .debug_str     0x000006a7      0x3f1 .\CortexM3\ARM_GCC_493\Debug\DVDAC_Example01.a(ADC_DelSig.o)
                                0x5dc (size before relaxing)
 .debug_str     0x00000a98       0x6a .\CortexM3\ARM_GCC_493\Debug\DVDAC_Example01.a(ADC_DelSig_INT.o)
                                0x1e4 (size before relaxing)
 .debug_str     0x00000b02       0xbe .\CortexM3\ARM_GCC_493\Debug\DVDAC_Example01.a(VDAC8_1.o)
                                0x240 (size before relaxing)
 .debug_str     0x00000bc0       0x94 .\CortexM3\ARM_GCC_493\Debug\DVDAC_Example01.a(ADC_DelSig_AMux.o)
                                0x213 (size before relaxing)
 .debug_str     0x00000c54      0x20a .\CortexM3\ARM_GCC_493\Debug\DVDAC_Example01.a(ADC_DelSig_Ext_CP_Clk.o)
                                0x3a3 (size before relaxing)
 .debug_str     0x00000e5e      0x1ee .\CortexM3\ARM_GCC_493\Debug\DVDAC_Example01.a(ADC_DelSig_theACLK.o)
                                0x3d0 (size before relaxing)
 .debug_str     0x0000104c      0x7cd .\CortexM3\ARM_GCC_493\Debug\DVDAC_Example01.a(CyLib.o)
                                0x9d3 (size before relaxing)
 .debug_str     0x00001819      0x367 .\CortexM3\ARM_GCC_493\Debug\DVDAC_Example01.a(cyPm.o)
                                0x538 (size before relaxing)
 .debug_str     0x00001b80      0x1a1 .\CortexM3\ARM_GCC_493\Debug\DVDAC_Example01.a(Timer_1.o)
                                0x333 (size before relaxing)
 .debug_str     0x00001d21      0x132 .\CortexM3\ARM_GCC_493\Debug\DVDAC_Example01.a(audio_isr.o)
                                0x308 (size before relaxing)
 .debug_str     0x00001e53       0x9a .\CortexM3\ARM_GCC_493\Debug\DVDAC_Example01.a(TIMER_1_ISR_PIN.o)
                                0x221 (size before relaxing)
 .debug_str     0x00001eed      0x147 .\CortexM3\ARM_GCC_493\Debug\DVDAC_Example01.a(CyFlash.o)
                                0x2f7 (size before relaxing)
 .debug_str     0x00002034      0x121 .\CortexM3\ARM_GCC_493\Debug\DVDAC_Example01.a(CySpc.o)
                                0x2f4 (size before relaxing)

.debug_loc
 *(.debug_loc)

.debug_macinfo
 *(.debug_macinfo)

.debug_ranges   0x00000000      0x870
 *(.debug_ranges)
 .debug_ranges  0x00000000       0x18 .\CortexM3\ARM_GCC_493\Debug\main.o
 .debug_ranges  0x00000018       0x38 .\CortexM3\ARM_GCC_493\Debug\Cm3Start.o
 .debug_ranges  0x00000050       0x60 .\CortexM3\ARM_GCC_493\Debug\DVDAC_Example01.a(cyfitter_cfg.o)
 .debug_ranges  0x000000b0       0x88 .\CortexM3\ARM_GCC_493\Debug\DVDAC_Example01.a(LCD.o)
 .debug_ranges  0x00000138       0xd8 .\CortexM3\ARM_GCC_493\Debug\DVDAC_Example01.a(ADC_DelSig.o)
 .debug_ranges  0x00000210       0x28 .\CortexM3\ARM_GCC_493\Debug\DVDAC_Example01.a(ADC_DelSig_INT.o)
 .debug_ranges  0x00000238       0x48 .\CortexM3\ARM_GCC_493\Debug\DVDAC_Example01.a(VDAC8_1.o)
 .debug_ranges  0x00000280       0x20 .\CortexM3\ARM_GCC_493\Debug\DVDAC_Example01.a(ADC_DelSig_AMux.o)
 .debug_ranges  0x000002a0       0x60 .\CortexM3\ARM_GCC_493\Debug\DVDAC_Example01.a(ADC_DelSig_Ext_CP_Clk.o)
 .debug_ranges  0x00000300       0x70 .\CortexM3\ARM_GCC_493\Debug\DVDAC_Example01.a(ADC_DelSig_theACLK.o)
 .debug_ranges  0x00000370      0x288 .\CortexM3\ARM_GCC_493\Debug\DVDAC_Example01.a(CyLib.o)
 .debug_ranges  0x000005f8       0x88 .\CortexM3\ARM_GCC_493\Debug\DVDAC_Example01.a(cyPm.o)
 .debug_ranges  0x00000680       0x80 .\CortexM3\ARM_GCC_493\Debug\DVDAC_Example01.a(Timer_1.o)
 .debug_ranges  0x00000700       0x70 .\CortexM3\ARM_GCC_493\Debug\DVDAC_Example01.a(audio_isr.o)
 .debug_ranges  0x00000770       0x28 .\CortexM3\ARM_GCC_493\Debug\DVDAC_Example01.a(TIMER_1_ISR_PIN.o)
 .debug_ranges  0x00000798       0x70 .\CortexM3\ARM_GCC_493\Debug\DVDAC_Example01.a(CyFlash.o)
 .debug_ranges  0x00000808       0x68 .\CortexM3\ARM_GCC_493\Debug\DVDAC_Example01.a(CySpc.o)

.comment        0x00000000       0x70
 .comment       0x00000000       0x70 .\CortexM3\ARM_GCC_493\Debug\main.o
                                 0x71 (size before relaxing)
 .comment       0x00000000       0x71 .\CortexM3\ARM_GCC_493\Debug\wav_tables.o
 .comment       0x00000000       0x71 .\CortexM3\ARM_GCC_493\Debug\cymetadata.o
 .comment       0x00000000       0x71 .\CortexM3\ARM_GCC_493\Debug\Cm3Start.o
 .comment       0x00000000       0x71 .\CortexM3\ARM_GCC_493\Debug\DVDAC_Example01.a(cyfitter_cfg.o)
 .comment       0x00000000       0x71 .\CortexM3\ARM_GCC_493\Debug\DVDAC_Example01.a(LCD.o)
 .comment       0x00000000       0x71 .\CortexM3\ARM_GCC_493\Debug\DVDAC_Example01.a(ADC_DelSig.o)
 .comment       0x00000000       0x71 .\CortexM3\ARM_GCC_493\Debug\DVDAC_Example01.a(ADC_DelSig_INT.o)
 .comment       0x00000000       0x71 .\CortexM3\ARM_GCC_493\Debug\DVDAC_Example01.a(VDAC8_1.o)
 .comment       0x00000000       0x71 .\CortexM3\ARM_GCC_493\Debug\DVDAC_Example01.a(ADC_DelSig_AMux.o)
 .comment       0x00000000       0x71 .\CortexM3\ARM_GCC_493\Debug\DVDAC_Example01.a(ADC_DelSig_Ext_CP_Clk.o)
 .comment       0x00000000       0x71 .\CortexM3\ARM_GCC_493\Debug\DVDAC_Example01.a(ADC_DelSig_theACLK.o)
 .comment       0x00000000       0x71 .\CortexM3\ARM_GCC_493\Debug\DVDAC_Example01.a(CyLib.o)
 .comment       0x00000000       0x71 .\CortexM3\ARM_GCC_493\Debug\DVDAC_Example01.a(cyPm.o)
 .comment       0x00000000       0x71 .\CortexM3\ARM_GCC_493\Debug\DVDAC_Example01.a(Timer_1.o)
 .comment       0x00000000       0x71 .\CortexM3\ARM_GCC_493\Debug\DVDAC_Example01.a(audio_isr.o)
 .comment       0x00000000       0x71 .\CortexM3\ARM_GCC_493\Debug\DVDAC_Example01.a(TIMER_1_ISR_PIN.o)
 .comment       0x00000000       0x71 .\CortexM3\ARM_GCC_493\Debug\DVDAC_Example01.a(CyFlash.o)
 .comment       0x00000000       0x71 .\CortexM3\ARM_GCC_493\Debug\DVDAC_Example01.a(CySpc.o)

.debug_weaknames
 *(.debug_weaknames)

.debug_funcnames
 *(.debug_funcnames)

.debug_typenames
 *(.debug_typenames)

.debug_varnames
 *(.debug_varnames)

.note.gnu.arm.ident
 *(.note.gnu.arm.ident)

.ARM.attributes
                0x00000000       0x29
 *(.ARM.attributes)
 .ARM.attributes
                0x00000000       0x1d c:/program files (x86)/cypress/psoc creator/3.3/psoc creator/import/gnu/arm/4.9.3/bin/../lib/gcc/arm-none-eabi/4.9.3/armv7-m/crti.o
 .ARM.attributes
                0x0000001d       0x2d c:/program files (x86)/cypress/psoc creator/3.3/psoc creator/import/gnu/arm/4.9.3/bin/../lib/gcc/arm-none-eabi/4.9.3/armv7-m/crtbegin.o
 .ARM.attributes
                0x0000004a       0x1b c:/program files (x86)/cypress/psoc creator/3.3/psoc creator/import/gnu/arm/4.9.3/bin/../lib/gcc/arm-none-eabi/4.9.3/../../../../arm-none-eabi/lib/armv7-m/crt0.o
 .ARM.attributes
                0x00000065       0x33 .\CortexM3\ARM_GCC_493\Debug\main.o
 .ARM.attributes
                0x00000098       0x33 .\CortexM3\ARM_GCC_493\Debug\wav_tables.o
 .ARM.attributes
                0x000000cb       0x33 .\CortexM3\ARM_GCC_493\Debug\cymetadata.o
 .ARM.attributes
                0x000000fe       0x33 .\CortexM3\ARM_GCC_493\Debug\Cm3Start.o
 .ARM.attributes
                0x00000131       0x33 .\CortexM3\ARM_GCC_493\Debug\DVDAC_Example01.a(cyfitter_cfg.o)
 .ARM.attributes
                0x00000164       0x33 .\CortexM3\ARM_GCC_493\Debug\DVDAC_Example01.a(LCD.o)
 .ARM.attributes
                0x00000197       0x33 .\CortexM3\ARM_GCC_493\Debug\DVDAC_Example01.a(ADC_DelSig.o)
 .ARM.attributes
                0x000001ca       0x33 .\CortexM3\ARM_GCC_493\Debug\DVDAC_Example01.a(ADC_DelSig_INT.o)
 .ARM.attributes
                0x000001fd       0x33 .\CortexM3\ARM_GCC_493\Debug\DVDAC_Example01.a(VDAC8_1.o)
 .ARM.attributes
                0x00000230       0x33 .\CortexM3\ARM_GCC_493\Debug\DVDAC_Example01.a(ADC_DelSig_AMux.o)
 .ARM.attributes
                0x00000263       0x33 .\CortexM3\ARM_GCC_493\Debug\DVDAC_Example01.a(ADC_DelSig_Ext_CP_Clk.o)
 .ARM.attributes
                0x00000296       0x33 .\CortexM3\ARM_GCC_493\Debug\DVDAC_Example01.a(ADC_DelSig_theACLK.o)
 .ARM.attributes
                0x000002c9       0x21 .\CortexM3\ARM_GCC_493\Debug\DVDAC_Example01.a(CyBootAsmGnu.o)
 .ARM.attributes
                0x000002ea       0x33 .\CortexM3\ARM_GCC_493\Debug\DVDAC_Example01.a(CyLib.o)
 .ARM.attributes
                0x0000031d       0x33 .\CortexM3\ARM_GCC_493\Debug\DVDAC_Example01.a(cyPm.o)
 .ARM.attributes
                0x00000350       0x33 .\CortexM3\ARM_GCC_493\Debug\DVDAC_Example01.a(Timer_1.o)
 .ARM.attributes
                0x00000383       0x33 .\CortexM3\ARM_GCC_493\Debug\DVDAC_Example01.a(audio_isr.o)
 .ARM.attributes
                0x000003b6       0x33 .\CortexM3\ARM_GCC_493\Debug\DVDAC_Example01.a(TIMER_1_ISR_PIN.o)
 .ARM.attributes
                0x000003e9       0x33 .\CortexM3\ARM_GCC_493\Debug\DVDAC_Example01.a(CyFlash.o)
 .ARM.attributes
                0x0000041c       0x33 .\CortexM3\ARM_GCC_493\Debug\DVDAC_Example01.a(CySpc.o)
 .ARM.attributes
                0x0000044f       0x1d c:/program files (x86)/cypress/psoc creator/3.3/psoc creator/import/gnu/arm/4.9.3/bin/../lib/gcc/arm-none-eabi/4.9.3/armv7-m\libgcc.a(_arm_addsubdf3.o)
 .ARM.attributes
                0x0000046c       0x1d c:/program files (x86)/cypress/psoc creator/3.3/psoc creator/import/gnu/arm/4.9.3/bin/../lib/gcc/arm-none-eabi/4.9.3/armv7-m\libgcc.a(_arm_cmpdf2.o)
 .ARM.attributes
                0x00000489       0x1d c:/program files (x86)/cypress/psoc creator/3.3/psoc creator/import/gnu/arm/4.9.3/bin/../lib/gcc/arm-none-eabi/4.9.3/armv7-m\libgcc.a(_arm_addsubsf3.o)
 .ARM.attributes
                0x000004a6       0x1d c:/program files (x86)/cypress/psoc creator/3.3/psoc creator/import/gnu/arm/4.9.3/bin/../lib/gcc/arm-none-eabi/4.9.3/armv7-m\libgcc.a(_arm_muldivsf3.o)
 .ARM.attributes
                0x000004c3       0x1d c:/program files (x86)/cypress/psoc creator/3.3/psoc creator/import/gnu/arm/4.9.3/bin/../lib/gcc/arm-none-eabi/4.9.3/armv7-m\libgcc.a(_arm_fixunssfsi.o)
 .ARM.attributes
                0x000004e0       0x2d c:/program files (x86)/cypress/psoc creator/3.3/psoc creator/import/gnu/arm/4.9.3/bin/../lib/gcc/arm-none-eabi/4.9.3/../../../../arm-none-eabi/lib/armv7-m\libg_nano.a(lib_a-errno.o)
 .ARM.attributes
                0x0000050d       0x2d c:/program files (x86)/cypress/psoc creator/3.3/psoc creator/import/gnu/arm/4.9.3/bin/../lib/gcc/arm-none-eabi/4.9.3/../../../../arm-none-eabi/lib/armv7-m\libg_nano.a(lib_a-exit.o)
 .ARM.attributes
                0x0000053a       0x2d c:/program files (x86)/cypress/psoc creator/3.3/psoc creator/import/gnu/arm/4.9.3/bin/../lib/gcc/arm-none-eabi/4.9.3/../../../../arm-none-eabi/lib/armv7-m\libg_nano.a(lib_a-impure.o)
 .ARM.attributes
                0x00000567       0x2d c:/program files (x86)/cypress/psoc creator/3.3/psoc creator/import/gnu/arm/4.9.3/bin/../lib/gcc/arm-none-eabi/4.9.3/../../../../arm-none-eabi/lib/armv7-m\libg_nano.a(lib_a-init.o)
 .ARM.attributes
                0x00000594       0x2d c:/program files (x86)/cypress/psoc creator/3.3/psoc creator/import/gnu/arm/4.9.3/bin/../lib/gcc/arm-none-eabi/4.9.3/../../../../arm-none-eabi/lib/armv7-m\libg_nano.a(lib_a-memcpy.o)
 .ARM.attributes
                0x000005c1       0x2d c:/program files (x86)/cypress/psoc creator/3.3/psoc creator/import/gnu/arm/4.9.3/bin/../lib/gcc/arm-none-eabi/4.9.3/../../../../arm-none-eabi/lib/armv7-m\libg_nano.a(lib_a-memset.o)
 .ARM.attributes
                0x000005ee       0x2d c:/program files (x86)/cypress/psoc creator/3.3/psoc creator/import/gnu/arm/4.9.3/bin/../lib/gcc/arm-none-eabi/4.9.3/../../../../arm-none-eabi/lib/armv7-m\libg_nano.a(lib_a-nano-vfprintf_float.o)
 .ARM.attributes
                0x0000061b       0x2d c:/program files (x86)/cypress/psoc creator/3.3/psoc creator/import/gnu/arm/4.9.3/bin/../lib/gcc/arm-none-eabi/4.9.3/../../../../arm-none-eabi/lib/armv7-m\libg_nano.a(lib_a-nano-vfprintf_i.o)
 .ARM.attributes
                0x00000648       0x2d c:/program files (x86)/cypress/psoc creator/3.3/psoc creator/import/gnu/arm/4.9.3/bin/../lib/gcc/arm-none-eabi/4.9.3/../../../../arm-none-eabi/lib/armv7-m\libg_nano.a(lib_a-s_fpclassify.o)
 .ARM.attributes
                0x00000675       0x2d c:/program files (x86)/cypress/psoc creator/3.3/psoc creator/import/gnu/arm/4.9.3/bin/../lib/gcc/arm-none-eabi/4.9.3/../../../../arm-none-eabi/lib/armv7-m\libg_nano.a(lib_a-strlen.o)
 .ARM.attributes
                0x000006a2       0x2d c:/program files (x86)/cypress/psoc creator/3.3/psoc creator/import/gnu/arm/4.9.3/bin/../lib/gcc/arm-none-eabi/4.9.3/../../../../arm-none-eabi/lib/armv7-m\libg_nano.a(lib_a-dtoa.o)
 .ARM.attributes
                0x000006cf       0x2d c:/program files (x86)/cypress/psoc creator/3.3/psoc creator/import/gnu/arm/4.9.3/bin/../lib/gcc/arm-none-eabi/4.9.3/../../../../arm-none-eabi/lib/armv7-m\libg_nano.a(lib_a-locale.o)
 .ARM.attributes
                0x000006fc       0x2d c:/program files (x86)/cypress/psoc creator/3.3/psoc creator/import/gnu/arm/4.9.3/bin/../lib/gcc/arm-none-eabi/4.9.3/../../../../arm-none-eabi/lib/armv7-m\libg_nano.a(lib_a-malloc.o)
 .ARM.attributes
                0x00000729       0x2d c:/program files (x86)/cypress/psoc creator/3.3/psoc creator/import/gnu/arm/4.9.3/bin/../lib/gcc/arm-none-eabi/4.9.3/../../../../arm-none-eabi/lib/armv7-m\libg_nano.a(lib_a-memchr.o)
 .ARM.attributes
                0x00000756       0x2d c:/program files (x86)/cypress/psoc creator/3.3/psoc creator/import/gnu/arm/4.9.3/bin/../lib/gcc/arm-none-eabi/4.9.3/../../../../arm-none-eabi/lib/armv7-m\libg_nano.a(lib_a-mprec.o)
 .ARM.attributes
                0x00000783       0x2d c:/program files (x86)/cypress/psoc creator/3.3/psoc creator/import/gnu/arm/4.9.3/bin/../lib/gcc/arm-none-eabi/4.9.3/../../../../arm-none-eabi/lib/armv7-m\libg_nano.a(lib_a-nano-callocr.o)
 .ARM.attributes
                0x000007b0       0x2d c:/program files (x86)/cypress/psoc creator/3.3/psoc creator/import/gnu/arm/4.9.3/bin/../lib/gcc/arm-none-eabi/4.9.3/../../../../arm-none-eabi/lib/armv7-m\libg_nano.a(lib_a-nano-freer.o)
 .ARM.attributes
                0x000007dd       0x2d c:/program files (x86)/cypress/psoc creator/3.3/psoc creator/import/gnu/arm/4.9.3/bin/../lib/gcc/arm-none-eabi/4.9.3/../../../../arm-none-eabi/lib/armv7-m\libg_nano.a(lib_a-nano-mallocr.o)
 .ARM.attributes
                0x0000080a       0x2d c:/program files (x86)/cypress/psoc creator/3.3/psoc creator/import/gnu/arm/4.9.3/bin/../lib/gcc/arm-none-eabi/4.9.3/../../../../arm-none-eabi/lib/armv7-m\libg_nano.a(lib_a-sbrkr.o)
 .ARM.attributes
                0x00000837       0x1b c:/program files (x86)/cypress/psoc creator/3.3/psoc creator/import/gnu/arm/4.9.3/bin/../lib/gcc/arm-none-eabi/4.9.3/../../../../arm-none-eabi/lib/armv7-m\libg_nano.a(lib_a-strcmp.o)
 .ARM.attributes
                0x00000852       0x2d c:/program files (x86)/cypress/psoc creator/3.3/psoc creator/import/gnu/arm/4.9.3/bin/../lib/gcc/arm-none-eabi/4.9.3/../../../../arm-none-eabi/lib/armv7-m\libg_nano.a(lib_a-reent.o)
 .ARM.attributes
                0x0000087f       0x1d c:/program files (x86)/cypress/psoc creator/3.3/psoc creator/import/gnu/arm/4.9.3/bin/../lib/gcc/arm-none-eabi/4.9.3/armv7-m\libgcc.a(_arm_muldivdf3.o)
 .ARM.attributes
                0x0000089c       0x1d c:/program files (x86)/cypress/psoc creator/3.3/psoc creator/import/gnu/arm/4.9.3/bin/../lib/gcc/arm-none-eabi/4.9.3/armv7-m\libgcc.a(_arm_fixdfsi.o)
 .ARM.attributes
                0x000008b9       0x2d c:/program files (x86)/cypress/psoc creator/3.3/psoc creator/import/gnu/arm/4.9.3/bin/../lib/gcc/arm-none-eabi/4.9.3/armv7-m/crtend.o
 .ARM.attributes
                0x000008e6       0x1d c:/program files (x86)/cypress/psoc creator/3.3/psoc creator/import/gnu/arm/4.9.3/bin/../lib/gcc/arm-none-eabi/4.9.3/armv7-m/crtn.o

/DISCARD/
 *(.note.GNU-stack)
OUTPUT(.\CortexM3\ARM_GCC_493\Debug\DVDAC_Example01.elf elf32-littlearm)
